[  0%] Built target expat-2.0_autogen_timestamp_deps
[  0%] Built target expat-2.0_autogen
[  1%] Built target expat-2.0
[  1%] Built target lua-5.1_autogen_timestamp_deps
[  1%] Built target lua-5.1_autogen
[  8%] Built target lua-5.1
[  8%] Built target freetype-2.0_autogen_timestamp_deps
[  8%] Built target freetype-2.0_autogen
[ 13%] Built target freetype-2.0
[ 13%] Built target warden_autogen_timestamp_deps
[ 13%] Built target warden_autogen
[ 13%] Building CXX object CMakeFiles/warden.dir/Source/Engine/Source/Net/connection/NetClient.cpp.obj
cmake.exe : D:\workcode\game\warden\Source\Engine\Source\Net\connection\NetClient.cpp:3:10: fa
tal error: ../Base/CDataStore.h: No such file or directory
所在位置 行:1 字符: 1
+ & "C:\Program Files\JetBrains\CLion 2026.2.1\bin\cmake\win\x64\bin\cm ...
+ ~~~~~~~~~~~~~~~~~~~~~~~~~~~~~~~~~~~~~~~~~~~~~~~~~~~~~~~~~~~~~~~~~~~~~
    + CategoryInfo          : NotSpecified: (D:\work...le or directory:String) [], RemoteException
    + FullyQualifiedErrorId : NativeCommandError
 
    3 | #include "../Base/CDataStore.h"
      |          ^~~~~~~~~~~~~~~~~~~~~~
compilation terminated.
mingw32-make[3]: *** [CMakeFiles\warden.dir\build.make:2809: CMakeFiles/warden.dir/Source/Engine/Source/Net/connection/
NetClient.cpp.obj] Error 1
[ 13%] Building CXX object CMakeFiles/warden.dir/Source/Engine/Source/Net/connection/RealmConnection.cpp.obj
D:\workcode\game\warden\Source\Engine\Source\Net\connection\RealmConnection.cpp:5:10: fatal er
ror: ../Base/CDataStore.h: No such file or directory
    5 | #include "../Base/CDataStore.h"
      |          ^~~~~~~~~~~~~~~~~~~~~~
compilation terminated.
mingw32-make[3]: *** [CMakeFiles\warden.dir\build.make:2824: CMakeFiles/warden.dir/Source/Engine/Source/Net/connection/
RealmConnection.cpp.obj] Error 1
[ 13%] Building CXX object CMakeFiles/warden.dir/Source/Engine/Source/Net/connection/WowConnection.cpp.obj
D:\workcode\game\warden\Source\Engine\Source\Net\connection\WowConnection.cpp:12:10: fatal err
or: ../Base/CDataStore.h: No such file or directory
   12 | #include "../Base/CDataStore.h"
      |          ^~~~~~~~~~~~~~~~~~~~~~
compilation terminated.
mingw32-make[3]: *** [CMakeFiles\warden.dir\build.make:2839: CMakeFiles/warden.dir/Source/Engine/Source/Net/connection/
WowConnection.cpp.obj] Error 1
[ 13%] Building CXX object CMakeFiles/warden.dir/Source/Engine/Source/Net/grunt/ClientLink.cpp.obj
In file included from D:\workcode\game\warden\Source\Engine\Source\Net\grunt\ClientLink.cpp:1:
D:/workcode/game/warden/Source/Engine/Source/net/grunt/ClientLink.h:9:10: fatal error: .
./Base/CDataStore.h: No such file or directory
    9 | #include "../Base/CDataStore.h"
      |          ^~~~~~~~~~~~~~~~~~~~~~
compilation terminated.
mingw32-make[3]: *** [CMakeFiles\warden.dir\build.make:2884: CMakeFiles/warden.dir/Source/Engine/Source/Net/grunt/Clien
tLink.cpp.obj] Error 1
[ 13%] Building CXX object CMakeFiles/warden.dir/Source/Engine/Source/Net/login/GruntLogin.cpp.obj
In file included from D:\workcode\game\warden\Source\Engine\Source\Net\login\GruntLogin.cpp:2:
D:/workcode/game/warden/Source/Engine/Source/net/grunt/ClientLink.h:9:10: fatal error: .
./Base/CDataStore.h: No such file or directory
    9 | #include "../Base/CDataStore.h"
      |          ^~~~~~~~~~~~~~~~~~~~~~
compilation terminated.
mingw32-make[3]: *** [CMakeFiles\warden.dir\build.make:2929: CMakeFiles/warden.dir/Source/Engine/Source/Net/login/Grunt
Login.cpp.obj] Error 1
[ 15%] Building CXX object CMakeFiles/warden.dir/Source/Engine/Source/Net/login/Login.cpp.obj
D:\workcode\game\warden\Source\Engine\Source\Net\login\Login.cpp:5:10: fatal error: ../B
ase/CDataStore.h: No such file or directory
    5 | #include "../Base/CDataStore.h"
      |          ^~~~~~~~~~~~~~~~~~~~~~
compilation terminated.
mingw32-make[3]: *** [CMakeFiles\warden.dir\build.make:2944: CMakeFiles/warden.dir/Source/Engine/Source/Net/login/Login
.cpp.obj] Error 1
[ 15%] Building CXX object CMakeFiles/warden.dir/Source/Engine/Source/Net/login/LoginResponse.cpp.obj
D:\workcode\game\warden\Source\Engine\Source\Net\login\LoginResponse.cpp:3:10: fatal error: [
m../Base/CDataStore.h: No such file or directory
    3 | #include "../Base/CDataStore.h"
      |          ^~~~~~~~~~~~~~~~~~~~~~
compilation terminated.
mingw32-make[3]: *** [CMakeFiles\warden.dir\build.make:2959: CMakeFiles/warden.dir/Source/Engine/Source/Net/login/Login
Response.cpp.obj] Error 1
[ 15%] Building CXX object CMakeFiles/warden.dir/Source/Engine/Source/Os/Mac/CoreAudio/MIDIPlayer.cpp.obj
[ 15%] Building CXX object CMakeFiles/warden.dir/Source/Engine/Source/Os/Mac/CoreAudio/WAVPlayerCoreAudio.cpp.obj
[ 15%] Building CXX object CMakeFiles/warden.dir/Source/Engine/Source/Os/Mac/EditBoxImpl.cpp.obj
D:\workcode\game\warden\Source\Engine\Source\Os\Mac\EditBoxImpl.cpp:1:10: fatal error: E
ditBoxImpl.h: No such file or directory
    1 | #include "EditBoxImpl.h"
      |          ^~~~~~~~~~~~~~~
compilation terminated.
mingw32-make[3]: *** [CMakeFiles\warden.dir\build.make:3049: CMakeFiles/warden.dir/Source/Engine/Source/Os/Mac/EditBoxI
mpl.cpp.obj] Error 1
[ 15%] Building CXX object CMakeFiles/warden.dir/Source/Engine/Source/Os/Mac/MainApp.cpp.obj
D:\workcode\game\warden\Source\Engine\Source\Os\Mac\MainApp.cpp:1:10: fatal error: MainA
pp.h: No such file or directory
    1 | #include "MainApp.h"
      |          ^~~~~~~~~~~
compilation terminated.
mingw32-make[3]: *** [CMakeFiles\warden.dir\build.make:3064: CMakeFiles/warden.dir/Source/Engine/Source/Os/Mac/MainApp.
cpp.obj] Error 1
[ 17%] Building CXX object CMakeFiles/warden.dir/Source/Engine/Source/Os/Mac/OsBattleNet.cpp.obj
D:\workcode\game\warden\Source\Engine\Source\Os\Mac\OsBattleNet.cpp:1:10: fatal error: O
sBattleNet.h: No such file or directory
    1 | #include "OsBattleNet.h"
      |          ^~~~~~~~~~~~~~~
compilation terminated.
mingw32-make[3]: *** [CMakeFiles\warden.dir\build.make:3079: CMakeFiles/warden.dir/Source/Engine/Source/Os/Mac/OsBattle
Net.cpp.obj] Error 1
[ 17%] Building CXX object CMakeFiles/warden.dir/Source/Engine/Source/Os/Mac/OsClipboard.cpp.obj
D:\workcode\game\warden\Source\Engine\Source\Os\Mac\OsClipboard.cpp:1:10: fatal error: O
sClipboard.h: No such file or directory
    1 | #include "OsClipboard.h"
      |          ^~~~~~~~~~~~~~~
compilation terminated.
mingw32-make[3]: *** [CMakeFiles\warden.dir\build.make:3094: CMakeFiles/warden.dir/Source/Engine/Source/Os/Mac/OsClipbo
ard.cpp.obj] Error 1
[ 17%] Building CXX object CMakeFiles/warden.dir/Source/Engine/Source/Os/Mac/OsGui.cpp.obj
D:\workcode\game\warden\Source\Engine\Source\Os\Mac\OsGui.cpp:1:10: fatal error: OsGui.h
: No such file or directory
    1 | #include "OsGui.h"
      |          ^~~~~~~~~
compilation terminated.
mingw32-make[3]: *** [CMakeFiles\warden.dir\build.make:3109: CMakeFiles/warden.dir/Source/Engine/Source/Os/Mac/OsGui.cp
p.obj] Error 1
[ 17%] Building CXX object CMakeFiles/warden.dir/Source/Engine/Source/Os/Mac/TreeViewImpl.cpp.obj
D:\workcode\game\warden\Source\Engine\Source\Os\Mac\TreeViewImpl.cpp:1:10: fatal error: 
TreeViewImpl.h: No such file or directory
    1 | #include "TreeViewImpl.h"
      |          ^~~~~~~~~~~~~~~~
compilation terminated.
mingw32-make[3]: *** [CMakeFiles\warden.dir\build.make:3124: CMakeFiles/warden.dir/Source/Engine/Source/Os/Mac/TreeView
Impl.cpp.obj] Error 1
[ 17%] Building CXX object CMakeFiles/warden.dir/Source/Engine/Source/Os/W32/OSSystem.cpp.obj
D:\workcode\game\warden\Source\Engine\Source\Os\W32\OSSystem.cpp:1:10: fatal error: OSSy
stem.h: No such file or directory
    1 | #include "OSSystem.h"
      |          ^~~~~~~~~~~~
compilation terminated.
mingw32-make[3]: *** [CMakeFiles\warden.dir\build.make:3139: CMakeFiles/warden.dir/Source/Engine/Source/Os/W32/OSSystem
.cpp.obj] Error 1
[ 17%] Building CXX object CMakeFiles/warden.dir/Source/Engine/Source/Os/W32/OsLock.cpp.obj
D:\workcode\game\warden\Source\Engine\Source\Os\W32\OsLock.cpp:1:10: fatal error: OsLock
.h: No such file or directory
    1 | #include "OsLock.h"
      |          ^~~~~~~~~~
compilation terminated.
mingw32-make[3]: *** [CMakeFiles\warden.dir\build.make:3154: CMakeFiles/warden.dir/Source/Engine/Source/Os/W32/OsLock.c
pp.obj] Error 1
[ 17%] Building CXX object CMakeFiles/warden.dir/Source/Engine/Source/Os/W32/OsTcp.cpp.obj
D:\workcode\game\warden\Source\Engine\Source\Os\W32\OsTcp.cpp:1:10: fatal error: OsTcp.h
: No such file or directory
    1 | #include "OsTcp.h"
      |          ^~~~~~~~~
compilation terminated.
mingw32-make[3]: *** [CMakeFiles\warden.dir\build.make:3169: CMakeFiles/warden.dir/Source/Engine/Source/Os/W32/OsTcp.cp
p.obj] Error 1
[ 17%] Building CXX object CMakeFiles/warden.dir/Source/Engine/Source/Services/Profile.cpp.obj
D:\workcode\game\warden\Source\Engine\Source\Services\Profile.cpp: In member function 'bool Profi
le::Save(const char*)':
D:\workcode\game\warden\Source\Engine\Source\Services\Profile.cpp:19:32: error: variable
 'std::ofstream file' has initializer but incomplete type
   19 |     std::ofstream file(saveFile);
      |                                ^
D:\workcode\game\warden\Source\Engine\Source\Services\Profile.cpp:2:1: note: 'st
d::ofstream' is defined in header '<fstream>'; this is probably fixable by adding '#include
 <fstream>'
    1 | #include "Profile.h"
  +++ |+#include <fstream>
    2 | 
mingw32-make[3]: *** [CMakeFiles\warden.dir\build.make:3274: CMakeFiles/warden.dir/Source/Engine/Source/Services/Profil
e.cpp.obj] Error 1
[ 17%] Building CXX object CMakeFiles/warden.dir/Source/Engine/Source/WardenClient/WardenClient.cpp.obj
D:\workcode\game\warden\Source\Engine\Source\WardenClient\WardenClient.cpp:1:10: fatal error: 
WardenClient.h: No such file or directory
    1 | #include "WardenClient.h"
      |          ^~~~~~~~~~~~~~~~
compilation terminated.
mingw32-make[3]: *** [CMakeFiles\warden.dir\build.make:3679: CMakeFiles/warden.dir/Source/Engine/Source/WardenClient/Wa
rdenClient.cpp.obj] Error 1
[ 17%] Building CXX object CMakeFiles/warden.dir/Source/Game/CDialogButtonEventReg.cpp.obj
In file included from D:\workcode\game\warden\Source\Game\CDialogButtonEventReg.cpp:1:
D:\workcode\game\warden\Source\Game\CDialogButtonEventReg.h:27:10: error: 'vecto
r' in namespace 'std' does not name a template type
   27 |     std::vector<ButtonEvent> m_registrations;
      |          ^~~~~~
D:\workcode\game\warden\Source\Game\CDialogButtonEventReg.h:4:1: note: 'std::vec
tor' is defined in header '<vector>'; this is probably fixable by adding '#include <vector>
'
    3 | #include <cstdint>
  +++ |+#include <vector>
    4 | 
D:\workcode\game\warden\Source\Game\CDialogButtonEventReg.cpp: In member function 'void CDialogBu
ttonEventReg::RegisterButton(int32_t, int32_t)':
D:\workcode\game\warden\Source\Game\CDialogButtonEventReg.cpp:9:5: error: 'm_reg
istrations' was not declared in this scope
    9 |     m_registrations.push_back({buttonId, eventId});
      |     ^~~~~~~~~~~~~~~
D:\workcode\game\warden\Source\Game\CDialogButtonEventReg.cpp: In member function 'void CDialogBu
ttonEventReg::UnregisterButton(int32_t)':
D:\workcode\game\warden\Source\Game\CDialogButtonEventReg.cpp:13:5: error: 'm_re
gistrations' was not declared in this scope
   13 |     m_registrations.erase(
      |     ^~~~~~~~~~~~~~~
D:\workcode\game\warden\Source\Game\CDialogButtonEventReg.cpp:14:14: error: 'rem
ove_if' is not a member of 'std'
   14 |         std::remove_if(m_registrations.begin(), m_registrations.end(),
      |              ^~~~~~~~~
D:\workcode\game\warden\Source\Game\CDialogButtonEventReg.cpp: In member function 'int32_t CDialo
gButtonEventReg::GetEventId(int32_t) const':
D:\workcode\game\warden\Source\Game\CDialogButtonEventReg.cpp:20:28: error: 'm_r
egistrations' was not declared in this scope
   20 |     for (const auto& reg : m_registrations) {
      |                            ^~~~~~~~~~~~~~~
D:\workcode\game\warden\Source\Game\CDialogButtonEventReg.cpp: In member function 'bool CDialogBu
ttonEventReg::IsRegistered(int32_t) const':
D:\workcode\game\warden\Source\Game\CDialogButtonEventReg.cpp:29:28: error: 'm_r
egistrations' was not declared in this scope
   29 |     for (const auto& reg : m_registrations) {
      |                            ^~~~~~~~~~~~~~~
mingw32-make[3]: *** [CMakeFiles\warden.dir\build.make:3694: CMakeFiles/warden.dir/Source/Game/CDialogButtonEventReg.cp
p.obj] Error 1
[ 17%] Building CXX object CMakeFiles/warden.dir/Source/Game/CDialogEventReg.cpp.obj
In file included from D:\workcode\game\warden\Source\Game\CDialogEventReg.cpp:1:
D:\workcode\game\warden\Source\Game\CDialogEventReg.h:27:10: error: 'vector[
K' in namespace 'std' does not name a template type
   27 |     std::vector<DialogEvent> m_registrations;
      |          ^~~~~~
D:\workcode\game\warden\Source\Game\CDialogEventReg.h:4:1: note: 'std::vector
' is defined in header '<vector>'; this is probably fixable by adding '#include <vector>
'
    3 | #include <cstdint>
  +++ |+#include <vector>
    4 | 
D:\workcode\game\warden\Source\Game\CDialogEventReg.cpp: In member function 'void CDialogEventReg
::RegisterDialog(int32_t, int32_t)':
D:\workcode\game\warden\Source\Game\CDialogEventReg.cpp:9:5: error: 'm_registrat
ions' was not declared in this scope
    9 |     m_registrations.push_back({dialogId, eventId});
      |     ^~~~~~~~~~~~~~~
D:\workcode\game\warden\Source\Game\CDialogEventReg.cpp: In member function 'void CDialogEventReg
::UnregisterDialog(int32_t)':
D:\workcode\game\warden\Source\Game\CDialogEventReg.cpp:13:5: error: 'm_registra
tions' was not declared in this scope
   13 |     m_registrations.erase(
      |     ^~~~~~~~~~~~~~~
D:\workcode\game\warden\Source\Game\CDialogEventReg.cpp:14:14: error: 'remove_if
' is not a member of 'std'
   14 |         std::remove_if(m_registrations.begin(), m_registrations.end(),
      |              ^~~~~~~~~
D:\workcode\game\warden\Source\Game\CDialogEventReg.cpp: In member function 'int32_t CDialogEvent
Reg::GetEventId(int32_t) const':
D:\workcode\game\warden\Source\Game\CDialogEventReg.cpp:20:28: error: 'm_registr
ations' was not declared in this scope
   20 |     for (const auto& reg : m_registrations) {
      |                            ^~~~~~~~~~~~~~~
D:\workcode\game\warden\Source\Game\CDialogEventReg.cpp: In member function 'bool CDialogEventReg
::IsRegistered(int32_t) const':
D:\workcode\game\warden\Source\Game\CDialogEventReg.cpp:29:28: error: 'm_registr
ations' was not declared in this scope
   29 |     for (const auto& reg : m_registrations) {
      |                            ^~~~~~~~~~~~~~~
mingw32-make[3]: *** [CMakeFiles\warden.dir\build.make:3709: CMakeFiles/warden.dir/Source/Game/CDialogEventReg.cpp.obj]
 Error 1
[ 17%] Building CXX object CMakeFiles/warden.dir/Source/Game/CPreferencesWar3.cpp.obj
D:\workcode\game\warden\Source\Game\CPreferencesWar3.cpp:1:10: fatal error: CPreferences
War3.h: No such file or directory
    1 | #include "CPreferencesWar3.h"
      |          ^~~~~~~~~~~~~~~~~~~~
compilation terminated.
mingw32-make[3]: *** [CMakeFiles\warden.dir\build.make:3844: CMakeFiles/warden.dir/Source/Game/CPreferencesWar3.cpp.obj
] Error 1
[ 17%] Building CXX object CMakeFiles/warden.dir/Source/Game/CWorld.cpp.obj
D:\workcode\game\warden\Source\Game\CWorld.cpp:5:10: fatal error: Terrain/CTerrain.h: No
 such file or directory
    5 | #include "Terrain/CTerrain.h"
      |          ^~~~~~~~~~~~~~~~~~~~
compilation terminated.
mingw32-make[3]: *** [CMakeFiles\warden.dir\build.make:3904: CMakeFiles/warden.dir/Source/Game/CWorld.cpp.obj] Error 1
[ 17%] Building CXX object CMakeFiles/warden.dir/Source/Game/CampaignProfiles.cpp.obj
D:\workcode\game\warden\Source\Game\CampaignProfiles.cpp: In member function 'void CampaignProfil
es::RemoveProfile(int32_t)':
D:\workcode\game\warden\Source\Game\CampaignProfiles.cpp:30:14: error: 'remove_i
f' is not a member of 'std'; did you mean 'remove_cv'?
   30 |         std::remove_if(m_profiles.begin(), m_profiles.end(),
      |              ^~~~~~~~~
      |              remove_cv
mingw32-make[3]: *** [CMakeFiles\warden.dir\build.make:3919: CMakeFiles/warden.dir/Source/Game/CampaignProfiles.cpp.obj
] Error 1
[ 17%] Building CXX object CMakeFiles/warden.dir/Source/Game/Client.cpp.obj
In file included from D:/workcode/game/warden/Source/StormMac/db/Db.h:7,
                 from D:\workcode\game\warden\Source\Game\Client.cpp:17:
D:/workcode/game/warden/Source/StormMac/db/WowClientDB.h:90:22: warning: multi-character
 character constant [-Wmultichar]
   90 |     if (signature != 'CBDW') {
      |                      ^~~~~~
D:\workcode\game\warden\Source\Game\Client.cpp: In function 'void WowClientInit(
)':
D:\workcode\game\warden\Source\Game\Client.cpp:410:25: error: cannot call member functio
n 'bool CGlueMgr::Initialize()' without object
  410 |     CGlueMgr::Initialize();
      |     ~~~~~~~~~~~~~~~~~~~~^~
D:\workcode\game\warden\Source\Game\Client.cpp:444:15: error: 'SetScreen' 
is not a member of 'CGlueMgr'
  444 |     CGlueMgr::SetScreen("login");
      |               ^~~~~~~~~
mingw32-make[3]: *** [CMakeFiles\warden.dir\build.make:3934: CMakeFiles/warden.dir/Source/Game/Client.cpp.obj] Error 1
[ 17%] Building CXX object CMakeFiles/warden.dir/Source/Game/ClientServices.cpp.obj
D:\workcode\game\warden\Source\Game\ClientServices.cpp: In member function 'virtual void ClientSe
rvices::LoginServerStatus(LOGIN_STATE, LOGIN_RESULT, const char*, const char*, const char*, uint8_t)[
m':
D:\workcode\game\warden\Source\Game\ClientServices.cpp:191:15: error: 'SetLoginS
tateAndResult' is not a member of 'CGlueMgr'
  191 |     CGlueMgr::SetLoginStateAndResult(state, result, addrStr, stateStr, resultStr, flags);
      |               ^~~~~~~~~~~~~~~~~~~~~~
D:\workcode\game\warden\Source\Game\ClientServices.cpp:203:19: error: 'SetCurren
tAccount' is not a member of 'CGlueMgr'
  203 |         CGlueMgr::SetCurrentAccount(loginData.m_account);
      |                   ^~~~~~~~~~~~~~~~~
mingw32-make[3]: *** [CMakeFiles\warden.dir\build.make:3964: CMakeFiles/warden.dir/Source/Game/ClientServices.cpp.obj] 
Error 1
[ 17%] Building CXX object CMakeFiles/warden.dir/Source/Game/Device.cpp.obj
In file included from D:/workcode/game/warden/Source/Engine/Source/Gx/Shader.h:3,
                 from D:/workcode/game/warden/Source/Engine/Source/Gx/CGxDevice.h:9,
                 from D:\workcode\game\warden\Source\Game\Device.cpp:4:
D:/workcode/game/warden/Source/Engine/Source/Gx/shader/CGxShader.h:27:10: error: '
[Kstring' in namespace 'std' does not name a type
   27 |     std::string m_name;
      |          ^~~~~~
D:/workcode/game/warden/Source/Engine/Source/Gx/shader/CGxShader.h:1:1: note: 's
td::string' is defined in header '<string>'; this is probably fixable by adding '#include <
string>'
  +++ |+#include <string>
    1 | #pragma once
In file included from C:/Program Files/JetBrains/CLion 2026.2.1/bin/mingw/x86_64-w64-mingw32/include/stdint.h:3
2,
                 from C:/Program Files/JetBrains/CLion 2026.2.1/bin/mingw/lib/gcc/x86_64-w64-mingw32/15.2.0/inc
lude/stdint.h:11,
                 from C:/Program Files/JetBrains/CLion 2026.2.1/bin/mingw/lib/gcc/x86_64-w64-mingw32/15.2.0/inc
lude/c++/cstdint:47,
                 from D:/workcode/game/warden/Source/Engine/Source/Gx/CGxFormat.h:3,
                 from D:\workcode\game\warden\Source\Game\Device.h:4,
                 from D:\workcode\game\warden\Source\Game\Device.cpp:1:
D:/workcode/game/warden/Source/Engine/Source/Common/TSHashTable.h: In instantiation of 'class TSHashTable<CGxSh
ader, HASHKEY_STRI>':
D:/workcode/game/warden/Source/Engine/Source/Gx/CGxDevice.h:75:71:   required from here
   75 |     TSHashTable<CGxShader, HASHKEY_STRI> m_shaderList[GxShTargets_Last];
      |                                                                       ^
D:/workcode/game/warden/Source/Engine/Source/Common/TSHashTable.h:41:28: error: '[
Kclass CGxShader' has no member named 'm_linktofull'
   41 |     STORM_EXPLICIT_LIST(T, m_linktofull) m_fulllist;
D:/workcode/game/warden/Source/Engine/Source/Common/TSHashTable.h:41:5: note: in expansi
on of macro 'STORM_EXPLICIT_LIST'
   41 |     STORM_EXPLICIT_LIST(T, m_linktofull) m_fulllist;
      |     ^~~~~~~~~~~~~~~~~~~
D:/workcode/game/warden/Source/Engine/Source/Common/TSHashTable.h:49:44: error: '[
Kclass CGxShader' has no member named 'm_linktoslot'
   49 |     TSGrowableArray<STORM_EXPLICIT_LIST(T, m_linktoslot) > m_slotlistarray;
D:/workcode/game/warden/Source/Engine/Source/Common/TSHashTable.h:49:21: note: in expans
ion of macro 'STORM_EXPLICIT_LIST'
   49 |     TSGrowableArray<STORM_EXPLICIT_LIST(T, m_linktoslot) > m_slotlistarray;
      |                     ^~~~~~~~~~~~~~~~~~~
D:/workcode/game/warden/Source/Engine/Source/Common/TSHashTable.h:49:44: error: '[
Kclass CGxShader' has no member named 'm_linktoslot'
   49 |     TSGrowableArray<STORM_EXPLICIT_LIST(T, m_linktoslot) > m_slotlistarray;
D:/workcode/game/warden/Source/Engine/Source/Common/TSHashTable.h:49:21: note: in expans
ion of macro 'STORM_EXPLICIT_LIST'
   49 |     TSGrowableArray<STORM_EXPLICIT_LIST(T, m_linktoslot) > m_slotlistarray;
      |                     ^~~~~~~~~~~~~~~~~~~
mingw32-make[3]: *** [CMakeFiles\warden.dir\build.make:3994: CMakeFiles/warden.dir/Source/Game/Device.cpp.obj] Error 1
[ 17%] Building CXX object CMakeFiles/warden.dir/Source/Game/Handlers.cpp.obj
D:\workcode\game\warden\Source\Game\Handlers.cpp: In function 'int32_t {anonymous}::On
Char(const EVENT_DATA_CHAR*, void*)':
D:\workcode\game\warden\Source\Game\Handlers.cpp:13:33: error: 'const struct EVE
NT_DATA_CHAR' has no member named 'character'
   13 |             ConsoleOnChar(data->character);
      |                                 ^~~~~~~~~
D:\workcode\game\warden\Source\Game\Handlers.cpp:13:13: error: 'ConsoleOnChar
' was not declared in this scope
   13 |             ConsoleOnChar(data->character);
      |             ^~~~~~~~~~~~~
mingw32-make[3]: *** [CMakeFiles\warden.dir\build.make:4009: CMakeFiles/warden.dir/Source/Game/Handlers.cpp.obj] Error 
1
[ 17%] Building CXX object CMakeFiles/warden.dir/Source/Game/Screen.cpp.obj
D:\workcode\game\warden\Source\Game\Screen.cpp:4:10: fatal error: Engine/Source/Gx/font/
CGxStringBatch.h: No such file or directory
    4 | #include "Engine/Source/Gx/font/CGxStringBatch.h"
      |          ^~~~~~~~~~~~~~~~~~~~~~~~~~~~~~~~~~~~~~~~
compilation terminated.
mingw32-make[3]: *** [CMakeFiles\warden.dir\build.make:4039: CMakeFiles/warden.dir/Source/Game/Screen.cpp.obj] Error 1
[ 17%] Building CXX object CMakeFiles/warden.dir/Source/Glue/CAdManager.cpp.obj
[ 17%] Building CXX object CMakeFiles/warden.dir/Source/Glue/CBattleNetGateways.cpp.obj
D:\workcode\game\warden\Source\Glue\CBattleNetGateways.cpp:1:10: fatal error: CBattleNet
Gateways.h: No such file or directory
    1 | #include "CBattleNetGateways.h"
      |          ^~~~~~~~~~~~~~~~~~~~~~
compilation terminated.
mingw32-make[3]: *** [CMakeFiles\warden.dir\build.make:4204: CMakeFiles/warden.dir/Source/Glue/CBattleNetGateways.cpp.o
bj] Error 1
[ 17%] Building CXX object CMakeFiles/warden.dir/Source/Glue/CBattleNetGlueData.cpp.obj
D:\workcode\game\warden\Source\Glue\CBattleNetGlueData.cpp:1:10: fatal error: CBattleNet
GlueData.h: No such file or directory
    1 | #include "CBattleNetGlueData.h"
      |          ^~~~~~~~~~~~~~~~~~~~~~
compilation terminated.
mingw32-make[3]: *** [CMakeFiles\warden.dir\build.make:4219: CMakeFiles/warden.dir/Source/Glue/CBattleNetGlueData.cpp.o
bj] Error 1
[ 17%] Building CXX object CMakeFiles/warden.dir/Source/Glue/CBattleNetUserListBoxItem.cpp.obj
D:\workcode\game\warden\Source\Glue\CBattleNetUserListBoxItem.cpp:1:10: fatal error: CBa
ttleNetUserListBoxItem.h: No such file or directory
    1 | #include "CBattleNetUserListBoxItem.h"
      |          ^~~~~~~~~~~~~~~~~~~~~~~~~~~~~
compilation terminated.
mingw32-make[3]: *** [CMakeFiles\warden.dir\build.make:4339: CMakeFiles/warden.dir/Source/Glue/CBattleNetUserListBoxIte
m.cpp.obj] Error 1
[ 18%] Building CXX object CMakeFiles/warden.dir/Source/Glue/CCheckListBoxItem.cpp.obj
[ 18%] Building CXX object CMakeFiles/warden.dir/Source/Glue/CGlueToolTipWar3.cpp.obj
[ 18%] Building CXX object CMakeFiles/warden.dir/Source/Glue/CListBoxItemWar3.cpp.obj
[ 18%] Building CXX object CMakeFiles/warden.dir/Source/Glue/CMapListBoxItem.cpp.obj
[ 18%] Building CXX object CMakeFiles/warden.dir/Source/Glue/CMapPreferenceBoxItem.cpp.obj
[ 20%] Building CXX object CMakeFiles/warden.dir/Source/Glue/NetGlue.cpp.obj
D:\workcode\game\warden\Source\Glue\NetGlue.cpp:1:10: fatal error: NetGlue.h: No such fi
le or directory
    1 | #include "NetGlue.h"
      |          ^~~~~~~~~~~
compilation terminated.
mingw32-make[3]: *** [CMakeFiles\warden.dir\build.make:4684: CMakeFiles/warden.dir/Source/Glue/NetGlue.cpp.obj] Error 1
[ 20%] Building CXX object CMakeFiles/warden.dir/Source/Net/NetGameStore.cpp.obj
[ 20%] Building CXX object CMakeFiles/warden.dir/Source/StormMac/IOUnit/IOARC4Unit.cpp.obj
D:\workcode\game\warden\Source\StormMac\IOUnit\IOARC4Unit.cpp:1:10: fatal error: IOARC4U
nit.h: No such file or directory
    1 | #include "IOARC4Unit.h"
      |          ^~~~~~~~~~~~~~
compilation terminated.
mingw32-make[3]: *** [CMakeFiles\warden.dir\build.make:4714: CMakeFiles/warden.dir/Source/StormMac/IOUnit/IOARC4Unit.cp
p.obj] Error 1
[ 20%] Building CXX object CMakeFiles/warden.dir/Source/StormMac/IOUnit/IOAlignUnit.cpp.obj
D:\workcode\game\warden\Source\StormMac\IOUnit\IOAlignUnit.cpp:1:10: fatal error: IOAlig
nUnit.h: No such file or directory
    1 | #include "IOAlignUnit.h"
      |          ^~~~~~~~~~~~~~~
compilation terminated.
mingw32-make[3]: *** [CMakeFiles\warden.dir\build.make:4729: CMakeFiles/warden.dir/Source/StormMac/IOUnit/IOAlignUnit.c
pp.obj] Error 1
[ 20%] Building CXX object CMakeFiles/warden.dir/Source/StormMac/Win32/Win32_Registry.cpp.obj
D:\workcode\game\warden\Source\StormMac\Win32\Win32_Registry.cpp:1:10: fatal error: Win3
2_Registry.h: No such file or directory
    1 | #include "Win32_Registry.h"
      |          ^~~~~~~~~~~~~~~~~~
compilation terminated.
mingw32-make[3]: *** [CMakeFiles\warden.dir\build.make:4744: CMakeFiles/warden.dir/Source/StormMac/Win32/Win32_Registry
.cpp.obj] Error 1
[ 20%] Building CXX object CMakeFiles/warden.dir/Source/StormMac/Win32/Win32_utils.cpp.obj
D:\workcode\game\warden\Source\StormMac\Win32\Win32_utils.cpp:1:10: fatal error: Win32_u
tils.h: No such file or directory
    1 | #include "Win32_utils.h"
      |          ^~~~~~~~~~~~~~~
compilation terminated.
mingw32-make[3]: *** [CMakeFiles\warden.dir\build.make:4759: CMakeFiles/warden.dir/Source/StormMac/Win32/Win32_utils.cp
p.obj] Error 1
[ 20%] Building CXX object CMakeFiles/warden.dir/Source/StormMac/Win32/WinCompat.cpp.obj
D:\workcode\game\warden\Source\StormMac\Win32\WinCompat.cpp:1:10: fatal error: WinCompat
.h: No such file or directory
    1 | #include "WinCompat.h"
      |          ^~~~~~~~~~~~~
compilation terminated.
mingw32-make[3]: *** [CMakeFiles\warden.dir\build.make:4774: CMakeFiles/warden.dir/Source/StormMac/Win32/WinCompat.cpp.
obj] Error 1
[ 20%] Building CXX object CMakeFiles/warden.dir/Source/System/Utility/CFStringUtilities.cpp.obj
D:\workcode\game\warden\Source\System\Utility\CFStringUtilities.cpp: In function 'void* CFString:
:CreateStringWithFormat(const char*, ...)':
D:\workcode\game\warden\Source\System\Utility\CFStringUtilities.cpp:59:5: error: '
[Kva_start' was not declared in this scope; did you mean '_stat'?
   59 |     va_start(args, format);
      |     ^~~~~~~~
      |     _stat
D:\workcode\game\warden\Source\System\Utility\CFStringUtilities.cpp:61:5: error: '
[Kva_end' was not declared in this scope
   61 |     va_end(args);
      |     ^~~~~~
mingw32-make[3]: *** [CMakeFiles\warden.dir\build.make:5209: CMakeFiles/warden.dir/Source/System/Utility/CFStringUtilit
ies.cpp.obj] Error 1
[ 20%] Building CXX object CMakeFiles/warden.dir/Source/UI/CBackdropGenerator.cpp.obj
In file included from D:/workcode/game/warden/Source/UI/CSimpleFontString.h:3,
                 from D:/workcode/game/warden/Source/UI/CRenderBatch.h:16,
                 from D:/workcode/game/warden/Source/UI/CSimpleFrame.h:8,
                 from D:\workcode\game\warden\Source\UI\CBackdropGenerator.cpp:2:
D:/workcode/game/warden/Source/Engine/Source/Gx/Font.h:4:10: fatal error: font/FreeType.
h: No such file or directory
    4 | #include "font/FreeType.h"
      |          ^~~~~~~~~~~~~~~~~
compilation terminated.
mingw32-make[3]: *** [CMakeFiles\warden.dir\build.make:5224: CMakeFiles/warden.dir/Source/UI/CBackdropGenerator.cpp.obj
] Error 1
[ 20%] Building CXX object CMakeFiles/warden.dir/Source/UI/CBuffBar.cpp.obj
D:\workcode\game\warden\Source\UI\CBuffBar.cpp:1:10: fatal error: CBuffBar.h: No such fi
le or directory
    1 | #include "CBuffBar.h"
      |          ^~~~~~~~~~~~
compilation terminated.
mingw32-make[3]: *** [CMakeFiles\warden.dir\build.make:5239: CMakeFiles/warden.dir/Source/UI/CBuffBar.cpp.obj] Error 1
[ 20%] Building CXX object CMakeFiles/warden.dir/Source/UI/CBuffIndicator.cpp.obj
D:\workcode\game\warden\Source\UI\CBuffIndicator.cpp:1:10: fatal error: CBuffIndicator.h
: No such file or directory
    1 | #include "CBuffIndicator.h"
      |          ^~~~~~~~~~~~~~~~~~
compilation terminated.
mingw32-make[3]: *** [CMakeFiles\warden.dir\build.make:5254: CMakeFiles/warden.dir/Source/UI/CBuffIndicator.cpp.obj] Er
ror 1
[ 22%] Building CXX object CMakeFiles/warden.dir/Source/UI/CBuildFrame.cpp.obj
D:\workcode\game\warden\Source\UI\CBuildFrame.cpp:1:10: fatal error: CBuildFrame.h: No s
uch file or directory
    1 | #include "CBuildFrame.h"
      |          ^~~~~~~~~~~~~~~
compilation terminated.
mingw32-make[3]: *** [CMakeFiles\warden.dir\build.make:5269: CMakeFiles/warden.dir/Source/UI/CBuildFrame.cpp.obj] Error
 1
[ 22%] Building CXX object CMakeFiles/warden.dir/Source/UI/CBuildMode.cpp.obj
D:\workcode\game\warden\Source\UI\CBuildMode.cpp:1:10: fatal error: CBuildMode.h: No suc
h file or directory
    1 | #include "CBuildMode.h"
      |          ^~~~~~~~~~~~~~
compilation terminated.
mingw32-make[3]: *** [CMakeFiles\warden.dir\build.make:5284: CMakeFiles/warden.dir/Source/UI/CBuildMode.cpp.obj] Error 
1
[ 22%] Building CXX object CMakeFiles/warden.dir/Source/UI/CCargoGrid.cpp.obj
D:\workcode\game\warden\Source\UI\CCargoGrid.cpp:1:10: fatal error: CCargoGrid.h: No suc
h file or directory
    1 | #include "CCargoGrid.h"
      |          ^~~~~~~~~~~~~~
compilation terminated.
mingw32-make[3]: *** [CMakeFiles\warden.dir\build.make:5314: CMakeFiles/warden.dir/Source/UI/CCargoGrid.cpp.obj] Error 
1
[ 22%] Building CXX object CMakeFiles/warden.dir/Source/UI/CCommandButton.cpp.obj
D:\workcode\game\warden\Source\UI\CCommandButton.cpp:1:10: fatal error: CCommandButton.h
: No such file or directory
    1 | #include "CCommandButton.h"
      |          ^~~~~~~~~~~~~~~~~~
compilation terminated.
mingw32-make[3]: *** [CMakeFiles\warden.dir\build.make:5344: CMakeFiles/warden.dir/Source/UI/CCommandButton.cpp.obj] Er
ror 1
[ 22%] Building CXX object CMakeFiles/warden.dir/Source/UI/CConstructUI.cpp.obj
D:\workcode\game\warden\Source\UI\CConstructUI.cpp:1:10: fatal error: CConstructUI.h: No
 such file or directory
    1 | #include "CConstructUI.h"
      |          ^~~~~~~~~~~~~~~~
compilation terminated.
mingw32-make[3]: *** [CMakeFiles\warden.dir\build.make:5359: CMakeFiles/warden.dir/Source/UI/CConstructUI.cpp.obj] Erro
r 1
[ 22%] Building CXX object CMakeFiles/warden.dir/Source/UI/CFrameStrata.cpp.obj
In file included from D:/workcode/game/warden/Source/UI/CSimpleFontString.h:3,
                 from D:/workcode/game/warden/Source/UI/CRenderBatch.h:16,
                 from D:/workcode/game/warden/Source/UI/CFrameStrata.h:4,
                 from D:\workcode\game\warden\Source\UI\CFrameStrata.cpp:1:
D:/workcode/game/warden/Source/Engine/Source/Gx/Font.h:4:10: fatal error: font/FreeType.
h: No such file or directory
    4 | #include "font/FreeType.h"
      |          ^~~~~~~~~~~~~~~~~
compilation terminated.
mingw32-make[3]: *** [CMakeFiles\warden.dir\build.make:5389: CMakeFiles/warden.dir/Source/UI/CFrameStrata.cpp.obj] Erro
r 1
[ 22%] Building CXX object CMakeFiles/warden.dir/Source/UI/CInfoPanelGroup.cpp.obj
D:\workcode\game\warden\Source\UI\CInfoPanelGroup.cpp:1:10: fatal error: CInfoPanelGroup
.h: No such file or directory
    1 | #include "CInfoPanelGroup.h"
      |          ^~~~~~~~~~~~~~~~~~~
compilation terminated.
mingw32-make[3]: *** [CMakeFiles\warden.dir\build.make:5494: CMakeFiles/warden.dir/Source/UI/CInfoPanelGroup.cpp.obj] E
rror 1
[ 22%] Building CXX object CMakeFiles/warden.dir/Source/UI/CInfoPanelGroupButton.cpp.obj
D:\workcode\game\warden\Source\UI\CInfoPanelGroupButton.cpp:1:10: fatal error: CInfoPane
lGroupButton.h: No such file or directory
    1 | #include "CInfoPanelGroupButton.h"
      |          ^~~~~~~~~~~~~~~~~~~~~~~~~
compilation terminated.
mingw32-make[3]: *** [CMakeFiles\warden.dir\build.make:5509: CMakeFiles/warden.dir/Source/UI/CInfoPanelGroupButton.cpp.
obj] Error 1
[ 22%] Building CXX object CMakeFiles/warden.dir/Source/UI/CInventoryBar.cpp.obj
D:\workcode\game\warden\Source\UI\CInventoryBar.cpp:1:10: fatal error: CInventoryBar.h: 
No such file or directory
    1 | #include "CInventoryBar.h"
      |          ^~~~~~~~~~~~~~~~~
compilation terminated.
mingw32-make[3]: *** [CMakeFiles\warden.dir\build.make:5539: CMakeFiles/warden.dir/Source/UI/CInventoryBar.cpp.obj] Err
or 1
[ 22%] Building CXX object CMakeFiles/warden.dir/Source/UI/COccupUI.cpp.obj
D:\workcode\game\warden\Source\UI\COccupUI.cpp:1:10: fatal error: COccupUI.h: No such fi
le or directory
    1 | #include "COccupUI.h"
      |          ^~~~~~~~~~~~
compilation terminated.
mingw32-make[3]: *** [CMakeFiles\warden.dir\build.make:5614: CMakeFiles/warden.dir/Source/UI/COccupUI.cpp.obj] Error 1
[ 22%] Building CXX object CMakeFiles/warden.dir/Source/UI/CPeonBar.cpp.obj
D:\workcode\game\warden\Source\UI\CPeonBar.cpp:1:10: fatal error: CPeonBar.h: No such fi
le or directory
    1 | #include "CPeonBar.h"
      |          ^~~~~~~~~~~~
compilation terminated.
mingw32-make[3]: *** [CMakeFiles\warden.dir\build.make:5629: CMakeFiles/warden.dir/Source/UI/CPeonBar.cpp.obj] Error 1
[ 22%] Building CXX object CMakeFiles/warden.dir/Source/UI/CPreselectUI.cpp.obj
D:\workcode\game\warden\Source\UI\CPreselectUI.cpp:1:10: fatal error: CPreselectUI.h: No
 such file or directory
    1 | #include "CPreselectUI.h"
      |          ^~~~~~~~~~~~~~~~
compilation terminated.
mingw32-make[3]: *** [CMakeFiles\warden.dir\build.make:5659: CMakeFiles/warden.dir/Source/UI/CPreselectUI.cpp.obj] Erro
r 1
[ 24%] Building CXX object CMakeFiles/warden.dir/Source/UI/CRenderBatch.cpp.obj
In file included from D:/workcode/game/warden/Source/UI/CSimpleFontString.h:3,
                 from D:/workcode/game/warden/Source/UI/CRenderBatch.h:16,
                 from D:\workcode\game\warden\Source\UI\CRenderBatch.cpp:1:
D:/workcode/game/warden/Source/Engine/Source/Gx/Font.h:4:10: fatal error: font/FreeType.
h: No such file or directory
    4 | #include "font/FreeType.h"
      |          ^~~~~~~~~~~~~~~~~
compilation terminated.
mingw32-make[3]: *** [CMakeFiles\warden.dir\build.make:5704: CMakeFiles/warden.dir/Source/UI/CRenderBatch.cpp.obj] Erro
r 1
[ 24%] Building CXX object CMakeFiles/warden.dir/Source/UI/CScriptRegion.cpp.obj
In file included from D:/workcode/game/warden/Source/UI/CSimpleFontString.h:3,
                 from D:/workcode/game/warden/Source/UI/CRenderBatch.h:16,
                 from D:/workcode/game/warden/Source/UI/CSimpleFrame.h:8,
                 from D:/workcode/game/warden/Source/UI/CSimpleTop.h:4,
                 from D:\workcode\game\warden\Source\UI\CScriptRegion.cpp:4:
D:/workcode/game/warden/Source/Engine/Source/Gx/Font.h:4:10: fatal error: font/FreeType.
h: No such file or directory
    4 | #include "font/FreeType.h"
      |          ^~~~~~~~~~~~~~~~~
compilation terminated.
mingw32-make[3]: *** [CMakeFiles\warden.dir\build.make:5779: CMakeFiles/warden.dir/Source/UI/CScriptRegion.cpp.obj] Err
or 1
[ 24%] Building CXX object CMakeFiles/warden.dir/Source/UI/CScriptRegionScript.cpp.obj
In file included from D:/workcode/game/warden/Source/UI/CSimpleFontString.h:3,
                 from D:/workcode/game/warden/Source/UI/CRenderBatch.h:16,
                 from D:/workcode/game/warden/Source/UI/CSimpleFrame.h:8,
                 from D:/workcode/game/warden/Source/UI/CSimpleTop.h:4,
                 from D:\workcode\game\warden\Source\UI\CScriptRegionScript.cpp:4:
D:/workcode/game/warden/Source/Engine/Source/Gx/Font.h:4:10: fatal error: font/FreeType.
h: No such file or directory
    4 | #include "font/FreeType.h"
      |          ^~~~~~~~~~~~~~~~~
compilation terminated.
mingw32-make[3]: *** [CMakeFiles\warden.dir\build.make:5794: CMakeFiles/warden.dir/Source/UI/CScriptRegionScript.cpp.ob
j] Error 1
[ 24%] Building CXX object CMakeFiles/warden.dir/Source/UI/CSimpleButton.cpp.obj
In file included from D:\workcode\game\warden\Source\UI\CSimpleFontString.h:3,
                 from D:\workcode\game\warden\Source\UI\CRenderBatch.h:16,
                 from D:\workcode\game\warden\Source\UI\CSimpleFrame.h:8,
                 from D:\workcode\game\warden\Source\UI\CSimpleButton.h:3,
                 from D:\workcode\game\warden\Source\UI\CSimpleButton.cpp:1:
D:/workcode/game/warden/Source/Engine/Source/Gx/Font.h:4:10: fatal error: font/FreeType.
h: No such file or directory
    4 | #include "font/FreeType.h"
      |          ^~~~~~~~~~~~~~~~~
compilation terminated.
mingw32-make[3]: *** [CMakeFiles\warden.dir\build.make:5824: CMakeFiles/warden.dir/Source/UI/CSimpleButton.cpp.obj] Err
or 1
[ 25%] Building CXX object CMakeFiles/warden.dir/Source/UI/CSimpleButtonScript.cpp.obj
In file included from D:/workcode/game/warden/Source/UI/CSimpleFontString.h:3,
                 from D:/workcode/game/warden/Source/UI/CRenderBatch.h:16,
                 from D:/workcode/game/warden/Source/UI/CSimpleFrame.h:8,
                 from D:/workcode/game/warden/Source/UI/CSimpleButton.h:3,
                 from D:\workcode\game\warden\Source\UI\CSimpleButtonScript.cpp:2:
D:/workcode/game/warden/Source/Engine/Source/Gx/Font.h:4:10: fatal error: font/FreeType.
h: No such file or directory
    4 | #include "font/FreeType.h"
      |          ^~~~~~~~~~~~~~~~~
compilation terminated.
mingw32-make[3]: *** [CMakeFiles\warden.dir\build.make:5839: CMakeFiles/warden.dir/Source/UI/CSimpleButtonScript.cpp.ob
j] Error 1
[ 25%] Building CXX object CMakeFiles/warden.dir/Source/UI/CSimpleCheckbox.cpp.obj
In file included from D:\workcode\game\warden\Source\UI\CSimpleFontString.h:3,
                 from D:\workcode\game\warden\Source\UI\CRenderBatch.h:16,
                 from D:\workcode\game\warden\Source\UI\CSimpleFrame.h:8,
                 from D:\workcode\game\warden\Source\UI\CSimpleButton.h:3,
                 from D:\workcode\game\warden\Source\UI\CSimpleCheckbox.h:3,
                 from D:\workcode\game\warden\Source\UI\CSimpleCheckbox.cpp:1:
D:/workcode/game/warden/Source/Engine/Source/Gx/Font.h:4:10: fatal error: font/FreeType.
h: No such file or directory
    4 | #include "font/FreeType.h"
      |          ^~~~~~~~~~~~~~~~~
compilation terminated.
mingw32-make[3]: *** [CMakeFiles\warden.dir\build.make:5854: CMakeFiles/warden.dir/Source/UI/CSimpleCheckbox.cpp.obj] E
rror 1
[ 25%] Building CXX object CMakeFiles/warden.dir/Source/UI/CSimpleEditBox.cpp.obj
In file included from D:\workcode\game\warden\Source\UI\CSimpleFontString.h:3,
                 from D:\workcode\game\warden\Source\UI\CRenderBatch.h:16,
                 from D:\workcode\game\warden\Source\UI\CSimpleFrame.h:8,
                 from D:\workcode\game\warden\Source\UI\CSimpleEditBox.h:3,
                 from D:\workcode\game\warden\Source\UI\CSimpleEditBox.cpp:1:
D:/workcode/game/warden/Source/Engine/Source/Gx/Font.h:4:10: fatal error: font/FreeType.
h: No such file or directory
    4 | #include "font/FreeType.h"
      |          ^~~~~~~~~~~~~~~~~
compilation terminated.
mingw32-make[3]: *** [CMakeFiles\warden.dir\build.make:5884: CMakeFiles/warden.dir/Source/UI/CSimpleEditBox.cpp.obj] Er
ror 1
[ 25%] Building CXX object CMakeFiles/warden.dir/Source/UI/CSimpleEditBoxScript.cpp.obj
In file included from D:/workcode/game/warden/Source/UI/CSimpleFontString.h:3,
                 from D:/workcode/game/warden/Source/UI/CRenderBatch.h:16,
                 from D:/workcode/game/warden/Source/UI/CSimpleFrame.h:8,
                 from D:/workcode/game/warden/Source/UI/CSimpleEditBox.h:3,
                 from D:\workcode\game\warden\Source\UI\CSimpleEditBoxScript.cpp:2:
D:/workcode/game/warden/Source/Engine/Source/Gx/Font.h:4:10: fatal error: font/FreeType.
h: No such file or directory
    4 | #include "font/FreeType.h"
      |          ^~~~~~~~~~~~~~~~~
compilation terminated.
mingw32-make[3]: *** [CMakeFiles\warden.dir\build.make:5899: CMakeFiles/warden.dir/Source/UI/CSimpleEditBoxScript.cpp.o
bj] Error 1
[ 25%] Building CXX object CMakeFiles/warden.dir/Source/UI/CSimpleFont.cpp.obj
In file included from D:\workcode\game\warden\Source\UI\CSimpleFont.cpp:9:
D:/workcode/game/warden/Source/Engine/Source/Gx/Font.h:4:10: fatal error: font/FreeType.
h: No such file or directory
    4 | #include "font/FreeType.h"
      |          ^~~~~~~~~~~~~~~~~
compilation terminated.
mingw32-make[3]: *** [CMakeFiles\warden.dir\build.make:5914: CMakeFiles/warden.dir/Source/UI/CSimpleFont.cpp.obj] Error
 1
[ 25%] Building CXX object CMakeFiles/warden.dir/Source/UI/CSimpleFontString.cpp.obj
In file included from D:/workcode/game/warden/Source/UI/CSimpleFontString.h:3,
                 from D:\workcode\game\warden\Source\UI\CSimpleFontString.cpp:1:
D:/workcode/game/warden/Source/Engine/Source/Gx/Font.h:4:10: fatal error: font/FreeType.
h: No such file or directory
    4 | #include "font/FreeType.h"
      |          ^~~~~~~~~~~~~~~~~
compilation terminated.
mingw32-make[3]: *** [CMakeFiles\warden.dir\build.make:5944: CMakeFiles/warden.dir/Source/UI/CSimpleFontString.cpp.obj]
 Error 1
[ 25%] Building CXX object CMakeFiles/warden.dir/Source/UI/CSimpleFontStringAttributes.cpp.obj
In file included from D:/workcode/game/warden/Source/UI/CSimpleFontString.h:3,
                 from D:\workcode\game\warden\Source\UI\CSimpleFontStringAttributes.cpp:2:
D:/workcode/game/warden/Source/Engine/Source/Gx/Font.h:4:10: fatal error: font/FreeType.
h: No such file or directory
    4 | #include "font/FreeType.h"
      |          ^~~~~~~~~~~~~~~~~
compilation terminated.
mingw32-make[3]: *** [CMakeFiles\warden.dir\build.make:5959: CMakeFiles/warden.dir/Source/UI/CSimpleFontStringAttribute
s.cpp.obj] Error 1
[ 25%] Building CXX object CMakeFiles/warden.dir/Source/UI/CSimpleFontStringScript.cpp.obj
In file included from D:/workcode/game/warden/Source/UI/CSimpleFontString.h:3,
                 from D:\workcode\game\warden\Source\UI\CSimpleFontStringScript.cpp:3:
D:/workcode/game/warden/Source/Engine/Source/Gx/Font.h:4:10: fatal error: font/FreeType.
h: No such file or directory
    4 | #include "font/FreeType.h"
      |          ^~~~~~~~~~~~~~~~~
compilation terminated.
mingw32-make[3]: *** [CMakeFiles\warden.dir\build.make:5974: CMakeFiles/warden.dir/Source/UI/CSimpleFontStringScript.cp
p.obj] Error 1
[ 25%] Building CXX object CMakeFiles/warden.dir/Source/UI/CSimpleFrame.cpp.obj
In file included from D:\workcode\game\warden\Source\UI\CSimpleFontString.h:3,
                 from D:\workcode\game\warden\Source\UI\CRenderBatch.h:16,
                 from D:\workcode\game\warden\Source\UI\CSimpleFrame.h:8,
                 from D:\workcode\game\warden\Source\UI\CSimpleFrame.cpp:1:
D:/workcode/game/warden/Source/Engine/Source/Gx/Font.h:4:10: fatal error: font/FreeType.
h: No such file or directory
    4 | #include "font/FreeType.h"
      |          ^~~~~~~~~~~~~~~~~
compilation terminated.
mingw32-make[3]: *** [CMakeFiles\warden.dir\build.make:6004: CMakeFiles/warden.dir/Source/UI/CSimpleFrame.cpp.obj] Erro
r 1
[ 25%] Building CXX object CMakeFiles/warden.dir/Source/UI/CSimpleFrameScript.cpp.obj
In file included from D:/workcode/game/warden/Source/UI/CSimpleFontString.h:3,
                 from D:/workcode/game/warden/Source/UI/CRenderBatch.h:16,
                 from D:/workcode/game/warden/Source/UI/CSimpleFrame.h:8,
                 from D:\workcode\game\warden\Source\UI\CSimpleFrameScript.cpp:2:
D:/workcode/game/warden/Source/Engine/Source/Gx/Font.h:4:10: fatal error: font/FreeType.
h: No such file or directory
    4 | #include "font/FreeType.h"
      |          ^~~~~~~~~~~~~~~~~
compilation terminated.
mingw32-make[3]: *** [CMakeFiles\warden.dir\build.make:6019: CMakeFiles/warden.dir/Source/UI/CSimpleFrameScript.cpp.obj
] Error 1
[ 25%] Building CXX object CMakeFiles/warden.dir/Source/UI/CSimpleHTML.cpp.obj
In file included from D:/workcode/game/warden/Source/UI/CSimpleFontString.h:3,
                 from D:/workcode/game/warden/Source/UI/CRenderBatch.h:16,
                 from D:/workcode/game/warden/Source/UI/CSimpleFrame.h:8,
                 from D:\workcode\game\warden\Source\UI\CSimpleHyperlinkedFrame.h:3,
                 from D:\workcode\game\warden\Source\UI\CSimpleHTML.h:4,
                 from D:\workcode\game\warden\Source\UI\CSimpleHTML.cpp:1:
D:/workcode/game/warden/Source/Engine/Source/Gx/Font.h:4:10: fatal error: font/FreeType.
h: No such file or directory
    4 | #include "font/FreeType.h"
      |          ^~~~~~~~~~~~~~~~~
compilation terminated.
mingw32-make[3]: *** [CMakeFiles\warden.dir\build.make:6034: CMakeFiles/warden.dir/Source/UI/CSimpleHTML.cpp.obj] Error
 1
[ 25%] Building CXX object CMakeFiles/warden.dir/Source/UI/CSimpleHTMLScript.cpp.obj
In file included from D:/workcode/game/warden/Source/UI/CSimpleFontString.h:3,
                 from D:/workcode/game/warden/Source/UI/CRenderBatch.h:16,
                 from D:/workcode/game/warden/Source/UI/CSimpleFrame.h:8,
                 from D:/workcode/game/warden/Source/UI/CSimpleHyperlinkedFrame.h:3,
                 from D:/workcode/game/warden/Source/UI/CSimpleHTML.h:4,
                 from D:\workcode\game\warden\Source\UI\CSimpleHTMLScript.cpp:2:
D:/workcode/game/warden/Source/Engine/Source/Gx/Font.h:4:10: fatal error: font/FreeType.
h: No such file or directory
    4 | #include "font/FreeType.h"
      |          ^~~~~~~~~~~~~~~~~
compilation terminated.
mingw32-make[3]: *** [CMakeFiles\warden.dir\build.make:6049: CMakeFiles/warden.dir/Source/UI/CSimpleHTMLScript.cpp.obj]
 Error 1
[ 25%] Building CXX object CMakeFiles/warden.dir/Source/UI/CSimpleHyperlinkedFrame.cpp.obj
In file included from D:/workcode/game/warden/Source/UI/CSimpleFontString.h:3,
                 from D:/workcode/game/warden/Source/UI/CRenderBatch.h:16,
                 from D:/workcode/game/warden/Source/UI/CSimpleFrame.h:8,
                 from D:/workcode/game/warden/Source/UI/CSimpleHyperlinkedFrame.h:3,
                 from D:\workcode\game\warden\Source\UI\CSimpleHyperlinkedFrame.cpp:1:
D:/workcode/game/warden/Source/Engine/Source/Gx/Font.h:4:10: fatal error: font/FreeType.
h: No such file or directory
    4 | #include "font/FreeType.h"
      |          ^~~~~~~~~~~~~~~~~
compilation terminated.
mingw32-make[3]: *** [CMakeFiles\warden.dir\build.make:6064: CMakeFiles/warden.dir/Source/UI/CSimpleHyperlinkedFrame.cp
p.obj] Error 1
[ 25%] Building CXX object CMakeFiles/warden.dir/Source/UI/CSimpleModel.cpp.obj
In file included from D:/workcode/game/warden/Source/UI/CSimpleFontString.h:3,
                 from D:/workcode/game/warden/Source/UI/CRenderBatch.h:16,
                 from D:/workcode/game/warden/Source/UI/CSimpleFrame.h:8,
                 from D:\workcode\game\warden\Source\UI\CSimpleModel.h:4,
                 from D:\workcode\game\warden\Source\UI\CSimpleModel.cpp:1:
D:/workcode/game/warden/Source/Engine/Source/Gx/Font.h:4:10: fatal error: font/FreeType.
h: No such file or directory
    4 | #include "font/FreeType.h"
      |          ^~~~~~~~~~~~~~~~~
compilation terminated.
mingw32-make[3]: *** [CMakeFiles\warden.dir\build.make:6079: CMakeFiles/warden.dir/Source/UI/CSimpleModel.cpp.obj] Erro
r 1
[ 25%] Building CXX object CMakeFiles/warden.dir/Source/UI/CSimpleModelFFX.cpp.obj
In file included from D:/workcode/game/warden/Source/UI/CSimpleFontString.h:3,
                 from D:/workcode/game/warden/Source/UI/CRenderBatch.h:16,
                 from D:/workcode/game/warden/Source/UI/CSimpleFrame.h:8,
                 from D:/workcode/game/warden/Source/UI/CSimpleModel.h:4,
                 from D:/workcode/game/warden/Source/UI/CSimpleModelFFX.h:3,
                 from D:\workcode\game\warden\Source\UI\CSimpleModelFFX.cpp:1:
D:/workcode/game/warden/Source/Engine/Source/Gx/Font.h:4:10: fatal error: font/FreeType.
h: No such file or directory
    4 | #include "font/FreeType.h"
      |          ^~~~~~~~~~~~~~~~~
compilation terminated.
mingw32-make[3]: *** [CMakeFiles\warden.dir\build.make:6094: CMakeFiles/warden.dir/Source/UI/CSimpleModelFFX.cpp.obj] E
rror 1
[ 25%] Building CXX object CMakeFiles/warden.dir/Source/UI/CSimpleModelScript.cpp.obj
In file included from D:/workcode/game/warden/Source/UI/CSimpleFontString.h:3,
                 from D:/workcode/game/warden/Source/UI/CRenderBatch.h:16,
                 from D:/workcode/game/warden/Source/UI/CSimpleFrame.h:8,
                 from D:/workcode/game/warden/Source/UI/CSimpleModel.h:4,
                 from D:\workcode\game\warden\Source\UI\CSimpleModelScript.cpp:2:
D:/workcode/game/warden/Source/Engine/Source/Gx/Font.h:4:10: fatal error: font/FreeType.
h: No such file or directory
    4 | #include "font/FreeType.h"
      |          ^~~~~~~~~~~~~~~~~
compilation terminated.
mingw32-make[3]: *** [CMakeFiles\warden.dir\build.make:6124: CMakeFiles/warden.dir/Source/UI/CSimpleModelScript.cpp.obj
] Error 1
[ 27%] Building CXX object CMakeFiles/warden.dir/Source/UI/CSimpleRegion.cpp.obj
In file included from D:/workcode/game/warden/Source/UI/CSimpleFontString.h:3,
                 from D:/workcode/game/warden/Source/UI/CRenderBatch.h:16,
                 from D:/workcode/game/warden/Source/UI/CSimpleFrame.h:8,
                 from D:\workcode\game\warden\Source\UI\CSimpleRegion.cpp:2:
D:/workcode/game/warden/Source/Engine/Source/Gx/Font.h:4:10: fatal error: font/FreeType.
h: No such file or directory
    4 | #include "font/FreeType.h"
      |          ^~~~~~~~~~~~~~~~~
compilation terminated.
mingw32-make[3]: *** [CMakeFiles\warden.dir\build.make:6139: CMakeFiles/warden.dir/Source/UI/CSimpleRegion.cpp.obj] Err
or 1
[ 27%] Building CXX object CMakeFiles/warden.dir/Source/UI/CSimpleRender.cpp.obj
In file included from D:/workcode/game/warden/Source/UI/CSimpleFontString.h:3,
                 from D:/workcode/game/warden/Source/UI/CRenderBatch.h:16,
                 from D:\workcode\game\warden\Source\UI\CSimpleRender.cpp:2:
D:/workcode/game/warden/Source/Engine/Source/Gx/Font.h:4:10: fatal error: font/FreeType.
h: No such file or directory
    4 | #include "font/FreeType.h"
      |          ^~~~~~~~~~~~~~~~~
compilation terminated.
mingw32-make[3]: *** [CMakeFiles\warden.dir\build.make:6154: CMakeFiles/warden.dir/Source/UI/CSimpleRender.cpp.obj] Err
or 1
[ 27%] Building CXX object CMakeFiles/warden.dir/Source/UI/CSimpleScrollFrame.cpp.obj
In file included from D:/workcode/game/warden/Source/UI/CSimpleFontString.h:3,
                 from D:/workcode/game/warden/Source/UI/CRenderBatch.h:16,
                 from D:/workcode/game/warden/Source/UI/CSimpleFrame.h:8,
                 from D:\workcode\game\warden\Source\UI\CSimpleScrollFrame.h:3,
                 from D:\workcode\game\warden\Source\UI\CSimpleScrollFrame.cpp:1:
D:/workcode/game/warden/Source/Engine/Source/Gx/Font.h:4:10: fatal error: font/FreeType.
h: No such file or directory
    4 | #include "font/FreeType.h"
      |          ^~~~~~~~~~~~~~~~~
compilation terminated.
mingw32-make[3]: *** [CMakeFiles\warden.dir\build.make:6169: CMakeFiles/warden.dir/Source/UI/CSimpleScrollFrame.cpp.obj
] Error 1
[ 27%] Building CXX object CMakeFiles/warden.dir/Source/UI/CSimpleScrollFrameScript.cpp.obj
In file included from D:/workcode/game/warden/Source/UI/CSimpleFontString.h:3,
                 from D:/workcode/game/warden/Source/UI/CRenderBatch.h:16,
                 from D:/workcode/game/warden/Source/UI/CSimpleFrame.h:8,
                 from D:/workcode/game/warden/Source/UI/CSimpleScrollFrame.h:3,
                 from D:\workcode\game\warden\Source\UI\CSimpleScrollFrameScript.cpp:2:
D:/workcode/game/warden/Source/Engine/Source/Gx/Font.h:4:10: fatal error: font/FreeType.
h: No such file or directory
    4 | #include "font/FreeType.h"
      |          ^~~~~~~~~~~~~~~~~
compilation terminated.
mingw32-make[3]: *** [CMakeFiles\warden.dir\build.make:6184: CMakeFiles/warden.dir/Source/UI/CSimpleScrollFrameScript.c
pp.obj] Error 1
[ 27%] Building CXX object CMakeFiles/warden.dir/Source/UI/CSimpleSlider.cpp.obj
In file included from D:\workcode\game\warden\Source\UI\CSimpleFontString.h:3,
                 from D:\workcode\game\warden\Source\UI\CRenderBatch.h:16,
                 from D:\workcode\game\warden\Source\UI\CSimpleFrame.h:8,
                 from D:\workcode\game\warden\Source\UI\CSimpleSlider.h:3,
                 from D:\workcode\game\warden\Source\UI\CSimpleSlider.cpp:1:
D:/workcode/game/warden/Source/Engine/Source/Gx/Font.h:4:10: fatal error: font/FreeType.
h: No such file or directory
    4 | #include "font/FreeType.h"
      |          ^~~~~~~~~~~~~~~~~
compilation terminated.
mingw32-make[3]: *** [CMakeFiles\warden.dir\build.make:6199: CMakeFiles/warden.dir/Source/UI/CSimpleSlider.cpp.obj] Err
or 1
[ 27%] Building CXX object CMakeFiles/warden.dir/Source/UI/CSimpleSliderScript.cpp.obj
In file included from D:/workcode/game/warden/Source/UI/CSimpleFontString.h:3,
                 from D:/workcode/game/warden/Source/UI/CRenderBatch.h:16,
                 from D:/workcode/game/warden/Source/UI/CSimpleFrame.h:8,
                 from D:/workcode/game/warden/Source/UI/CSimpleSlider.h:3,
                 from D:\workcode\game\warden\Source\UI\CSimpleSliderScript.cpp:2:
D:/workcode/game/warden/Source/Engine/Source/Gx/Font.h:4:10: fatal error: font/FreeType.
h: No such file or directory
    4 | #include "font/FreeType.h"
      |          ^~~~~~~~~~~~~~~~~
compilation terminated.
mingw32-make[3]: *** [CMakeFiles\warden.dir\build.make:6214: CMakeFiles/warden.dir/Source/UI/CSimpleSliderScript.cpp.ob
j] Error 1
[ 27%] Building CXX object CMakeFiles/warden.dir/Source/UI/CSimpleTexture.cpp.obj
In file included from D:/workcode/game/warden/Source/UI/CSimpleFontString.h:3,
                 from D:/workcode/game/warden/Source/UI/CRenderBatch.h:16,
                 from D:\workcode\game\warden\Source\UI\CSimpleTexture.cpp:3:
D:/workcode/game/warden/Source/Engine/Source/Gx/Font.h:4:10: fatal error: font/FreeType.
h: No such file or directory
    4 | #include "font/FreeType.h"
      |          ^~~~~~~~~~~~~~~~~
compilation terminated.
mingw32-make[3]: *** [CMakeFiles\warden.dir\build.make:6229: CMakeFiles/warden.dir/Source/UI/CSimpleTexture.cpp.obj] Er
ror 1
[ 27%] Building CXX object CMakeFiles/warden.dir/Source/UI/CSimpleTop.cpp.obj
In file included from D:/workcode/game/warden/Source/UI/CSimpleFontString.h:3,
                 from D:/workcode/game/warden/Source/UI/CRenderBatch.h:16,
                 from D:/workcode/game/warden/Source/UI/CSimpleFrame.h:8,
                 from D:/workcode/game/warden/Source/UI/CSimpleTop.h:4,
                 from D:\workcode\game\warden\Source\UI\CSimpleTop.cpp:2:
D:/workcode/game/warden/Source/Engine/Source/Gx/Font.h:4:10: fatal error: font/FreeType.
h: No such file or directory
    4 | #include "font/FreeType.h"
      |          ^~~~~~~~~~~~~~~~~
compilation terminated.
mingw32-make[3]: *** [CMakeFiles\warden.dir\build.make:6259: CMakeFiles/warden.dir/Source/UI/CSimpleTop.cpp.obj] Error 
1
[ 27%] Building CXX object CMakeFiles/warden.dir/Source/UI/CSoundManager.cpp.obj
D:\workcode\game\warden\Source\UI\CSoundManager.cpp:1:10: fatal error: CSoundManager.h: 
No such file or directory
    1 | #include "CSoundManager.h"
      |          ^~~~~~~~~~~~~~~~~
compilation terminated.
mingw32-make[3]: *** [CMakeFiles\warden.dir\build.make:6289: CMakeFiles/warden.dir/Source/UI/CSoundManager.cpp.obj] Err
or 1
[ 27%] Building CXX object CMakeFiles/warden.dir/Source/UI/CStatBar.cpp.obj
D:\workcode\game\warden\Source\UI\CStatBar.cpp:1:10: fatal error: CStatBar.h: No such fi
le or directory
    1 | #include "CStatBar.h"
      |          ^~~~~~~~~~~~
compilation terminated.
mingw32-make[3]: *** [CMakeFiles\warden.dir\build.make:6319: CMakeFiles/warden.dir/Source/UI/CStatBar.cpp.obj] Error 1
[ 27%] Building CXX object CMakeFiles/warden.dir/Source/UI/CTimeOfDayIndicator.cpp.obj
D:\workcode\game\warden\Source\UI\CTimeOfDayIndicator.cpp:1:10: fatal error: CTimeOfDayI
ndicator.h: No such file or directory
    1 | #include "CTimeOfDayIndicator.h"
      |          ^~~~~~~~~~~~~~~~~~~~~~~
compilation terminated.
mingw32-make[3]: *** [CMakeFiles\warden.dir\build.make:6334: CMakeFiles/warden.dir/Source/UI/CTimeOfDayIndicator.cpp.ob
j] Error 1
[ 27%] Building CXX object CMakeFiles/warden.dir/Source/UI/CToolTipWar3.cpp.obj
D:\workcode\game\warden\Source\UI\CToolTipWar3.cpp:1:10: fatal error: CToolTipWar3.h: No
 such file or directory
    1 | #include "CToolTipWar3.h"
      |          ^~~~~~~~~~~~~~~~
compilation terminated.
mingw32-make[3]: *** [CMakeFiles\warden.dir\build.make:6349: CMakeFiles/warden.dir/Source/UI/CToolTipWar3.cpp.obj] Erro
r 1
[ 27%] Building CXX object CMakeFiles/warden.dir/Source/UI/CUnitTip.cpp.obj
D:\workcode\game\warden\Source\UI\CUnitTip.cpp:1:10: fatal error: CUnitTip.h: No such fi
le or directory
    1 | #include "CUnitTip.h"
      |          ^~~~~~~~~~~~
compilation terminated.
mingw32-make[3]: *** [CMakeFiles\warden.dir\build.make:6364: CMakeFiles/warden.dir/Source/UI/CUnitTip.cpp.obj] Error 1
[ 27%] Building CXX object CMakeFiles/warden.dir/Source/UI/CUnitUIManager.cpp.obj
D:\workcode\game\warden\Source\UI\CUnitUIManager.cpp:1:10: fatal error: CUnitUIManager.h
: No such file or directory
    1 | #include "CUnitUIManager.h"
      |          ^~~~~~~~~~~~~~~~~~
compilation terminated.
mingw32-make[3]: *** [CMakeFiles\warden.dir\build.make:6379: CMakeFiles/warden.dir/Source/UI/CUnitUIManager.cpp.obj] Er
ror 1
[ 27%] Building CXX object CMakeFiles/warden.dir/Source/UI/CWorldFrameWar3.cpp.obj
D:\workcode\game\warden\Source\UI\CWorldFrameWar3.cpp:1:10: fatal error: CWorldFrameWar3
.h: No such file or directory
    1 | #include "CWorldFrameWar3.h"
      |          ^~~~~~~~~~~~~~~~~~~
compilation terminated.
mingw32-make[3]: *** [CMakeFiles\warden.dir\build.make:6409: CMakeFiles/warden.dir/Source/UI/CWorldFrameWar3.cpp.obj] E
rror 1
[ 27%] Building CXX object CMakeFiles/warden.dir/Source/UI/FrameXML.cpp.obj
In file included from D:\workcode\game\warden\Source\UI\CSimpleFontString.h:3,
                 from D:\workcode\game\warden\Source\UI\CRenderBatch.h:16,
                 from D:\workcode\game\warden\Source\UI\CSimpleFrame.h:8,
                 from D:\workcode\game\warden\Source\UI\CSimpleButton.h:3,
                 from D:\workcode\game\warden\Source\UI\FrameXML.cpp:2:
D:/workcode/game/warden/Source/Engine/Source/Gx/Font.h:4:10: fatal error: font/FreeType.
h: No such file or directory
    4 | #include "font/FreeType.h"
      |          ^~~~~~~~~~~~~~~~~
compilation terminated.
mingw32-make[3]: *** [CMakeFiles\warden.dir\build.make:6454: CMakeFiles/warden.dir/Source/UI/FrameXML.cpp.obj] Error 1
[ 27%] Building CXX object CMakeFiles/warden.dir/Source/UI/LoadXML.cpp.obj
In file included from D:/workcode/game/warden/Source/UI/CSimpleFontString.h:3,
                 from D:\workcode\game\warden\Source\UI\LoadXML.cpp:2:
D:/workcode/game/warden/Source/Engine/Source/Gx/Font.h:4:10: fatal error: font/FreeType.
h: No such file or directory
    4 | #include "font/FreeType.h"
      |          ^~~~~~~~~~~~~~~~~
compilation terminated.
mingw32-make[3]: *** [CMakeFiles\warden.dir\build.make:6484: CMakeFiles/warden.dir/Source/UI/LoadXML.cpp.obj] Error 1
[ 27%] Building CXX object CMakeFiles/warden.dir/Source/UI/ScriptFunctions.cpp.obj
In file included from D:/workcode/game/warden/Source/UI/CSimpleFontString.h:3,
                 from D:/workcode/game/warden/Source/UI/CRenderBatch.h:16,
                 from D:/workcode/game/warden/Source/UI/CSimpleFrame.h:8,
                 from D:/workcode/game/warden/Source/UI/CSimpleButton.h:3,
                 from D:\workcode\game\warden\Source\UI\ScriptFunctions.cpp:2:
D:/workcode/game/warden/Source/Engine/Source/Gx/Font.h:4:10: fatal error: font/FreeType.
h: No such file or directory
    4 | #include "font/FreeType.h"
      |          ^~~~~~~~~~~~~~~~~
compilation terminated.
mingw32-make[3]: *** [CMakeFiles\warden.dir\build.make:6544: CMakeFiles/warden.dir/Source/UI/ScriptFunctions.cpp.obj] E
rror 1
[ 29%] Building CXX object CMakeFiles/warden.dir/Source/UI/ScriptFunctionsCharSelect.cpp.obj
In file included from D:/workcode/game/warden/Source/UI/CSimpleFontString.h:3,
                 from D:/workcode/game/warden/Source/UI/CRenderBatch.h:16,
                 from D:/workcode/game/warden/Source/UI/CSimpleFrame.h:8,
                 from D:/workcode/game/warden/Source/UI/CSimpleModel.h:4,
                 from D:/workcode/game/warden/Source/UI/CSimpleModelFFX.h:3,
                 from D:\workcode\game\warden\Source\UI\ScriptFunctionsCharSelect.cpp:2:
D:/workcode/game/warden/Source/Engine/Source/Gx/Font.h:4:10: fatal error: font/FreeType.
h: No such file or directory
    4 | #include "font/FreeType.h"
      |          ^~~~~~~~~~~~~~~~~
compilation terminated.
mingw32-make[3]: *** [CMakeFiles\warden.dir\build.make:6574: CMakeFiles/warden.dir/Source/UI/ScriptFunctionsCharSelect.
cpp.obj] Error 1
[ 29%] Building CXX object CMakeFiles/warden.dir/Source/UI/ScriptFunctionsGlueScriptEvents.cpp.obj
In file included from D:/workcode/game/warden/Source/UI/CSimpleFontString.h:3,
                 from D:/workcode/game/warden/Source/UI/CRenderBatch.h:16,
                 from D:/workcode/game/warden/Source/UI/CSimpleFrame.h:8,
                 from D:/workcode/game/warden/Source/UI/CSimpleTop.h:4,
                 from D:\workcode\game\warden\Source\UI\ScriptFunctionsGlueScriptEvents.cpp:3:
D:/workcode/game/warden/Source/Engine/Source/Gx/Font.h:4:10: fatal error: font/FreeType.
h: No such file or directory
    4 | #include "font/FreeType.h"
      |          ^~~~~~~~~~~~~~~~~
compilation terminated.
mingw32-make[3]: *** [CMakeFiles\warden.dir\build.make:6589: CMakeFiles/warden.dir/Source/UI/ScriptFunctionsGlueScriptE
vents.cpp.obj] Error 1
[ 29%] Building CXX object CMakeFiles/warden.dir/Source/UI/ScriptFunctionsRealmList.cpp.obj
In file included from D:/workcode/game/warden/Source/StormMac/db/Db.h:7,
                 from D:\workcode\game\warden\Source\UI\ScriptFunctionsRealmList.cpp:7:
D:/workcode/game/warden/Source/StormMac/db/WowClientDB.h:90:22: warning: multi-character
 character constant [-Wmultichar]
   90 |     if (signature != 'CBDW') {
      |                      ^~~~~~
D:\workcode\game\warden\Source\UI\ScriptFunctionsRealmList.cpp: In function 'int32_t S
cript_GetNumRealms(lua_State*)':
D:\workcode\game\warden\Source\UI\ScriptFunctionsRealmList.cpp:28:37: error: 'Su
b4DE910' is not a member of 'CRealmList'
   28 |         categoryIndex = CRealmList::Sub4DE910(categoryIndex);
      |                                     ^~~~~~~~~
D:\workcode\game\warden\Source\UI\ScriptFunctionsRealmList.cpp:31:41: error: 's_
categories' is not a member of 'CRealmList'
   31 |         if (categoryIndex < CRealmList::s_categories.Count()) {
      |                                         ^~~~~~~~~~~~
D:\workcode\game\warden\Source\UI\ScriptFunctionsRealmList.cpp:32:46: error: 's_
categories' is not a member of 'CRealmList'
   32 |             auto realmCategory = CRealmList::s_categories[categoryIndex];
      |                                              ^~~~~~~~~~~~
D:\workcode\game\warden\Source\UI\ScriptFunctionsRealmList.cpp:44:41: error: 's_
categories' is not a member of 'CRealmList'
   44 |     for (int32_t i = 0; i < CRealmList::s_categories.Count(); i++) {
      |                                         ^~~~~~~~~~~~
D:\workcode\game\warden\Source\UI\ScriptFunctionsRealmList.cpp:45:42: error: 's_
categories' is not a member of 'CRealmList'
   45 |         auto realmCategory = CRealmList::s_categories[i];
      |                                          ^~~~~~~~~~~~
D:\workcode\game\warden\Source\UI\ScriptFunctionsRealmList.cpp: In function 'int32_t S
cript_GetRealmInfo(lua_State*)':
D:\workcode\game\warden\Source\UI\ScriptFunctionsRealmList.cpp:65:37: error: 'Su
b4DE910' is not a member of 'CRealmList'
   65 |         categoryIndex = CRealmList::Sub4DE910(categoryIndex);
      |                                     ^~~~~~~~~
D:\workcode\game\warden\Source\UI\ScriptFunctionsRealmList.cpp:67:58: error: 's_
categories' is not a member of 'CRealmList'
   67 |         auto realmCategory = categoryIndex < CRealmList::s_categories.Count()
      |                                                          ^~~~~~~~~~~~
D:\workcode\game\warden\Source\UI\ScriptFunctionsRealmList.cpp:68:44: error: 's_
categories' is not a member of 'CRealmList'
   68 |                              ? CRealmList::s_categories[categoryIndex]
      |                                            ^~~~~~~~~~~~
D:\workcode\game\warden\Source\UI\ScriptFunctionsRealmList.cpp:78:45: error: 's_
categories' is not a member of 'CRealmList'
   78 |         for (int32_t i = 0; i < CRealmList::s_categories.Count(); i++) {
      |                                             ^~~~~~~~~~~~
D:\workcode\game\warden\Source\UI\ScriptFunctionsRealmList.cpp:79:46: error: 's_
categories' is not a member of 'CRealmList'
   79 |             auto realmCategory = CRealmList::s_categories[i];
      |                                              ^~~~~~~~~~~~
D:\workcode\game\warden\Source\UI\ScriptFunctionsRealmList.cpp: In function 'int32_t S
cript_ChangeRealm(lua_State*)':
D:\workcode\game\warden\Source\UI\ScriptFunctionsRealmList.cpp:202:37: error: 'S
ub4DE910' is not a member of 'CRealmList'
  202 |         categoryIndex = CRealmList::Sub4DE910(categoryIndex);
      |                                     ^~~~~~~~~
D:\workcode\game\warden\Source\UI\ScriptFunctionsRealmList.cpp:204:21: error: 's
_selectedCategory' is not a member of 'CRealmList'
  204 |         CRealmList::s_selectedCategory = categoryIndex;
      |                     ^~~~~~~~~~~~~~~~~~
D:\workcode\game\warden\Source\UI\ScriptFunctionsRealmList.cpp:206:58: error: 's
_categories' is not a member of 'CRealmList'
  206 |         auto realmCategory = categoryIndex < CRealmList::s_categories.Count()
      |                                                          ^~~~~~~~~~~~
D:\workcode\game\warden\Source\UI\ScriptFunctionsRealmList.cpp:207:44: error: 's
_categories' is not a member of 'CRealmList'
  207 |                              ? CRealmList::s_categories[categoryIndex]
      |                                            ^~~~~~~~~~~~
D:\workcode\game\warden\Source\UI\ScriptFunctionsRealmList.cpp:217:45: error: 's
_categories' is not a member of 'CRealmList'
  217 |         for (int32_t i = 0; i < CRealmList::s_categories.Count(); i++) {
      |                                             ^~~~~~~~~~~~
D:\workcode\game\warden\Source\UI\ScriptFunctionsRealmList.cpp:218:46: error: 's
_categories' is not a member of 'CRealmList'
  218 |             auto realmCategory = CRealmList::s_categories[i];
      |                                              ^~~~~~~~~~~~
D:\workcode\game\warden\Source\UI\ScriptFunctionsRealmList.cpp:230:25: error: 's
_preferredCategory' is not a member of 'CRealmList'
  230 |         if (CRealmList::s_preferredCategory == -1) {
      |                         ^~~~~~~~~~~~~~~~~~~
D:\workcode\game\warden\Source\UI\ScriptFunctionsRealmList.cpp:231:25: error: 's
_preferredCategory' is not a member of 'CRealmList'
  231 |             CRealmList::s_preferredCategory = 0;
      |                         ^~~~~~~~~~~~~~~~~~~
D:\workcode\game\warden\Source\UI\ScriptFunctionsRealmList.cpp:234:19: error: 'C
hangeRealm' is not a member of 'CGlueMgr'
  234 |         CGlueMgr::ChangeRealm(realmInfo);
      |                   ^~~~~~~~~~~
D:\workcode\game\warden\Source\UI\ScriptFunctionsRealmList.cpp: In function 'int32_t S
cript_SetPreferredInfo(lua_State*)':
D:\workcode\game\warden\Source\UI\ScriptFunctionsRealmList.cpp:253:17: error: 'S
etPreferredInfo' is not a member of 'CRealmList'
  253 |     CRealmList::SetPreferredInfo(index, pvp, rp);
      |                 ^~~~~~~~~~~~~~~~
D:\workcode\game\warden\Source\UI\ScriptFunctionsRealmList.cpp: In function 'int32_t S
cript_GetSelectedCategory(lua_State*)':
D:\workcode\game\warden\Source\UI\ScriptFunctionsRealmList.cpp:263:21: error: 's
_categories' is not a member of 'CRealmList'
  263 |     if (CRealmList::s_categories.Count() == 0) {
      |                     ^~~~~~~~~~~~
D:\workcode\game\warden\Source\UI\ScriptFunctionsRealmList.cpp:270:42: error: 's
_categories' is not a member of 'CRealmList'
  270 |     for (uint32_t i = 0; i < CRealmList::s_categories.Count(); i++) {
      |                                          ^~~~~~~~~~~~
D:\workcode\game\warden\Source\UI\ScriptFunctionsRealmList.cpp:271:42: error: 's
_categories' is not a member of 'CRealmList'
  271 |         auto realmCategory = CRealmList::s_categories[i];
      |                                          ^~~~~~~~~~~~
D:\workcode\game\warden\Source\UI\ScriptFunctionsRealmList.cpp:275:34: error: 's
_selectedCategory' is not a member of 'CRealmList'
  275 |             if (i >= CRealmList::s_selectedCategory) {
      |                                  ^~~~~~~~~~~~~~~~~~
mingw32-make[3]: *** [CMakeFiles\warden.dir\build.make:6604: CMakeFiles/warden.dir/Source/UI/ScriptFunctionsRealmList.c
pp.obj] Error 1
[ 29%] Building CXX object CMakeFiles/warden.dir/Source/UI/ScriptFunctionsSimpleFrame.cpp.obj
In file included from D:/workcode/game/warden/Source/UI/CSimpleFontString.h:3,
                 from D:/workcode/game/warden/Source/UI/CRenderBatch.h:16,
                 from D:/workcode/game/warden/Source/UI/CSimpleFrame.h:8,
                 from D:\workcode\game\warden\Source\UI\ScriptFunctionsSimpleFrame.cpp:2:
D:/workcode/game/warden/Source/Engine/Source/Gx/Font.h:4:10: fatal error: font/FreeType.
h: No such file or directory
    4 | #include "font/FreeType.h"
      |          ^~~~~~~~~~~~~~~~~
compilation terminated.
mingw32-make[3]: *** [CMakeFiles\warden.dir\build.make:6634: CMakeFiles/warden.dir/Source/UI/ScriptFunctionsSimpleFrame
.cpp.obj] Error 1
[ 29%] Building CXX object CMakeFiles/warden.dir/Source/Unit/CFStringUtilities.cpp.obj
D:\workcode\game\warden\Source\Unit\CFStringUtilities.cpp:1:10: fatal error: CFStringUti
lities.h: No such file or directory
    1 | #include "CFStringUtilities.h"
      |          ^~~~~~~~~~~~~~~~~~~~~
compilation terminated.
mingw32-make[3]: *** [CMakeFiles\warden.dir\build.make:6814: CMakeFiles/warden.dir/Source/Unit/CFStringUtilities.cpp.ob
j] Error 1
[ 29%] Building CXX object CMakeFiles/warden.dir/Source/Unit/CUnit_Enum.cpp.obj
D:\workcode\game\warden\Source\Unit\CUnit_Enum.cpp:1:10: fatal error: CUnit_Enum.h: No s
uch file or directory
    1 | #include "CUnit_Enum.h"
      |          ^~~~~~~~~~~~~~
compilation terminated.
mingw32-make[3]: *** [CMakeFiles\warden.dir\build.make:6904: CMakeFiles/warden.dir/Source/Unit/CUnit_Enum.cpp.obj] Erro
r 1
[ 29%] Building CXX object CMakeFiles/warden.dir/Source/Unit/CUnit_Ownership.cpp.obj
D:\workcode\game\warden\Source\Unit\CUnit_Ownership.cpp:1:10: fatal error: CUnit_Ownersh
ip.h: No such file or directory
    1 | #include "CUnit_Ownership.h"
      |          ^~~~~~~~~~~~~~~~~~~
compilation terminated.
mingw32-make[3]: *** [CMakeFiles\warden.dir\build.make:6919: CMakeFiles/warden.dir/Source/Unit/CUnit_Ownership.cpp.obj]
 Error 1
[ 29%] Building CXX object CMakeFiles/warden.dir/Source/Unit/CUnit_Visibility.cpp.obj
D:\workcode\game\warden\Source\Unit\CUnit_Visibility.cpp:1:10: fatal error: CUnit_Visibi
lity.h: No such file or directory
    1 | #include "CUnit_Visibility.h"
      |          ^~~~~~~~~~~~~~~~~~~~
compilation terminated.
mingw32-make[3]: *** [CMakeFiles\warden.dir\build.make:6934: CMakeFiles/warden.dir/Source/Unit/CUnit_Visibility.cpp.obj
] Error 1
[ 29%] Building CXX object CMakeFiles/warden.dir/Source/Unit/CUnit_Vision.cpp.obj
D:\workcode\game\warden\Source\Unit\CUnit_Vision.cpp:1:10: fatal error: CUnit_Vision.h: 
No such file or directory
    1 | #include "CUnit_Vision.h"
      |          ^~~~~~~~~~~~~~~~
compilation terminated.
mingw32-make[3]: *** [CMakeFiles\warden.dir\build.make:6949: CMakeFiles/warden.dir/Source/Unit/CUnit_Vision.cpp.obj] Er
ror 1
[ 29%] Building CXX object CMakeFiles/warden.dir/Source/WorldEdit/CTerrainBlight.cpp.obj
D:\workcode\game\warden\Source\WorldEdit\CTerrainBlight.cpp: In member function 'void CTerrainBli
ght::AddBlight(int32_t, int32_t, int32_t)':
D:\workcode\game\warden\Source\WorldEdit\CTerrainBlight.cpp:17:26: error: invalid use of
 incomplete type 'class CTerrain'
   17 |             if (m_terrain->InBoundsInt(tx, ty)) {
      |                          ^~
In file included from D:\workcode\game\warden\Source\WorldEdit\CTerrainBlight.cpp:1:
D:\workcode\game\warden\Source\WorldEdit\CTerrainBlight.h:6:7: note: forward declaration
 of 'class CTerrain'
    6 | class CTerrain;
      |       ^~~~~~~~
D:\workcode\game\warden\Source\WorldEdit\CTerrainBlight.cpp:19:43: error: invalid use of
 incomplete type 'class CTerrain'
   19 |                 uint32_t flags = m_terrain->GetFlags(tx, ty);
      |                                           ^~
D:\workcode\game\warden\Source\WorldEdit\CTerrainBlight.h:6:7: note: forward declaration
 of 'class CTerrain'
    6 | class CTerrain;
      |       ^~~~~~~~
D:\workcode\game\warden\Source\WorldEdit\CTerrainBlight.cpp:21:26: error: invalid use of
 incomplete type 'class CTerrain'
   21 |                 m_terrain->SetFlags(tx, ty, flags);
      |                          ^~
D:\workcode\game\warden\Source\WorldEdit\CTerrainBlight.h:6:7: note: forward declaration
 of 'class CTerrain'
    6 | class CTerrain;
      |       ^~~~~~~~
D:\workcode\game\warden\Source\WorldEdit\CTerrainBlight.cpp: In member function 'void CTerrainBli
ght::RemoveBlight(int32_t, int32_t, int32_t)':
D:\workcode\game\warden\Source\WorldEdit\CTerrainBlight.cpp:35:26: error: invalid use of
 incomplete type 'class CTerrain'
   35 |             if (m_terrain->InBoundsInt(tx, ty)) {
      |                          ^~
D:\workcode\game\warden\Source\WorldEdit\CTerrainBlight.h:6:7: note: forward declaration
 of 'class CTerrain'
    6 | class CTerrain;
      |       ^~~~~~~~
D:\workcode\game\warden\Source\WorldEdit\CTerrainBlight.cpp:37:43: error: invalid use of
 incomplete type 'class CTerrain'
   37 |                 uint32_t flags = m_terrain->GetFlags(tx, ty);
      |                                           ^~
D:\workcode\game\warden\Source\WorldEdit\CTerrainBlight.h:6:7: note: forward declaration
 of 'class CTerrain'
    6 | class CTerrain;
      |       ^~~~~~~~
D:\workcode\game\warden\Source\WorldEdit\CTerrainBlight.cpp:39:26: error: invalid use of
 incomplete type 'class CTerrain'
   39 |                 m_terrain->SetFlags(tx, ty, flags);
      |                          ^~
D:\workcode\game\warden\Source\WorldEdit\CTerrainBlight.h:6:7: note: forward declaration
 of 'class CTerrain'
    6 | class CTerrain;
      |       ^~~~~~~~
D:\workcode\game\warden\Source\WorldEdit\CTerrainBlight.cpp: In member function 'bool CTerrainBli
ght::HasBlight(int32_t, int32_t) const':
D:\workcode\game\warden\Source\WorldEdit\CTerrainBlight.cpp:48:18: error: invalid use of
 incomplete type 'class CTerrain'
   48 |     if (m_terrain->InBoundsInt(x, y)) {
      |                  ^~
D:\workcode\game\warden\Source\WorldEdit\CTerrainBlight.h:6:7: note: forward declaration
 of 'class CTerrain'
    6 | class CTerrain;
      |       ^~~~~~~~
D:\workcode\game\warden\Source\WorldEdit\CTerrainBlight.cpp:49:35: error: invalid use of
 incomplete type 'class CTerrain'
   49 |         uint32_t flags = m_terrain->GetFlags(x, y);
      |                                   ^~
D:\workcode\game\warden\Source\WorldEdit\CTerrainBlight.h:6:7: note: forward declaration
 of 'class CTerrain'
    6 | class CTerrain;
      |       ^~~~~~~~
mingw32-make[3]: *** [CMakeFiles\warden.dir\build.make:7054: CMakeFiles/warden.dir/Source/WorldEdit/CTerrainBlight.cpp.
obj] Error 1
mingw32-make[3]: Target 'CMakeFiles/warden.dir/build' not remade because of errors.
mingw32-make[2]: *** [CMakeFiles\Makefile2:384: CMakeFiles/warden.dir/all] Error 2
mingw32-make[1]: *** [CMakeFiles\Makefile2:391: CMakeFiles/warden.dir/rule] Error 2
mingw32-make[1]: Target 'warden' not remade because of errors.
mingw32-make: *** [Makefile:178: warden] Error 2

