[  0%] Built target expat-2.0_autogen_timestamp_deps
[  0%] Built target expat-2.0_autogen
[  1%] Built target expat-2.0
[  1%] Built target lua-5.1_autogen_timestamp_deps
[  1%] Built target lua-5.1_autogen
[  8%] Built target lua-5.1
[  8%] Built target freetype-2.0_autogen_timestamp_deps
[  8%] Built target freetype-2.0_autogen
[ 13%] Built target freetype-2.0
[ 13%] Built target warden_autogen_timestamp_deps
[ 13%] Built target warden_autogen
[ 13%] Building CXX object CMakeFiles/warden.dir/Source/Engine/Source/Net/connection/NetClient.cpp.obj
cmake.exe : [01m[KD:\workcode\game\warden\Source\Engine\Source\Net\connection\NetClient.cpp:3:10:[m[K [01;31m[Kfa
tal error: [m[KCommon/datastore/CDataStore.h: No such file or directory
所在位置 行:1 字符: 1
+ & "C:\Program Files\JetBrains\CLion 2026.2.1\bin\cmake\win\x64\bin\cm ...
+ ~~~~~~~~~~~~~~~~~~~~~~~~~~~~~~~~~~~~~~~~~~~~~~~~~~~~~~~~~~~~~~~~~~~~~
    + CategoryInfo          : NotSpecified: ([01m[KD:\work...le or directory:String) [], RemoteException
    + FullyQualifiedErrorId : NativeCommandError
 
    3 | #include [01;31m[K"Common/datastore/CDataStore.h"[m[K
      |          [01;31m[K^~~~~~~~~~~~~~~~~~~~~~~~~~~~~~~[m[K
compilation terminated.
mingw32-make[3]: *** [CMakeFiles\warden.dir\build.make:2809: CMakeFiles/warden.dir/Source/Engine/Source/Net/connection/
NetClient.cpp.obj] Error 1
[ 13%] Building CXX object CMakeFiles/warden.dir/Source/Engine/Source/Net/connection/RealmConnection.cpp.obj
[01m[KD:\workcode\game\warden\Source\Engine\Source\Net\connection\RealmConnection.cpp:5:10:[m[K [01;31m[Kfatal er
ror: [m[KCommon/datastore/CDataStore.h: No such file or directory
    5 | #include [01;31m[K"Common/datastore/CDataStore.h"[m[K
      |          [01;31m[K^~~~~~~~~~~~~~~~~~~~~~~~~~~~~~~[m[K
compilation terminated.
mingw32-make[3]: *** [CMakeFiles\warden.dir\build.make:2824: CMakeFiles/warden.dir/Source/Engine/Source/Net/connection/
RealmConnection.cpp.obj] Error 1
[ 13%] Building CXX object CMakeFiles/warden.dir/Source/Engine/Source/Net/connection/WowConnection.cpp.obj
[01m[KD:\workcode\game\warden\Source\Engine\Source\Net\connection\WowConnection.cpp:12:10:[m[K [01;31m[Kfatal err
or: [m[KCommon/datastore/CDataStore.h: No such file or directory
   12 | #include [01;31m[K"Common/datastore/CDataStore.h"[m[K
      |          [01;31m[K^~~~~~~~~~~~~~~~~~~~~~~~~~~~~~~[m[K
compilation terminated.
mingw32-make[3]: *** [CMakeFiles\warden.dir\build.make:2839: CMakeFiles/warden.dir/Source/Engine/Source/Net/connection/
WowConnection.cpp.obj] Error 1
[ 13%] Building CXX object CMakeFiles/warden.dir/Source/Engine/Source/Net/grunt/ClientLink.cpp.obj
In file included from [01m[KD:/workcode/game/warden/Source/Engine/Source/net/grunt/ClientLink.h:6[m[K,
                 from [01m[KD:\workcode\game\warden\Source\Engine\Source\Net\grunt\ClientLink.cpp:1[m[K:
[01m[KD:/workcode/game/warden/Source/Engine/Source/net/grunt/Timer.h:8:10:[m[K [01;31m[Kfatal error: [m[K../Eve
nt/Event.h: No such file or directory
    8 | #include [01;31m[K"../Event/Event.h"[m[K
      |          [01;31m[K^~~~~~~~~~~~~~~~~~[m[K
compilation terminated.
mingw32-make[3]: *** [CMakeFiles\warden.dir\build.make:2884: CMakeFiles/warden.dir/Source/Engine/Source/Net/grunt/Clien
tLink.cpp.obj] Error 1
[ 13%] Building CXX object CMakeFiles/warden.dir/Source/Engine/Source/Net/grunt/Timer.cpp.obj
In file included from [01m[KD:\workcode\game\warden\Source\Engine\Source\Net\grunt\Timer.cpp:1[m[K:
[01m[KD:/workcode/game/warden/Source/Engine/Source/net/grunt/Timer.h:8:10:[m[K [01;31m[Kfatal error: [m[K../Eve
nt/Event.h: No such file or directory
    8 | #include [01;31m[K"../Event/Event.h"[m[K
      |          [01;31m[K^~~~~~~~~~~~~~~~~~[m[K
compilation terminated.
mingw32-make[3]: *** [CMakeFiles\warden.dir\build.make:2914: CMakeFiles/warden.dir/Source/Engine/Source/Net/grunt/Timer
.cpp.obj] Error 1
[ 13%] Building CXX object CMakeFiles/warden.dir/Source/Engine/Source/Net/login/GruntLogin.cpp.obj
In file included from [01m[KD:/workcode/game/warden/Source/Engine/Source/net/grunt/ClientLink.h:6[m[K,
                 from [01m[KD:\workcode\game\warden\Source\Engine\Source\Net\login\GruntLogin.cpp:2[m[K:
[01m[KD:/workcode/game/warden/Source/Engine/Source/net/grunt/Timer.h:8:10:[m[K [01;31m[Kfatal error: [m[K../Eve
nt/Event.h: No such file or directory
    8 | #include [01;31m[K"../Event/Event.h"[m[K
      |          [01;31m[K^~~~~~~~~~~~~~~~~~[m[K
compilation terminated.
mingw32-make[3]: *** [CMakeFiles\warden.dir\build.make:2929: CMakeFiles/warden.dir/Source/Engine/Source/Net/login/Grunt
Login.cpp.obj] Error 1
[ 15%] Building CXX object CMakeFiles/warden.dir/Source/Engine/Source/Net/login/Login.cpp.obj
[01m[KD:\workcode\game\warden\Source\Engine\Source\Net\login\Login.cpp:5:10:[m[K [01;31m[Kfatal error: [m[KComm
on/datastore/CDataStore.h: No such file or directory
    5 | #include [01;31m[K"Common/datastore/CDataStore.h"[m[K
      |          [01;31m[K^~~~~~~~~~~~~~~~~~~~~~~~~~~~~~~[m[K
compilation terminated.
mingw32-make[3]: *** [CMakeFiles\warden.dir\build.make:2944: CMakeFiles/warden.dir/Source/Engine/Source/Net/login/Login
.cpp.obj] Error 1
[ 15%] Building CXX object CMakeFiles/warden.dir/Source/Engine/Source/Net/login/LoginResponse.cpp.obj
[01m[KD:\workcode\game\warden\Source\Engine\Source\Net\login\LoginResponse.cpp:3:10:[m[K [01;31m[Kfatal error: [
m[KCommon/datastore/CDataStore.h: No such file or directory
    3 | #include [01;31m[K"Common/datastore/CDataStore.h"[m[K
      |          [01;31m[K^~~~~~~~~~~~~~~~~~~~~~~~~~~~~~~[m[K
compilation terminated.
mingw32-make[3]: *** [CMakeFiles\warden.dir\build.make:2959: CMakeFiles/warden.dir/Source/Engine/Source/Net/login/Login
Response.cpp.obj] Error 1
[ 15%] Building CXX object CMakeFiles/warden.dir/Source/Engine/Source/Os/Mac/CoreAudio/MIDIPlayer.cpp.obj
[01m[KD:\workcode\game\warden\Source\Engine\Source\Os\Mac\CoreAudio\MIDIPlayer.cpp:1:10:[m[K [01;31m[Kfatal error
: [m[KMIDIPlayer.h: No such file or directory
    1 | #include [01;31m[K"MIDIPlayer.h"[m[K
      |          [01;31m[K^~~~~~~~~~~~~~[m[K
compilation terminated.
mingw32-make[3]: *** [CMakeFiles\warden.dir\build.make:3004: CMakeFiles/warden.dir/Source/Engine/Source/Os/Mac/CoreAudi
o/MIDIPlayer.cpp.obj] Error 1
[ 15%] Building CXX object CMakeFiles/warden.dir/Source/Engine/Source/Os/Mac/CoreAudio/WAVPlayerCoreAudio.cpp.obj
[01m[KD:\workcode\game\warden\Source\Engine\Source\Os\Mac\CoreAudio\WAVPlayerCoreAudio.cpp:1:10:[m[K [01;31m[Kfat
al error: [m[KWAVPlayerCoreAudio.h: No such file or directory
    1 | #include [01;31m[K"WAVPlayerCoreAudio.h"[m[K
      |          [01;31m[K^~~~~~~~~~~~~~~~~~~~~~[m[K
compilation terminated.
mingw32-make[3]: *** [CMakeFiles\warden.dir\build.make:3034: CMakeFiles/warden.dir/Source/Engine/Source/Os/Mac/CoreAudi
o/WAVPlayerCoreAudio.cpp.obj] Error 1
[ 15%] Building CXX object CMakeFiles/warden.dir/Source/Engine/Source/Os/Mac/EditBoxImpl.cpp.obj
[01m[KD:\workcode\game\warden\Source\Engine\Source\Os\Mac\EditBoxImpl.cpp:1:10:[m[K [01;31m[Kfatal error: [m[KE
ditBoxImpl.h: No such file or directory
    1 | #include [01;31m[K"EditBoxImpl.h"[m[K
      |          [01;31m[K^~~~~~~~~~~~~~~[m[K
compilation terminated.
mingw32-make[3]: *** [CMakeFiles\warden.dir\build.make:3049: CMakeFiles/warden.dir/Source/Engine/Source/Os/Mac/EditBoxI
mpl.cpp.obj] Error 1
[ 15%] Building CXX object CMakeFiles/warden.dir/Source/Engine/Source/Os/Mac/MainApp.cpp.obj
[01m[KD:\workcode\game\warden\Source\Engine\Source\Os\Mac\MainApp.cpp:1:10:[m[K [01;31m[Kfatal error: [m[KMainA
pp.h: No such file or directory
    1 | #include [01;31m[K"MainApp.h"[m[K
      |          [01;31m[K^~~~~~~~~~~[m[K
compilation terminated.
mingw32-make[3]: *** [CMakeFiles\warden.dir\build.make:3064: CMakeFiles/warden.dir/Source/Engine/Source/Os/Mac/MainApp.
cpp.obj] Error 1
[ 17%] Building CXX object CMakeFiles/warden.dir/Source/Engine/Source/Os/Mac/OsBattleNet.cpp.obj
[01m[KD:\workcode\game\warden\Source\Engine\Source\Os\Mac\OsBattleNet.cpp:1:10:[m[K [01;31m[Kfatal error: [m[KO
sBattleNet.h: No such file or directory
    1 | #include [01;31m[K"OsBattleNet.h"[m[K
      |          [01;31m[K^~~~~~~~~~~~~~~[m[K
compilation terminated.
mingw32-make[3]: *** [CMakeFiles\warden.dir\build.make:3079: CMakeFiles/warden.dir/Source/Engine/Source/Os/Mac/OsBattle
Net.cpp.obj] Error 1
[ 17%] Building CXX object CMakeFiles/warden.dir/Source/Engine/Source/Os/Mac/OsClipboard.cpp.obj
[01m[KD:\workcode\game\warden\Source\Engine\Source\Os\Mac\OsClipboard.cpp:1:10:[m[K [01;31m[Kfatal error: [m[KO
sClipboard.h: No such file or directory
    1 | #include [01;31m[K"OsClipboard.h"[m[K
      |          [01;31m[K^~~~~~~~~~~~~~~[m[K
compilation terminated.
mingw32-make[3]: *** [CMakeFiles\warden.dir\build.make:3094: CMakeFiles/warden.dir/Source/Engine/Source/Os/Mac/OsClipbo
ard.cpp.obj] Error 1
[ 17%] Building CXX object CMakeFiles/warden.dir/Source/Engine/Source/Os/Mac/OsGui.cpp.obj
[01m[KD:\workcode\game\warden\Source\Engine\Source\Os\Mac\OsGui.cpp:1:10:[m[K [01;31m[Kfatal error: [m[KOsGui.h
: No such file or directory
    1 | #include [01;31m[K"OsGui.h"[m[K
      |          [01;31m[K^~~~~~~~~[m[K
compilation terminated.
mingw32-make[3]: *** [CMakeFiles\warden.dir\build.make:3109: CMakeFiles/warden.dir/Source/Engine/Source/Os/Mac/OsGui.cp
p.obj] Error 1
[ 17%] Building CXX object CMakeFiles/warden.dir/Source/Engine/Source/Os/Mac/TreeViewImpl.cpp.obj
[01m[KD:\workcode\game\warden\Source\Engine\Source\Os\Mac\TreeViewImpl.cpp:1:10:[m[K [01;31m[Kfatal error: [m[K
TreeViewImpl.h: No such file or directory
    1 | #include [01;31m[K"TreeViewImpl.h"[m[K
      |          [01;31m[K^~~~~~~~~~~~~~~~[m[K
compilation terminated.
mingw32-make[3]: *** [CMakeFiles\warden.dir\build.make:3124: CMakeFiles/warden.dir/Source/Engine/Source/Os/Mac/TreeView
Impl.cpp.obj] Error 1
[ 17%] Building CXX object CMakeFiles/warden.dir/Source/Engine/Source/Os/W32/OSSystem.cpp.obj
[01m[KD:\workcode\game\warden\Source\Engine\Source\Os\W32\OSSystem.cpp:1:10:[m[K [01;31m[Kfatal error: [m[KOSSy
stem.h: No such file or directory
    1 | #include [01;31m[K"OSSystem.h"[m[K
      |          [01;31m[K^~~~~~~~~~~~[m[K
compilation terminated.
mingw32-make[3]: *** [CMakeFiles\warden.dir\build.make:3139: CMakeFiles/warden.dir/Source/Engine/Source/Os/W32/OSSystem
.cpp.obj] Error 1
[ 17%] Building CXX object CMakeFiles/warden.dir/Source/Engine/Source/Os/W32/OsLock.cpp.obj
[01m[KD:\workcode\game\warden\Source\Engine\Source\Os\W32\OsLock.cpp:1:10:[m[K [01;31m[Kfatal error: [m[KOsLock
.h: No such file or directory
    1 | #include [01;31m[K"OsLock.h"[m[K
      |          [01;31m[K^~~~~~~~~~[m[K
compilation terminated.
mingw32-make[3]: *** [CMakeFiles\warden.dir\build.make:3154: CMakeFiles/warden.dir/Source/Engine/Source/Os/W32/OsLock.c
pp.obj] Error 1
[ 17%] Building CXX object CMakeFiles/warden.dir/Source/Engine/Source/Os/W32/OsTcp.cpp.obj
[01m[KD:\workcode\game\warden\Source\Engine\Source\Os\W32\OsTcp.cpp:1:10:[m[K [01;31m[Kfatal error: [m[KOsTcp.h
: No such file or directory
    1 | #include [01;31m[K"OsTcp.h"[m[K
      |          [01;31m[K^~~~~~~~~[m[K
compilation terminated.
mingw32-make[3]: *** [CMakeFiles\warden.dir\build.make:3169: CMakeFiles/warden.dir/Source/Engine/Source/Os/W32/OsTcp.cp
p.obj] Error 1
[ 17%] Building CXX object CMakeFiles/warden.dir/Source/Engine/Source/Services/Profile.cpp.obj
[01m[KD:\workcode\game\warden\Source\Engine\Source\Services\Profile.cpp:[m[K In member function '[01m[Kbool Profi
le::[01;32m[KSave[m[K(const char*)[m[K':
[01m[KD:\workcode\game\warden\Source\Engine\Source\Services\Profile.cpp:19:32:[m[K [01;31m[Kerror: [m[Kvariable
 '[01m[Kstd::ofstream file[m[K' has initializer but incomplete type
   19 |     std::ofstream file(saveFile[01;31m[K)[m[K;
      |                                [01;31m[K^[m[K
[01m[KD:\workcode\game\warden\Source\Engine\Source\Services\Profile.cpp:2:1:[m[K [01;36m[Knote: [m[K'[01m[Kst
d::ofstream[m[K' is defined in header '[01m[K<fstream>[m[K'; this is probably fixable by adding '[01m[K#include
 <fstream>[m[K'
    1 | #include "Profile.h"
  +++ |+[32m[K#include <fstream>[m[K
    2 | 
mingw32-make[3]: *** [CMakeFiles\warden.dir\build.make:3274: CMakeFiles/warden.dir/Source/Engine/Source/Services/Profil
e.cpp.obj] Error 1
[ 17%] Building CXX object CMakeFiles/warden.dir/Source/Engine/Source/WardenClient/WardenClient.cpp.obj
[01m[KD:\workcode\game\warden\Source\Engine\Source\WardenClient\WardenClient.cpp:1:10:[m[K [01;31m[Kfatal error: 
[m[KWardenClient.h: No such file or directory
    1 | #include [01;31m[K"WardenClient.h"[m[K
      |          [01;31m[K^~~~~~~~~~~~~~~~[m[K
compilation terminated.
mingw32-make[3]: *** [CMakeFiles\warden.dir\build.make:3679: CMakeFiles/warden.dir/Source/Engine/Source/WardenClient/Wa
rdenClient.cpp.obj] Error 1
[ 17%] Building CXX object CMakeFiles/warden.dir/Source/Game/CDialogButtonEventReg.cpp.obj
In file included from [01m[KD:\workcode\game\warden\Source\Game\CDialogButtonEventReg.cpp:1[m[K:
[01m[KD:\workcode\game\warden\Source\Game\CDialogButtonEventReg.h:27:10:[m[K [01;31m[Kerror: [m[K'[01m[Kvecto
r[m[K' in namespace '[01m[Kstd[m[K' does not name a template type
   27 |     std::[01;31m[Kvector[m[K<ButtonEvent> m_registrations;
      |          [01;31m[K^~~~~~[m[K
[01m[KD:\workcode\game\warden\Source\Game\CDialogButtonEventReg.h:4:1:[m[K [01;36m[Knote: [m[K'[01m[Kstd::vec
tor[m[K' is defined in header '[01m[K<vector>[m[K'; this is probably fixable by adding '[01m[K#include <vector>
[m[K'
    3 | #include <cstdint>
  +++ |+[32m[K#include <vector>[m[K
    4 | 
[01m[KD:\workcode\game\warden\Source\Game\CDialogButtonEventReg.cpp:[m[K In member function '[01m[Kvoid CDialogBu
ttonEventReg::[01;32m[KRegisterButton[m[K(int32_t, int32_t)[m[K':
[01m[KD:\workcode\game\warden\Source\Game\CDialogButtonEventReg.cpp:9:5:[m[K [01;31m[Kerror: [m[K'[01m[Km_reg
istrations[m[K' was not declared in this scope
    9 |     [01;31m[Km_registrations[m[K.push_back({buttonId, eventId});
      |     [01;31m[K^~~~~~~~~~~~~~~[m[K
[01m[KD:\workcode\game\warden\Source\Game\CDialogButtonEventReg.cpp:[m[K In member function '[01m[Kvoid CDialogBu
ttonEventReg::[01;32m[KUnregisterButton[m[K(int32_t)[m[K':
[01m[KD:\workcode\game\warden\Source\Game\CDialogButtonEventReg.cpp:13:5:[m[K [01;31m[Kerror: [m[K'[01m[Km_re
gistrations[m[K' was not declared in this scope
   13 |     [01;31m[Km_registrations[m[K.erase(
      |     [01;31m[K^~~~~~~~~~~~~~~[m[K
[01m[KD:\workcode\game\warden\Source\Game\CDialogButtonEventReg.cpp:14:14:[m[K [01;31m[Kerror: [m[K'[01m[Krem
ove_if[m[K' is not a member of '[01m[Kstd[m[K'
   14 |         std::[01;31m[Kremove_if[m[K(m_registrations.begin(), m_registrations.end(),
      |              [01;31m[K^~~~~~~~~[m[K
[01m[KD:\workcode\game\warden\Source\Game\CDialogButtonEventReg.cpp:[m[K In member function '[01m[Kint32_t CDialo
gButtonEventReg::[01;32m[KGetEventId[m[K(int32_t) const[m[K':
[01m[KD:\workcode\game\warden\Source\Game\CDialogButtonEventReg.cpp:20:28:[m[K [01;31m[Kerror: [m[K'[01m[Km_r
egistrations[m[K' was not declared in this scope
   20 |     for (const auto& reg : [01;31m[Km_registrations[m[K) {
      |                            [01;31m[K^~~~~~~~~~~~~~~[m[K
[01m[KD:\workcode\game\warden\Source\Game\CDialogButtonEventReg.cpp:[m[K In member function '[01m[Kbool CDialogBu
ttonEventReg::[01;32m[KIsRegistered[m[K(int32_t) const[m[K':
[01m[KD:\workcode\game\warden\Source\Game\CDialogButtonEventReg.cpp:29:28:[m[K [01;31m[Kerror: [m[K'[01m[Km_r
egistrations[m[K' was not declared in this scope
   29 |     for (const auto& reg : [01;31m[Km_registrations[m[K) {
      |                            [01;31m[K^~~~~~~~~~~~~~~[m[K
mingw32-make[3]: *** [CMakeFiles\warden.dir\build.make:3694: CMakeFiles/warden.dir/Source/Game/CDialogButtonEventReg.cp
p.obj] Error 1
[ 17%] Building CXX object CMakeFiles/warden.dir/Source/Game/CDialogEventReg.cpp.obj
In file included from [01m[KD:\workcode\game\warden\Source\Game\CDialogEventReg.cpp:1[m[K:
[01m[KD:\workcode\game\warden\Source\Game\CDialogEventReg.h:27:10:[m[K [01;31m[Kerror: [m[K'[01m[Kvector[m[
K' in namespace '[01m[Kstd[m[K' does not name a template type
   27 |     std::[01;31m[Kvector[m[K<DialogEvent> m_registrations;
      |          [01;31m[K^~~~~~[m[K
[01m[KD:\workcode\game\warden\Source\Game\CDialogEventReg.h:4:1:[m[K [01;36m[Knote: [m[K'[01m[Kstd::vector[m
[K' is defined in header '[01m[K<vector>[m[K'; this is probably fixable by adding '[01m[K#include <vector>[m[K
'
    3 | #include <cstdint>
  +++ |+[32m[K#include <vector>[m[K
    4 | 
[01m[KD:\workcode\game\warden\Source\Game\CDialogEventReg.cpp:[m[K In member function '[01m[Kvoid CDialogEventReg
::[01;32m[KRegisterDialog[m[K(int32_t, int32_t)[m[K':
[01m[KD:\workcode\game\warden\Source\Game\CDialogEventReg.cpp:9:5:[m[K [01;31m[Kerror: [m[K'[01m[Km_registrat
ions[m[K' was not declared in this scope
    9 |     [01;31m[Km_registrations[m[K.push_back({dialogId, eventId});
      |     [01;31m[K^~~~~~~~~~~~~~~[m[K
[01m[KD:\workcode\game\warden\Source\Game\CDialogEventReg.cpp:[m[K In member function '[01m[Kvoid CDialogEventReg
::[01;32m[KUnregisterDialog[m[K(int32_t)[m[K':
[01m[KD:\workcode\game\warden\Source\Game\CDialogEventReg.cpp:13:5:[m[K [01;31m[Kerror: [m[K'[01m[Km_registra
tions[m[K' was not declared in this scope
   13 |     [01;31m[Km_registrations[m[K.erase(
      |     [01;31m[K^~~~~~~~~~~~~~~[m[K
[01m[KD:\workcode\game\warden\Source\Game\CDialogEventReg.cpp:14:14:[m[K [01;31m[Kerror: [m[K'[01m[Kremove_if
[m[K' is not a member of '[01m[Kstd[m[K'
   14 |         std::[01;31m[Kremove_if[m[K(m_registrations.begin(), m_registrations.end(),
      |              [01;31m[K^~~~~~~~~[m[K
[01m[KD:\workcode\game\warden\Source\Game\CDialogEventReg.cpp:[m[K In member function '[01m[Kint32_t CDialogEvent
Reg::[01;32m[KGetEventId[m[K(int32_t) const[m[K':
[01m[KD:\workcode\game\warden\Source\Game\CDialogEventReg.cpp:20:28:[m[K [01;31m[Kerror: [m[K'[01m[Km_registr
ations[m[K' was not declared in this scope
   20 |     for (const auto& reg : [01;31m[Km_registrations[m[K) {
      |                            [01;31m[K^~~~~~~~~~~~~~~[m[K
[01m[KD:\workcode\game\warden\Source\Game\CDialogEventReg.cpp:[m[K In member function '[01m[Kbool CDialogEventReg
::[01;32m[KIsRegistered[m[K(int32_t) const[m[K':
[01m[KD:\workcode\game\warden\Source\Game\CDialogEventReg.cpp:29:28:[m[K [01;31m[Kerror: [m[K'[01m[Km_registr
ations[m[K' was not declared in this scope
   29 |     for (const auto& reg : [01;31m[Km_registrations[m[K) {
      |                            [01;31m[K^~~~~~~~~~~~~~~[m[K
mingw32-make[3]: *** [CMakeFiles\warden.dir\build.make:3709: CMakeFiles/warden.dir/Source/Game/CDialogEventReg.cpp.obj]
 Error 1
[ 17%] Building CXX object CMakeFiles/warden.dir/Source/Game/CPreferencesWar3.cpp.obj
[01m[KD:\workcode\game\warden\Source\Game\CPreferencesWar3.cpp:1:10:[m[K [01;31m[Kfatal error: [m[KCPreferences
War3.h: No such file or directory
    1 | #include [01;31m[K"CPreferencesWar3.h"[m[K
      |          [01;31m[K^~~~~~~~~~~~~~~~~~~~[m[K
compilation terminated.
mingw32-make[3]: *** [CMakeFiles\warden.dir\build.make:3844: CMakeFiles/warden.dir/Source/Game/CPreferencesWar3.cpp.obj
] Error 1
[ 17%] Building CXX object CMakeFiles/warden.dir/Source/Game/CWorld.cpp.obj
[01m[KD:\workcode\game\warden\Source\Game\CWorld.cpp:5:10:[m[K [01;31m[Kfatal error: [m[KTerrain/CTerrain.h: No
 such file or directory
    5 | #include [01;31m[K"Terrain/CTerrain.h"[m[K
      |          [01;31m[K^~~~~~~~~~~~~~~~~~~~[m[K
compilation terminated.
mingw32-make[3]: *** [CMakeFiles\warden.dir\build.make:3904: CMakeFiles/warden.dir/Source/Game/CWorld.cpp.obj] Error 1
[ 17%] Building CXX object CMakeFiles/warden.dir/Source/Game/CampaignProfiles.cpp.obj
[01m[KD:\workcode\game\warden\Source\Game\CampaignProfiles.cpp:[m[K In member function '[01m[Kvoid CampaignProfil
es::[01;32m[KRemoveProfile[m[K(int32_t)[m[K':
[01m[KD:\workcode\game\warden\Source\Game\CampaignProfiles.cpp:30:14:[m[K [01;31m[Kerror: [m[K'[01m[Kremove_i
f[m[K' is not a member of '[01m[Kstd[m[K'; did you mean '[01m[Kremove_cv[m[K'?
   30 |         std::[01;31m[Kremove_if[m[K(m_profiles.begin(), m_profiles.end(),
      |              [01;31m[K^~~~~~~~~[m[K
      |              [32m[Kremove_cv[m[K
mingw32-make[3]: *** [CMakeFiles\warden.dir\build.make:3919: CMakeFiles/warden.dir/Source/Game/CampaignProfiles.cpp.obj
] Error 1
[ 17%] Building CXX object CMakeFiles/warden.dir/Source/Game/Client.cpp.obj
In file included from [01m[KD:/workcode/game/warden/Source/StormMac/db/Db.h:7[m[K,
                 from [01m[KD:\workcode\game\warden\Source\Game\Client.cpp:17[m[K:
[01m[KD:/workcode/game/warden/Source/StormMac/db/WowClientDB.h:90:22:[m[K [01;35m[Kwarning: [m[Kmulti-character
 character constant [[01;35m[K-Wmultichar[m[K]
   90 |     if (signature != [01;35m[K'CBDW'[m[K) {
      |                      [01;35m[K^~~~~~[m[K
[01m[KD:\workcode\game\warden\Source\Game\Client.cpp:[m[K In function '[01m[Kvoid[01;32m[K WowClientInit[m[K(
)[m[K':
[01m[KD:\workcode\game\warden\Source\Game\Client.cpp:410:25:[m[K [01;31m[Kerror: [m[Kcannot call member functio
n '[01m[Kbool CGlueMgr::[01;32m[KInitialize[m[K()[m[K' without object
  410 |     [01;31m[KCGlueMgr::Initialize()[m[K;
      |     [01;31m[K~~~~~~~~~~~~~~~~~~~~^~[m[K
[01m[KD:\workcode\game\warden\Source\Game\Client.cpp:444:15:[m[K [01;31m[Kerror: [m[K'[01m[KSetScreen[m[K' 
is not a member of '[01m[KCGlueMgr[m[K'
  444 |     CGlueMgr::[01;31m[KSetScreen[m[K("login");
      |               [01;31m[K^~~~~~~~~[m[K
mingw32-make[3]: *** [CMakeFiles\warden.dir\build.make:3934: CMakeFiles/warden.dir/Source/Game/Client.cpp.obj] Error 1
[ 17%] Building CXX object CMakeFiles/warden.dir/Source/Game/ClientServices.cpp.obj
[01m[KD:\workcode\game\warden\Source\Game\ClientServices.cpp:[m[K In member function '[01m[Kvirtual void ClientSe
rvices::[01;32m[KLoginServerStatus[m[K(LOGIN_STATE, LOGIN_RESULT, const char*, const char*, const char*, uint8_t)[
m[K':
[01m[KD:\workcode\game\warden\Source\Game\ClientServices.cpp:191:15:[m[K [01;31m[Kerror: [m[K'[01m[KSetLoginS
tateAndResult[m[K' is not a member of '[01m[KCGlueMgr[m[K'
  191 |     CGlueMgr::[01;31m[KSetLoginStateAndResult[m[K(state, result, addrStr, stateStr, resultStr, flags);
      |               [01;31m[K^~~~~~~~~~~~~~~~~~~~~~[m[K
[01m[KD:\workcode\game\warden\Source\Game\ClientServices.cpp:203:19:[m[K [01;31m[Kerror: [m[K'[01m[KSetCurren
tAccount[m[K' is not a member of '[01m[KCGlueMgr[m[K'
  203 |         CGlueMgr::[01;31m[KSetCurrentAccount[m[K(loginData.m_account);
      |                   [01;31m[K^~~~~~~~~~~~~~~~~[m[K
mingw32-make[3]: *** [CMakeFiles\warden.dir\build.make:3964: CMakeFiles/warden.dir/Source/Game/ClientServices.cpp.obj] 
Error 1
[ 17%] Building CXX object CMakeFiles/warden.dir/Source/Game/Device.cpp.obj
In file included from [01m[KD:/workcode/game/warden/Source/Engine/Source/Gx/Shader.h:3[m[K,
                 from [01m[KD:/workcode/game/warden/Source/Engine/Source/Gx/CGxDevice.h:9[m[K,
                 from [01m[KD:\workcode\game\warden\Source\Game\Device.cpp:4[m[K:
[01m[KD:/workcode/game/warden/Source/Engine/Source/Gx/shader/CGxShader.h:27:10:[m[K [01;31m[Kerror: [m[K'[01m
[Kstring[m[K' in namespace '[01m[Kstd[m[K' does not name a type
   27 |     std::[01;31m[Kstring[m[K m_name;
      |          [01;31m[K^~~~~~[m[K
[01m[KD:/workcode/game/warden/Source/Engine/Source/Gx/shader/CGxShader.h:1:1:[m[K [01;36m[Knote: [m[K'[01m[Ks
td::string[m[K' is defined in header '[01m[K<string>[m[K'; this is probably fixable by adding '[01m[K#include <
string>[m[K'
  +++ |+[32m[K#include <string>[m[K
    1 | #pragma once
In file included from [01m[KC:/Program Files/JetBrains/CLion 2026.2.1/bin/mingw/x86_64-w64-mingw32/include/stdint.h:3
2[m[K,
                 from [01m[KC:/Program Files/JetBrains/CLion 2026.2.1/bin/mingw/lib/gcc/x86_64-w64-mingw32/15.2.0/inc
lude/stdint.h:11[m[K,
                 from [01m[KC:/Program Files/JetBrains/CLion 2026.2.1/bin/mingw/lib/gcc/x86_64-w64-mingw32/15.2.0/inc
lude/c++/cstdint:47[m[K,
                 from [01m[KD:/workcode/game/warden/Source/Engine/Source/Gx/CGxFormat.h:3[m[K,
                 from [01m[KD:\workcode\game\warden\Source\Game\Device.h:4[m[K,
                 from [01m[KD:\workcode\game\warden\Source\Game\Device.cpp:1[m[K:
D:/workcode/game/warden/Source/Engine/Source/Common/TSHashTable.h: In instantiation of '[01m[Kclass TSHashTable<CGxSh
ader, HASHKEY_STRI>[m[K':
[01m[KD:/workcode/game/warden/Source/Engine/Source/Gx/CGxDevice.h:75:71:[m[K   required from here
   75 |     TSHashTable<CGxShader, HASHKEY_STRI> m_shaderList[GxShTargets_Last[01;36m[K][m[K;
      |                                                                       [01;36m[K^[m[K
[01m[KD:/workcode/game/warden/Source/Engine/Source/Common/TSHashTable.h:41:28:[m[K [01;31m[Kerror: [m[K'[01m[
Kclass CGxShader[m[K' has no member named '[01m[Km_linktofull[m[K'
   41 |     STORM_EXPLICIT_LIST(T, m_linktofull) m_fulllist;
[01m[KD:/workcode/game/warden/Source/Engine/Source/Common/TSHashTable.h:41:5:[m[K [01;36m[Knote: [m[Kin expansi
on of macro '[01m[KSTORM_EXPLICIT_LIST[m[K'
   41 |     [01;36m[KSTORM_EXPLICIT_LIST[m[K(T, m_linktofull) m_fulllist;
      |     [01;36m[K^~~~~~~~~~~~~~~~~~~[m[K
[01m[KD:/workcode/game/warden/Source/Engine/Source/Common/TSHashTable.h:49:44:[m[K [01;31m[Kerror: [m[K'[01m[
Kclass CGxShader[m[K' has no member named '[01m[Km_linktoslot[m[K'
   49 |     TSGrowableArray<STORM_EXPLICIT_LIST(T, m_linktoslot) > m_slotlistarray;
[01m[KD:/workcode/game/warden/Source/Engine/Source/Common/TSHashTable.h:49:21:[m[K [01;36m[Knote: [m[Kin expans
ion of macro '[01m[KSTORM_EXPLICIT_LIST[m[K'
   49 |     TSGrowableArray<[01;36m[KSTORM_EXPLICIT_LIST[m[K(T, m_linktoslot) > m_slotlistarray;
      |                     [01;36m[K^~~~~~~~~~~~~~~~~~~[m[K
[01m[KD:/workcode/game/warden/Source/Engine/Source/Common/TSHashTable.h:49:44:[m[K [01;31m[Kerror: [m[K'[01m[
Kclass CGxShader[m[K' has no member named '[01m[Km_linktoslot[m[K'
   49 |     TSGrowableArray<STORM_EXPLICIT_LIST(T, m_linktoslot) > m_slotlistarray;
[01m[KD:/workcode/game/warden/Source/Engine/Source/Common/TSHashTable.h:49:21:[m[K [01;36m[Knote: [m[Kin expans
ion of macro '[01m[KSTORM_EXPLICIT_LIST[m[K'
   49 |     TSGrowableArray<[01;36m[KSTORM_EXPLICIT_LIST[m[K(T, m_linktoslot) > m_slotlistarray;
      |                     [01;36m[K^~~~~~~~~~~~~~~~~~~[m[K
mingw32-make[3]: *** [CMakeFiles\warden.dir\build.make:3994: CMakeFiles/warden.dir/Source/Game/Device.cpp.obj] Error 1
[ 17%] Building CXX object CMakeFiles/warden.dir/Source/Game/Handlers.cpp.obj
[01m[KD:\workcode\game\warden\Source\Game\Handlers.cpp:[m[K In function '[01m[Kint32_t {anonymous}::[01;32m[KOn
Char[m[K(const EVENT_DATA_CHAR*, void*)[m[K':
[01m[KD:\workcode\game\warden\Source\Game\Handlers.cpp:13:33:[m[K [01;31m[Kerror: [m[K'[01m[Kconst struct EVE
NT_DATA_CHAR[m[K' has no member named '[01m[Kcharacter[m[K'
   13 |             ConsoleOnChar(data->[01;31m[Kcharacter[m[K);
      |                                 [01;31m[K^~~~~~~~~[m[K
[01m[KD:\workcode\game\warden\Source\Game\Handlers.cpp:13:13:[m[K [01;31m[Kerror: [m[K'[01m[KConsoleOnChar[m
[K' was not declared in this scope
   13 |             [01;31m[KConsoleOnChar[m[K(data->character);
      |             [01;31m[K^~~~~~~~~~~~~[m[K
mingw32-make[3]: *** [CMakeFiles\warden.dir\build.make:4009: CMakeFiles/warden.dir/Source/Game/Handlers.cpp.obj] Error 
1
[ 17%] Building CXX object CMakeFiles/warden.dir/Source/Game/Screen.cpp.obj
[01m[KD:\workcode\game\warden\Source\Game\Screen.cpp:4:10:[m[K [01;31m[Kfatal error: [m[KEngine/Source/Gx/font/
CGxStringBatch.h: No such file or directory
    4 | #include [01;31m[K"Engine/Source/Gx/font/CGxStringBatch.h"[m[K
      |          [01;31m[K^~~~~~~~~~~~~~~~~~~~~~~~~~~~~~~~~~~~~~~~[m[K
compilation terminated.
mingw32-make[3]: *** [CMakeFiles\warden.dir\build.make:4039: CMakeFiles/warden.dir/Source/Game/Screen.cpp.obj] Error 1
[ 17%] Building CXX object CMakeFiles/warden.dir/Source/Glue/CAdManager.cpp.obj
[01m[KD:\workcode\game\warden\Source\Glue\CAdManager.cpp:1:10:[m[K [01;31m[Kfatal error: [m[KCAdManager.h: No s
uch file or directory
    1 | #include [01;31m[K"CAdManager.h"[m[K
      |          [01;31m[K^~~~~~~~~~~~~~[m[K
compilation terminated.
mingw32-make[3]: *** [CMakeFiles\warden.dir\build.make:4069: CMakeFiles/warden.dir/Source/Glue/CAdManager.cpp.obj] Erro
r 1
[ 17%] Building CXX object CMakeFiles/warden.dir/Source/Glue/CBattleNetGateways.cpp.obj
[01m[KD:\workcode\game\warden\Source\Glue\CBattleNetGateways.cpp:1:10:[m[K [01;31m[Kfatal error: [m[KCBattleNet
Gateways.h: No such file or directory
    1 | #include [01;31m[K"CBattleNetGateways.h"[m[K
      |          [01;31m[K^~~~~~~~~~~~~~~~~~~~~~[m[K
compilation terminated.
mingw32-make[3]: *** [CMakeFiles\warden.dir\build.make:4204: CMakeFiles/warden.dir/Source/Glue/CBattleNetGateways.cpp.o
bj] Error 1
[ 17%] Building CXX object CMakeFiles/warden.dir/Source/Glue/CBattleNetGlueData.cpp.obj
[01m[KD:\workcode\game\warden\Source\Glue\CBattleNetGlueData.cpp:1:10:[m[K [01;31m[Kfatal error: [m[KCBattleNet
GlueData.h: No such file or directory
    1 | #include [01;31m[K"CBattleNetGlueData.h"[m[K
      |          [01;31m[K^~~~~~~~~~~~~~~~~~~~~~[m[K
compilation terminated.
mingw32-make[3]: *** [CMakeFiles\warden.dir\build.make:4219: CMakeFiles/warden.dir/Source/Glue/CBattleNetGlueData.cpp.o
bj] Error 1
[ 17%] Building CXX object CMakeFiles/warden.dir/Source/Glue/CBattleNetUserListBoxItem.cpp.obj
[01m[KD:\workcode\game\warden\Source\Glue\CBattleNetUserListBoxItem.cpp:1:10:[m[K [01;31m[Kfatal error: [m[KCBa
ttleNetUserListBoxItem.h: No such file or directory
    1 | #include [01;31m[K"CBattleNetUserListBoxItem.h"[m[K
      |          [01;31m[K^~~~~~~~~~~~~~~~~~~~~~~~~~~~~[m[K
compilation terminated.
mingw32-make[3]: *** [CMakeFiles\warden.dir\build.make:4339: CMakeFiles/warden.dir/Source/Glue/CBattleNetUserListBoxIte
m.cpp.obj] Error 1
[ 18%] Building CXX object CMakeFiles/warden.dir/Source/Glue/CCheckListBoxItem.cpp.obj
[01m[KD:\workcode\game\warden\Source\Glue\CCheckListBoxItem.cpp:1:10:[m[K [01;31m[Kfatal error: [m[KCCheckListB
oxItem.h: No such file or directory
    1 | #include [01;31m[K"CCheckListBoxItem.h"[m[K
      |          [01;31m[K^~~~~~~~~~~~~~~~~~~~~[m[K
compilation terminated.
mingw32-make[3]: *** [CMakeFiles\warden.dir\build.make:4399: CMakeFiles/warden.dir/Source/Glue/CCheckListBoxItem.cpp.ob
j] Error 1
[ 18%] Building CXX object CMakeFiles/warden.dir/Source/Glue/CGlueToolTipWar3.cpp.obj
[01m[KD:\workcode\game\warden\Source\Glue\CGlueToolTipWar3.cpp:1:10:[m[K [01;31m[Kfatal error: [m[KCGlueToolTip
War3.h: No such file or directory
    1 | #include [01;31m[K"CGlueToolTipWar3.h"[m[K
      |          [01;31m[K^~~~~~~~~~~~~~~~~~~~[m[K
compilation terminated.
mingw32-make[3]: *** [CMakeFiles\warden.dir\build.make:4444: CMakeFiles/warden.dir/Source/Glue/CGlueToolTipWar3.cpp.obj
] Error 1
[ 18%] Building CXX object CMakeFiles/warden.dir/Source/Glue/CListBoxItemWar3.cpp.obj
[01m[KD:\workcode\game\warden\Source\Glue\CListBoxItemWar3.cpp:1:10:[m[K [01;31m[Kfatal error: [m[KCListBoxItem
War3.h: No such file or directory
    1 | #include [01;31m[K"CListBoxItemWar3.h"[m[K
      |          [01;31m[K^~~~~~~~~~~~~~~~~~~~[m[K
compilation terminated.
mingw32-make[3]: *** [CMakeFiles\warden.dir\build.make:4459: CMakeFiles/warden.dir/Source/Glue/CListBoxItemWar3.cpp.obj
] Error 1
[ 18%] Building CXX object CMakeFiles/warden.dir/Source/Glue/CMapListBoxItem.cpp.obj
[01m[KD:\workcode\game\warden\Source\Glue\CMapListBoxItem.cpp:1:10:[m[K [01;31m[Kfatal error: [m[KCMapListBoxIt
em.h: No such file or directory
    1 | #include [01;31m[K"CMapListBoxItem.h"[m[K
      |          [01;31m[K^~~~~~~~~~~~~~~~~~~[m[K
compilation terminated.
mingw32-make[3]: *** [CMakeFiles\warden.dir\build.make:4564: CMakeFiles/warden.dir/Source/Glue/CMapListBoxItem.cpp.obj]
 Error 1
[ 18%] Building CXX object CMakeFiles/warden.dir/Source/Glue/CMapPreferenceBoxItem.cpp.obj
[01m[KD:\workcode\game\warden\Source\Glue\CMapPreferenceBoxItem.cpp:1:10:[m[K [01;31m[Kfatal error: [m[KCMapPre
ferenceBoxItem.h: No such file or directory
    1 | #include [01;31m[K"CMapPreferenceBoxItem.h"[m[K
      |          [01;31m[K^~~~~~~~~~~~~~~~~~~~~~~~~[m[K
compilation terminated.
mingw32-make[3]: *** [CMakeFiles\warden.dir\build.make:4594: CMakeFiles/warden.dir/Source/Glue/CMapPreferenceBoxItem.cp
p.obj] Error 1
[ 20%] Building CXX object CMakeFiles/warden.dir/Source/Glue/NetGlue.cpp.obj
[01m[KD:\workcode\game\warden\Source\Glue\NetGlue.cpp:1:10:[m[K [01;31m[Kfatal error: [m[KNetGlue.h: No such fi
le or directory
    1 | #include [01;31m[K"NetGlue.h"[m[K
      |          [01;31m[K^~~~~~~~~~~[m[K
compilation terminated.
mingw32-make[3]: *** [CMakeFiles\warden.dir\build.make:4684: CMakeFiles/warden.dir/Source/Glue/NetGlue.cpp.obj] Error 1
[ 20%] Building CXX object CMakeFiles/warden.dir/Source/Net/NetGameStore.cpp.obj
[01m[KD:\workcode\game\warden\Source\Net\NetGameStore.cpp:1:10:[m[K [01;31m[Kfatal error: [m[KNetGameStore.h: N
o such file or directory
    1 | #include [01;31m[K"NetGameStore.h"[m[K
      |          [01;31m[K^~~~~~~~~~~~~~~~[m[K
compilation terminated.
mingw32-make[3]: *** [CMakeFiles\warden.dir\build.make:4699: CMakeFiles/warden.dir/Source/Net/NetGameStore.cpp.obj] Err
or 1
[ 20%] Building CXX object CMakeFiles/warden.dir/Source/StormMac/IOUnit/IOARC4Unit.cpp.obj
[01m[KD:\workcode\game\warden\Source\StormMac\IOUnit\IOARC4Unit.cpp:1:10:[m[K [01;31m[Kfatal error: [m[KIOARC4U
nit.h: No such file or directory
    1 | #include [01;31m[K"IOARC4Unit.h"[m[K
      |          [01;31m[K^~~~~~~~~~~~~~[m[K
compilation terminated.
mingw32-make[3]: *** [CMakeFiles\warden.dir\build.make:4714: CMakeFiles/warden.dir/Source/StormMac/IOUnit/IOARC4Unit.cp
p.obj] Error 1
[ 20%] Building CXX object CMakeFiles/warden.dir/Source/StormMac/IOUnit/IOAlignUnit.cpp.obj
[01m[KD:\workcode\game\warden\Source\StormMac\IOUnit\IOAlignUnit.cpp:1:10:[m[K [01;31m[Kfatal error: [m[KIOAlig
nUnit.h: No such file or directory
    1 | #include [01;31m[K"IOAlignUnit.h"[m[K
      |          [01;31m[K^~~~~~~~~~~~~~~[m[K
compilation terminated.
mingw32-make[3]: *** [CMakeFiles\warden.dir\build.make:4729: CMakeFiles/warden.dir/Source/StormMac/IOUnit/IOAlignUnit.c
pp.obj] Error 1
[ 20%] Building CXX object CMakeFiles/warden.dir/Source/StormMac/Win32/Win32_Registry.cpp.obj
[01m[KD:\workcode\game\warden\Source\StormMac\Win32\Win32_Registry.cpp:1:10:[m[K [01;31m[Kfatal error: [m[KWin3
2_Registry.h: No such file or directory
    1 | #include [01;31m[K"Win32_Registry.h"[m[K
      |          [01;31m[K^~~~~~~~~~~~~~~~~~[m[K
compilation terminated.
mingw32-make[3]: *** [CMakeFiles\warden.dir\build.make:4744: CMakeFiles/warden.dir/Source/StormMac/Win32/Win32_Registry
.cpp.obj] Error 1
[ 20%] Building CXX object CMakeFiles/warden.dir/Source/StormMac/Win32/Win32_utils.cpp.obj
[01m[KD:\workcode\game\warden\Source\StormMac\Win32\Win32_utils.cpp:1:10:[m[K [01;31m[Kfatal error: [m[KWin32_u
tils.h: No such file or directory
    1 | #include [01;31m[K"Win32_utils.h"[m[K
      |          [01;31m[K^~~~~~~~~~~~~~~[m[K
compilation terminated.
mingw32-make[3]: *** [CMakeFiles\warden.dir\build.make:4759: CMakeFiles/warden.dir/Source/StormMac/Win32/Win32_utils.cp
p.obj] Error 1
[ 20%] Building CXX object CMakeFiles/warden.dir/Source/StormMac/Win32/WinCompat.cpp.obj
[01m[KD:\workcode\game\warden\Source\StormMac\Win32\WinCompat.cpp:1:10:[m[K [01;31m[Kfatal error: [m[KWinCompat
.h: No such file or directory
    1 | #include [01;31m[K"WinCompat.h"[m[K
      |          [01;31m[K^~~~~~~~~~~~~[m[K
compilation terminated.
mingw32-make[3]: *** [CMakeFiles\warden.dir\build.make:4774: CMakeFiles/warden.dir/Source/StormMac/Win32/WinCompat.cpp.
obj] Error 1
[ 20%] Building CXX object CMakeFiles/warden.dir/Source/System/Utility/CFStringUtilities.cpp.obj
[01m[KD:\workcode\game\warden\Source\System\Utility\CFStringUtilities.cpp:[m[K In function '[01m[Kvoid* CFString:
:[01;32m[KCreateStringWithFormat[m[K(const char*, ...)[m[K':
[01m[KD:\workcode\game\warden\Source\System\Utility\CFStringUtilities.cpp:59:5:[m[K [01;31m[Kerror: [m[K'[01m
[Kva_start[m[K' was not declared in this scope; did you mean '[01m[K_stat[m[K'?
   59 |     [01;31m[Kva_start[m[K(args, format);
      |     [01;31m[K^~~~~~~~[m[K
      |     [32m[K_stat[m[K
[01m[KD:\workcode\game\warden\Source\System\Utility\CFStringUtilities.cpp:61:5:[m[K [01;31m[Kerror: [m[K'[01m
[Kva_end[m[K' was not declared in this scope
   61 |     [01;31m[Kva_end[m[K(args);
      |     [01;31m[K^~~~~~[m[K
mingw32-make[3]: *** [CMakeFiles\warden.dir\build.make:5209: CMakeFiles/warden.dir/Source/System/Utility/CFStringUtilit
ies.cpp.obj] Error 1
[ 20%] Building CXX object CMakeFiles/warden.dir/Source/UI/CBackdropGenerator.cpp.obj
In file included from [01m[KD:/workcode/game/warden/Source/UI/CSimpleFontString.h:3[m[K,
                 from [01m[KD:/workcode/game/warden/Source/UI/CRenderBatch.h:16[m[K,
                 from [01m[KD:/workcode/game/warden/Source/UI/CSimpleFrame.h:8[m[K,
                 from [01m[KD:\workcode\game\warden\Source\UI\CBackdropGenerator.cpp:2[m[K:
[01m[KD:/workcode/game/warden/Source/Engine/Source/Gx/Font.h:4:10:[m[K [01;31m[Kfatal error: [m[Kfont/FreeType.
h: No such file or directory
    4 | #include [01;31m[K"font/FreeType.h"[m[K
      |          [01;31m[K^~~~~~~~~~~~~~~~~[m[K
compilation terminated.
mingw32-make[3]: *** [CMakeFiles\warden.dir\build.make:5224: CMakeFiles/warden.dir/Source/UI/CBackdropGenerator.cpp.obj
] Error 1
[ 20%] Building CXX object CMakeFiles/warden.dir/Source/UI/CBuffBar.cpp.obj
[01m[KD:\workcode\game\warden\Source\UI\CBuffBar.cpp:1:10:[m[K [01;31m[Kfatal error: [m[KCBuffBar.h: No such fi
le or directory
    1 | #include [01;31m[K"CBuffBar.h"[m[K
      |          [01;31m[K^~~~~~~~~~~~[m[K
compilation terminated.
mingw32-make[3]: *** [CMakeFiles\warden.dir\build.make:5239: CMakeFiles/warden.dir/Source/UI/CBuffBar.cpp.obj] Error 1
[ 20%] Building CXX object CMakeFiles/warden.dir/Source/UI/CBuffIndicator.cpp.obj
[01m[KD:\workcode\game\warden\Source\UI\CBuffIndicator.cpp:1:10:[m[K [01;31m[Kfatal error: [m[KCBuffIndicator.h
: No such file or directory
    1 | #include [01;31m[K"CBuffIndicator.h"[m[K
      |          [01;31m[K^~~~~~~~~~~~~~~~~~[m[K
compilation terminated.
mingw32-make[3]: *** [CMakeFiles\warden.dir\build.make:5254: CMakeFiles/warden.dir/Source/UI/CBuffIndicator.cpp.obj] Er
ror 1
[ 22%] Building CXX object CMakeFiles/warden.dir/Source/UI/CBuildFrame.cpp.obj
[01m[KD:\workcode\game\warden\Source\UI\CBuildFrame.cpp:1:10:[m[K [01;31m[Kfatal error: [m[KCBuildFrame.h: No s
uch file or directory
    1 | #include [01;31m[K"CBuildFrame.h"[m[K
      |          [01;31m[K^~~~~~~~~~~~~~~[m[K
compilation terminated.
mingw32-make[3]: *** [CMakeFiles\warden.dir\build.make:5269: CMakeFiles/warden.dir/Source/UI/CBuildFrame.cpp.obj] Error
 1
[ 22%] Building CXX object CMakeFiles/warden.dir/Source/UI/CBuildMode.cpp.obj
[01m[KD:\workcode\game\warden\Source\UI\CBuildMode.cpp:1:10:[m[K [01;31m[Kfatal error: [m[KCBuildMode.h: No suc
h file or directory
    1 | #include [01;31m[K"CBuildMode.h"[m[K
      |          [01;31m[K^~~~~~~~~~~~~~[m[K
compilation terminated.
mingw32-make[3]: *** [CMakeFiles\warden.dir\build.make:5284: CMakeFiles/warden.dir/Source/UI/CBuildMode.cpp.obj] Error 
1
[ 22%] Building CXX object CMakeFiles/warden.dir/Source/UI/CCargoGrid.cpp.obj
[01m[KD:\workcode\game\warden\Source\UI\CCargoGrid.cpp:1:10:[m[K [01;31m[Kfatal error: [m[KCCargoGrid.h: No suc
h file or directory
    1 | #include [01;31m[K"CCargoGrid.h"[m[K
      |          [01;31m[K^~~~~~~~~~~~~~[m[K
compilation terminated.
mingw32-make[3]: *** [CMakeFiles\warden.dir\build.make:5314: CMakeFiles/warden.dir/Source/UI/CCargoGrid.cpp.obj] Error 
1
[ 22%] Building CXX object CMakeFiles/warden.dir/Source/UI/CCommandButton.cpp.obj
[01m[KD:\workcode\game\warden\Source\UI\CCommandButton.cpp:1:10:[m[K [01;31m[Kfatal error: [m[KCCommandButton.h
: No such file or directory
    1 | #include [01;31m[K"CCommandButton.h"[m[K
      |          [01;31m[K^~~~~~~~~~~~~~~~~~[m[K
compilation terminated.
mingw32-make[3]: *** [CMakeFiles\warden.dir\build.make:5344: CMakeFiles/warden.dir/Source/UI/CCommandButton.cpp.obj] Er
ror 1
[ 22%] Building CXX object CMakeFiles/warden.dir/Source/UI/CConstructUI.cpp.obj
[01m[KD:\workcode\game\warden\Source\UI\CConstructUI.cpp:1:10:[m[K [01;31m[Kfatal error: [m[KCConstructUI.h: No
 such file or directory
    1 | #include [01;31m[K"CConstructUI.h"[m[K
      |          [01;31m[K^~~~~~~~~~~~~~~~[m[K
compilation terminated.
mingw32-make[3]: *** [CMakeFiles\warden.dir\build.make:5359: CMakeFiles/warden.dir/Source/UI/CConstructUI.cpp.obj] Erro
r 1
[ 22%] Building CXX object CMakeFiles/warden.dir/Source/UI/CFrameStrata.cpp.obj
In file included from [01m[KD:/workcode/game/warden/Source/UI/CSimpleFontString.h:3[m[K,
                 from [01m[KD:/workcode/game/warden/Source/UI/CRenderBatch.h:16[m[K,
                 from [01m[KD:/workcode/game/warden/Source/UI/CFrameStrata.h:4[m[K,
                 from [01m[KD:\workcode\game\warden\Source\UI\CFrameStrata.cpp:1[m[K:
[01m[KD:/workcode/game/warden/Source/Engine/Source/Gx/Font.h:4:10:[m[K [01;31m[Kfatal error: [m[Kfont/FreeType.
h: No such file or directory
    4 | #include [01;31m[K"font/FreeType.h"[m[K
      |          [01;31m[K^~~~~~~~~~~~~~~~~[m[K
compilation terminated.
mingw32-make[3]: *** [CMakeFiles\warden.dir\build.make:5389: CMakeFiles/warden.dir/Source/UI/CFrameStrata.cpp.obj] Erro
r 1
[ 22%] Building CXX object CMakeFiles/warden.dir/Source/UI/CInfoPanelGroup.cpp.obj
[01m[KD:\workcode\game\warden\Source\UI\CInfoPanelGroup.cpp:1:10:[m[K [01;31m[Kfatal error: [m[KCInfoPanelGroup
.h: No such file or directory
    1 | #include [01;31m[K"CInfoPanelGroup.h"[m[K
      |          [01;31m[K^~~~~~~~~~~~~~~~~~~[m[K
compilation terminated.
mingw32-make[3]: *** [CMakeFiles\warden.dir\build.make:5494: CMakeFiles/warden.dir/Source/UI/CInfoPanelGroup.cpp.obj] E
rror 1
[ 22%] Building CXX object CMakeFiles/warden.dir/Source/UI/CInfoPanelGroupButton.cpp.obj
[01m[KD:\workcode\game\warden\Source\UI\CInfoPanelGroupButton.cpp:1:10:[m[K [01;31m[Kfatal error: [m[KCInfoPane
lGroupButton.h: No such file or directory
    1 | #include [01;31m[K"CInfoPanelGroupButton.h"[m[K
      |          [01;31m[K^~~~~~~~~~~~~~~~~~~~~~~~~[m[K
compilation terminated.
mingw32-make[3]: *** [CMakeFiles\warden.dir\build.make:5509: CMakeFiles/warden.dir/Source/UI/CInfoPanelGroupButton.cpp.
obj] Error 1
[ 22%] Building CXX object CMakeFiles/warden.dir/Source/UI/CInventoryBar.cpp.obj
[01m[KD:\workcode\game\warden\Source\UI\CInventoryBar.cpp:1:10:[m[K [01;31m[Kfatal error: [m[KCInventoryBar.h: 
No such file or directory
    1 | #include [01;31m[K"CInventoryBar.h"[m[K
      |          [01;31m[K^~~~~~~~~~~~~~~~~[m[K
compilation terminated.
mingw32-make[3]: *** [CMakeFiles\warden.dir\build.make:5539: CMakeFiles/warden.dir/Source/UI/CInventoryBar.cpp.obj] Err
or 1
[ 22%] Building CXX object CMakeFiles/warden.dir/Source/UI/COccupUI.cpp.obj
[01m[KD:\workcode\game\warden\Source\UI\COccupUI.cpp:1:10:[m[K [01;31m[Kfatal error: [m[KCOccupUI.h: No such fi
le or directory
    1 | #include [01;31m[K"COccupUI.h"[m[K
      |          [01;31m[K^~~~~~~~~~~~[m[K
compilation terminated.
mingw32-make[3]: *** [CMakeFiles\warden.dir\build.make:5614: CMakeFiles/warden.dir/Source/UI/COccupUI.cpp.obj] Error 1
[ 22%] Building CXX object CMakeFiles/warden.dir/Source/UI/CPeonBar.cpp.obj
[01m[KD:\workcode\game\warden\Source\UI\CPeonBar.cpp:1:10:[m[K [01;31m[Kfatal error: [m[KCPeonBar.h: No such fi
le or directory
    1 | #include [01;31m[K"CPeonBar.h"[m[K
      |          [01;31m[K^~~~~~~~~~~~[m[K
compilation terminated.
mingw32-make[3]: *** [CMakeFiles\warden.dir\build.make:5629: CMakeFiles/warden.dir/Source/UI/CPeonBar.cpp.obj] Error 1
[ 22%] Building CXX object CMakeFiles/warden.dir/Source/UI/CPreselectUI.cpp.obj
[01m[KD:\workcode\game\warden\Source\UI\CPreselectUI.cpp:1:10:[m[K [01;31m[Kfatal error: [m[KCPreselectUI.h: No
 such file or directory
    1 | #include [01;31m[K"CPreselectUI.h"[m[K
      |          [01;31m[K^~~~~~~~~~~~~~~~[m[K
compilation terminated.
mingw32-make[3]: *** [CMakeFiles\warden.dir\build.make:5659: CMakeFiles/warden.dir/Source/UI/CPreselectUI.cpp.obj] Erro
r 1
[ 24%] Building CXX object CMakeFiles/warden.dir/Source/UI/CRenderBatch.cpp.obj
In file included from [01m[KD:/workcode/game/warden/Source/UI/CSimpleFontString.h:3[m[K,
                 from [01m[KD:/workcode/game/warden/Source/UI/CRenderBatch.h:16[m[K,
                 from [01m[KD:\workcode\game\warden\Source\UI\CRenderBatch.cpp:1[m[K:
[01m[KD:/workcode/game/warden/Source/Engine/Source/Gx/Font.h:4:10:[m[K [01;31m[Kfatal error: [m[Kfont/FreeType.
h: No such file or directory
    4 | #include [01;31m[K"font/FreeType.h"[m[K
      |          [01;31m[K^~~~~~~~~~~~~~~~~[m[K
compilation terminated.
mingw32-make[3]: *** [CMakeFiles\warden.dir\build.make:5704: CMakeFiles/warden.dir/Source/UI/CRenderBatch.cpp.obj] Erro
r 1
[ 24%] Building CXX object CMakeFiles/warden.dir/Source/UI/CScriptRegion.cpp.obj
In file included from [01m[KD:/workcode/game/warden/Source/UI/CSimpleFontString.h:3[m[K,
                 from [01m[KD:/workcode/game/warden/Source/UI/CRenderBatch.h:16[m[K,
                 from [01m[KD:/workcode/game/warden/Source/UI/CSimpleFrame.h:8[m[K,
                 from [01m[KD:/workcode/game/warden/Source/UI/CSimpleTop.h:4[m[K,
                 from [01m[KD:\workcode\game\warden\Source\UI\CScriptRegion.cpp:4[m[K:
[01m[KD:/workcode/game/warden/Source/Engine/Source/Gx/Font.h:4:10:[m[K [01;31m[Kfatal error: [m[Kfont/FreeType.
h: No such file or directory
    4 | #include [01;31m[K"font/FreeType.h"[m[K
      |          [01;31m[K^~~~~~~~~~~~~~~~~[m[K
compilation terminated.
mingw32-make[3]: *** [CMakeFiles\warden.dir\build.make:5779: CMakeFiles/warden.dir/Source/UI/CScriptRegion.cpp.obj] Err
or 1
[ 24%] Building CXX object CMakeFiles/warden.dir/Source/UI/CScriptRegionScript.cpp.obj
In file included from [01m[KD:/workcode/game/warden/Source/UI/CSimpleFontString.h:3[m[K,
                 from [01m[KD:/workcode/game/warden/Source/UI/CRenderBatch.h:16[m[K,
                 from [01m[KD:/workcode/game/warden/Source/UI/CSimpleFrame.h:8[m[K,
                 from [01m[KD:/workcode/game/warden/Source/UI/CSimpleTop.h:4[m[K,
                 from [01m[KD:\workcode\game\warden\Source\UI\CScriptRegionScript.cpp:4[m[K:
[01m[KD:/workcode/game/warden/Source/Engine/Source/Gx/Font.h:4:10:[m[K [01;31m[Kfatal error: [m[Kfont/FreeType.
h: No such file or directory
    4 | #include [01;31m[K"font/FreeType.h"[m[K
      |          [01;31m[K^~~~~~~~~~~~~~~~~[m[K
compilation terminated.
mingw32-make[3]: *** [CMakeFiles\warden.dir\build.make:5794: CMakeFiles/warden.dir/Source/UI/CScriptRegionScript.cpp.ob
j] Error 1
[ 24%] Building CXX object CMakeFiles/warden.dir/Source/UI/CSimpleButton.cpp.obj
In file included from [01m[KD:\workcode\game\warden\Source\UI\CSimpleFontString.h:3[m[K,
                 from [01m[KD:\workcode\game\warden\Source\UI\CRenderBatch.h:16[m[K,
                 from [01m[KD:\workcode\game\warden\Source\UI\CSimpleFrame.h:8[m[K,
                 from [01m[KD:\workcode\game\warden\Source\UI\CSimpleButton.h:3[m[K,
                 from [01m[KD:\workcode\game\warden\Source\UI\CSimpleButton.cpp:1[m[K:
[01m[KD:/workcode/game/warden/Source/Engine/Source/Gx/Font.h:4:10:[m[K [01;31m[Kfatal error: [m[Kfont/FreeType.
h: No such file or directory
    4 | #include [01;31m[K"font/FreeType.h"[m[K
      |          [01;31m[K^~~~~~~~~~~~~~~~~[m[K
compilation terminated.
mingw32-make[3]: *** [CMakeFiles\warden.dir\build.make:5824: CMakeFiles/warden.dir/Source/UI/CSimpleButton.cpp.obj] Err
or 1
[ 25%] Building CXX object CMakeFiles/warden.dir/Source/UI/CSimpleButtonScript.cpp.obj
In file included from [01m[KD:/workcode/game/warden/Source/UI/CSimpleFontString.h:3[m[K,
                 from [01m[KD:/workcode/game/warden/Source/UI/CRenderBatch.h:16[m[K,
                 from [01m[KD:/workcode/game/warden/Source/UI/CSimpleFrame.h:8[m[K,
                 from [01m[KD:/workcode/game/warden/Source/UI/CSimpleButton.h:3[m[K,
                 from [01m[KD:\workcode\game\warden\Source\UI\CSimpleButtonScript.cpp:2[m[K:
[01m[KD:/workcode/game/warden/Source/Engine/Source/Gx/Font.h:4:10:[m[K [01;31m[Kfatal error: [m[Kfont/FreeType.
h: No such file or directory
    4 | #include [01;31m[K"font/FreeType.h"[m[K
      |          [01;31m[K^~~~~~~~~~~~~~~~~[m[K
compilation terminated.
mingw32-make[3]: *** [CMakeFiles\warden.dir\build.make:5839: CMakeFiles/warden.dir/Source/UI/CSimpleButtonScript.cpp.ob
j] Error 1
[ 25%] Building CXX object CMakeFiles/warden.dir/Source/UI/CSimpleCheckbox.cpp.obj
In file included from [01m[KD:\workcode\game\warden\Source\UI\CSimpleFontString.h:3[m[K,
                 from [01m[KD:\workcode\game\warden\Source\UI\CRenderBatch.h:16[m[K,
                 from [01m[KD:\workcode\game\warden\Source\UI\CSimpleFrame.h:8[m[K,
                 from [01m[KD:\workcode\game\warden\Source\UI\CSimpleButton.h:3[m[K,
                 from [01m[KD:\workcode\game\warden\Source\UI\CSimpleCheckbox.h:3[m[K,
                 from [01m[KD:\workcode\game\warden\Source\UI\CSimpleCheckbox.cpp:1[m[K:
[01m[KD:/workcode/game/warden/Source/Engine/Source/Gx/Font.h:4:10:[m[K [01;31m[Kfatal error: [m[Kfont/FreeType.
h: No such file or directory
    4 | #include [01;31m[K"font/FreeType.h"[m[K
      |          [01;31m[K^~~~~~~~~~~~~~~~~[m[K
compilation terminated.
mingw32-make[3]: *** [CMakeFiles\warden.dir\build.make:5854: CMakeFiles/warden.dir/Source/UI/CSimpleCheckbox.cpp.obj] E
rror 1
[ 25%] Building CXX object CMakeFiles/warden.dir/Source/UI/CSimpleEditBox.cpp.obj
In file included from [01m[KD:\workcode\game\warden\Source\UI\CSimpleFontString.h:3[m[K,
                 from [01m[KD:\workcode\game\warden\Source\UI\CRenderBatch.h:16[m[K,
                 from [01m[KD:\workcode\game\warden\Source\UI\CSimpleFrame.h:8[m[K,
                 from [01m[KD:\workcode\game\warden\Source\UI\CSimpleEditBox.h:3[m[K,
                 from [01m[KD:\workcode\game\warden\Source\UI\CSimpleEditBox.cpp:1[m[K:
[01m[KD:/workcode/game/warden/Source/Engine/Source/Gx/Font.h:4:10:[m[K [01;31m[Kfatal error: [m[Kfont/FreeType.
h: No such file or directory
    4 | #include [01;31m[K"font/FreeType.h"[m[K
      |          [01;31m[K^~~~~~~~~~~~~~~~~[m[K
compilation terminated.
mingw32-make[3]: *** [CMakeFiles\warden.dir\build.make:5884: CMakeFiles/warden.dir/Source/UI/CSimpleEditBox.cpp.obj] Er
ror 1
[ 25%] Building CXX object CMakeFiles/warden.dir/Source/UI/CSimpleEditBoxScript.cpp.obj
In file included from [01m[KD:/workcode/game/warden/Source/UI/CSimpleFontString.h:3[m[K,
                 from [01m[KD:/workcode/game/warden/Source/UI/CRenderBatch.h:16[m[K,
                 from [01m[KD:/workcode/game/warden/Source/UI/CSimpleFrame.h:8[m[K,
                 from [01m[KD:/workcode/game/warden/Source/UI/CSimpleEditBox.h:3[m[K,
                 from [01m[KD:\workcode\game\warden\Source\UI\CSimpleEditBoxScript.cpp:2[m[K:
[01m[KD:/workcode/game/warden/Source/Engine/Source/Gx/Font.h:4:10:[m[K [01;31m[Kfatal error: [m[Kfont/FreeType.
h: No such file or directory
    4 | #include [01;31m[K"font/FreeType.h"[m[K
      |          [01;31m[K^~~~~~~~~~~~~~~~~[m[K
compilation terminated.
mingw32-make[3]: *** [CMakeFiles\warden.dir\build.make:5899: CMakeFiles/warden.dir/Source/UI/CSimpleEditBoxScript.cpp.o
bj] Error 1
[ 25%] Building CXX object CMakeFiles/warden.dir/Source/UI/CSimpleFont.cpp.obj
In file included from [01m[KD:\workcode\game\warden\Source\UI\CSimpleFont.cpp:9[m[K:
[01m[KD:/workcode/game/warden/Source/Engine/Source/Gx/Font.h:4:10:[m[K [01;31m[Kfatal error: [m[Kfont/FreeType.
h: No such file or directory
    4 | #include [01;31m[K"font/FreeType.h"[m[K
      |          [01;31m[K^~~~~~~~~~~~~~~~~[m[K
compilation terminated.
mingw32-make[3]: *** [CMakeFiles\warden.dir\build.make:5914: CMakeFiles/warden.dir/Source/UI/CSimpleFont.cpp.obj] Error
 1
[ 25%] Building CXX object CMakeFiles/warden.dir/Source/UI/CSimpleFontString.cpp.obj
In file included from [01m[KD:/workcode/game/warden/Source/UI/CSimpleFontString.h:3[m[K,
                 from [01m[KD:\workcode\game\warden\Source\UI\CSimpleFontString.cpp:1[m[K:
[01m[KD:/workcode/game/warden/Source/Engine/Source/Gx/Font.h:4:10:[m[K [01;31m[Kfatal error: [m[Kfont/FreeType.
h: No such file or directory
    4 | #include [01;31m[K"font/FreeType.h"[m[K
      |          [01;31m[K^~~~~~~~~~~~~~~~~[m[K
compilation terminated.
mingw32-make[3]: *** [CMakeFiles\warden.dir\build.make:5944: CMakeFiles/warden.dir/Source/UI/CSimpleFontString.cpp.obj]
 Error 1
[ 25%] Building CXX object CMakeFiles/warden.dir/Source/UI/CSimpleFontStringAttributes.cpp.obj
In file included from [01m[KD:/workcode/game/warden/Source/UI/CSimpleFontString.h:3[m[K,
                 from [01m[KD:\workcode\game\warden\Source\UI\CSimpleFontStringAttributes.cpp:2[m[K:
[01m[KD:/workcode/game/warden/Source/Engine/Source/Gx/Font.h:4:10:[m[K [01;31m[Kfatal error: [m[Kfont/FreeType.
h: No such file or directory
    4 | #include [01;31m[K"font/FreeType.h"[m[K
      |          [01;31m[K^~~~~~~~~~~~~~~~~[m[K
compilation terminated.
mingw32-make[3]: *** [CMakeFiles\warden.dir\build.make:5959: CMakeFiles/warden.dir/Source/UI/CSimpleFontStringAttribute
s.cpp.obj] Error 1
[ 25%] Building CXX object CMakeFiles/warden.dir/Source/UI/CSimpleFontStringScript.cpp.obj
In file included from [01m[KD:/workcode/game/warden/Source/UI/CSimpleFontString.h:3[m[K,
                 from [01m[KD:\workcode\game\warden\Source\UI\CSimpleFontStringScript.cpp:3[m[K:
[01m[KD:/workcode/game/warden/Source/Engine/Source/Gx/Font.h:4:10:[m[K [01;31m[Kfatal error: [m[Kfont/FreeType.
h: No such file or directory
    4 | #include [01;31m[K"font/FreeType.h"[m[K
      |          [01;31m[K^~~~~~~~~~~~~~~~~[m[K
compilation terminated.
mingw32-make[3]: *** [CMakeFiles\warden.dir\build.make:5974: CMakeFiles/warden.dir/Source/UI/CSimpleFontStringScript.cp
p.obj] Error 1
[ 25%] Building CXX object CMakeFiles/warden.dir/Source/UI/CSimpleFrame.cpp.obj
In file included from [01m[KD:\workcode\game\warden\Source\UI\CSimpleFontString.h:3[m[K,
                 from [01m[KD:\workcode\game\warden\Source\UI\CRenderBatch.h:16[m[K,
                 from [01m[KD:\workcode\game\warden\Source\UI\CSimpleFrame.h:8[m[K,
                 from [01m[KD:\workcode\game\warden\Source\UI\CSimpleFrame.cpp:1[m[K:
[01m[KD:/workcode/game/warden/Source/Engine/Source/Gx/Font.h:4:10:[m[K [01;31m[Kfatal error: [m[Kfont/FreeType.
h: No such file or directory
    4 | #include [01;31m[K"font/FreeType.h"[m[K
      |          [01;31m[K^~~~~~~~~~~~~~~~~[m[K
compilation terminated.
mingw32-make[3]: *** [CMakeFiles\warden.dir\build.make:6004: CMakeFiles/warden.dir/Source/UI/CSimpleFrame.cpp.obj] Erro
r 1
[ 25%] Building CXX object CMakeFiles/warden.dir/Source/UI/CSimpleFrameScript.cpp.obj
In file included from [01m[KD:/workcode/game/warden/Source/UI/CSimpleFontString.h:3[m[K,
                 from [01m[KD:/workcode/game/warden/Source/UI/CRenderBatch.h:16[m[K,
                 from [01m[KD:/workcode/game/warden/Source/UI/CSimpleFrame.h:8[m[K,
                 from [01m[KD:\workcode\game\warden\Source\UI\CSimpleFrameScript.cpp:2[m[K:
[01m[KD:/workcode/game/warden/Source/Engine/Source/Gx/Font.h:4:10:[m[K [01;31m[Kfatal error: [m[Kfont/FreeType.
h: No such file or directory
    4 | #include [01;31m[K"font/FreeType.h"[m[K
      |          [01;31m[K^~~~~~~~~~~~~~~~~[m[K
compilation terminated.
mingw32-make[3]: *** [CMakeFiles\warden.dir\build.make:6019: CMakeFiles/warden.dir/Source/UI/CSimpleFrameScript.cpp.obj
] Error 1
[ 25%] Building CXX object CMakeFiles/warden.dir/Source/UI/CSimpleHTML.cpp.obj
In file included from [01m[KD:/workcode/game/warden/Source/UI/CSimpleFontString.h:3[m[K,
                 from [01m[KD:/workcode/game/warden/Source/UI/CRenderBatch.h:16[m[K,
                 from [01m[KD:/workcode/game/warden/Source/UI/CSimpleFrame.h:8[m[K,
                 from [01m[KD:\workcode\game\warden\Source\UI\CSimpleHyperlinkedFrame.h:3[m[K,
                 from [01m[KD:\workcode\game\warden\Source\UI\CSimpleHTML.h:4[m[K,
                 from [01m[KD:\workcode\game\warden\Source\UI\CSimpleHTML.cpp:1[m[K:
[01m[KD:/workcode/game/warden/Source/Engine/Source/Gx/Font.h:4:10:[m[K [01;31m[Kfatal error: [m[Kfont/FreeType.
h: No such file or directory
    4 | #include [01;31m[K"font/FreeType.h"[m[K
      |          [01;31m[K^~~~~~~~~~~~~~~~~[m[K
compilation terminated.
mingw32-make[3]: *** [CMakeFiles\warden.dir\build.make:6034: CMakeFiles/warden.dir/Source/UI/CSimpleHTML.cpp.obj] Error
 1
[ 25%] Building CXX object CMakeFiles/warden.dir/Source/UI/CSimpleHTMLScript.cpp.obj
In file included from [01m[KD:/workcode/game/warden/Source/UI/CSimpleFontString.h:3[m[K,
                 from [01m[KD:/workcode/game/warden/Source/UI/CRenderBatch.h:16[m[K,
                 from [01m[KD:/workcode/game/warden/Source/UI/CSimpleFrame.h:8[m[K,
                 from [01m[KD:/workcode/game/warden/Source/UI/CSimpleHyperlinkedFrame.h:3[m[K,
                 from [01m[KD:/workcode/game/warden/Source/UI/CSimpleHTML.h:4[m[K,
                 from [01m[KD:\workcode\game\warden\Source\UI\CSimpleHTMLScript.cpp:2[m[K:
[01m[KD:/workcode/game/warden/Source/Engine/Source/Gx/Font.h:4:10:[m[K [01;31m[Kfatal error: [m[Kfont/FreeType.
h: No such file or directory
    4 | #include [01;31m[K"font/FreeType.h"[m[K
      |          [01;31m[K^~~~~~~~~~~~~~~~~[m[K
compilation terminated.
mingw32-make[3]: *** [CMakeFiles\warden.dir\build.make:6049: CMakeFiles/warden.dir/Source/UI/CSimpleHTMLScript.cpp.obj]
 Error 1
[ 25%] Building CXX object CMakeFiles/warden.dir/Source/UI/CSimpleHyperlinkedFrame.cpp.obj
In file included from [01m[KD:/workcode/game/warden/Source/UI/CSimpleFontString.h:3[m[K,
                 from [01m[KD:/workcode/game/warden/Source/UI/CRenderBatch.h:16[m[K,
                 from [01m[KD:/workcode/game/warden/Source/UI/CSimpleFrame.h:8[m[K,
                 from [01m[KD:/workcode/game/warden/Source/UI/CSimpleHyperlinkedFrame.h:3[m[K,
                 from [01m[KD:\workcode\game\warden\Source\UI\CSimpleHyperlinkedFrame.cpp:1[m[K:
[01m[KD:/workcode/game/warden/Source/Engine/Source/Gx/Font.h:4:10:[m[K [01;31m[Kfatal error: [m[Kfont/FreeType.
h: No such file or directory
    4 | #include [01;31m[K"font/FreeType.h"[m[K
      |          [01;31m[K^~~~~~~~~~~~~~~~~[m[K
compilation terminated.
mingw32-make[3]: *** [CMakeFiles\warden.dir\build.make:6064: CMakeFiles/warden.dir/Source/UI/CSimpleHyperlinkedFrame.cp
p.obj] Error 1
[ 25%] Building CXX object CMakeFiles/warden.dir/Source/UI/CSimpleModel.cpp.obj
In file included from [01m[KD:/workcode/game/warden/Source/UI/CSimpleFontString.h:3[m[K,
                 from [01m[KD:/workcode/game/warden/Source/UI/CRenderBatch.h:16[m[K,
                 from [01m[KD:/workcode/game/warden/Source/UI/CSimpleFrame.h:8[m[K,
                 from [01m[KD:\workcode\game\warden\Source\UI\CSimpleModel.h:4[m[K,
                 from [01m[KD:\workcode\game\warden\Source\UI\CSimpleModel.cpp:1[m[K:
[01m[KD:/workcode/game/warden/Source/Engine/Source/Gx/Font.h:4:10:[m[K [01;31m[Kfatal error: [m[Kfont/FreeType.
h: No such file or directory
    4 | #include [01;31m[K"font/FreeType.h"[m[K
      |          [01;31m[K^~~~~~~~~~~~~~~~~[m[K
compilation terminated.
mingw32-make[3]: *** [CMakeFiles\warden.dir\build.make:6079: CMakeFiles/warden.dir/Source/UI/CSimpleModel.cpp.obj] Erro
r 1
[ 25%] Building CXX object CMakeFiles/warden.dir/Source/UI/CSimpleModelFFX.cpp.obj
In file included from [01m[KD:/workcode/game/warden/Source/UI/CSimpleFontString.h:3[m[K,
                 from [01m[KD:/workcode/game/warden/Source/UI/CRenderBatch.h:16[m[K,
                 from [01m[KD:/workcode/game/warden/Source/UI/CSimpleFrame.h:8[m[K,
                 from [01m[KD:/workcode/game/warden/Source/UI/CSimpleModel.h:4[m[K,
                 from [01m[KD:/workcode/game/warden/Source/UI/CSimpleModelFFX.h:3[m[K,
                 from [01m[KD:\workcode\game\warden\Source\UI\CSimpleModelFFX.cpp:1[m[K:
[01m[KD:/workcode/game/warden/Source/Engine/Source/Gx/Font.h:4:10:[m[K [01;31m[Kfatal error: [m[Kfont/FreeType.
h: No such file or directory
    4 | #include [01;31m[K"font/FreeType.h"[m[K
      |          [01;31m[K^~~~~~~~~~~~~~~~~[m[K
compilation terminated.
mingw32-make[3]: *** [CMakeFiles\warden.dir\build.make:6094: CMakeFiles/warden.dir/Source/UI/CSimpleModelFFX.cpp.obj] E
rror 1
[ 25%] Building CXX object CMakeFiles/warden.dir/Source/UI/CSimpleModelScript.cpp.obj
In file included from [01m[KD:/workcode/game/warden/Source/UI/CSimpleFontString.h:3[m[K,
                 from [01m[KD:/workcode/game/warden/Source/UI/CRenderBatch.h:16[m[K,
                 from [01m[KD:/workcode/game/warden/Source/UI/CSimpleFrame.h:8[m[K,
                 from [01m[KD:/workcode/game/warden/Source/UI/CSimpleModel.h:4[m[K,
                 from [01m[KD:\workcode\game\warden\Source\UI\CSimpleModelScript.cpp:2[m[K:
[01m[KD:/workcode/game/warden/Source/Engine/Source/Gx/Font.h:4:10:[m[K [01;31m[Kfatal error: [m[Kfont/FreeType.
h: No such file or directory
    4 | #include [01;31m[K"font/FreeType.h"[m[K
      |          [01;31m[K^~~~~~~~~~~~~~~~~[m[K
compilation terminated.
mingw32-make[3]: *** [CMakeFiles\warden.dir\build.make:6124: CMakeFiles/warden.dir/Source/UI/CSimpleModelScript.cpp.obj
] Error 1
[ 27%] Building CXX object CMakeFiles/warden.dir/Source/UI/CSimpleRegion.cpp.obj
In file included from [01m[KD:/workcode/game/warden/Source/UI/CSimpleFontString.h:3[m[K,
                 from [01m[KD:/workcode/game/warden/Source/UI/CRenderBatch.h:16[m[K,
                 from [01m[KD:/workcode/game/warden/Source/UI/CSimpleFrame.h:8[m[K,
                 from [01m[KD:\workcode\game\warden\Source\UI\CSimpleRegion.cpp:2[m[K:
[01m[KD:/workcode/game/warden/Source/Engine/Source/Gx/Font.h:4:10:[m[K [01;31m[Kfatal error: [m[Kfont/FreeType.
h: No such file or directory
    4 | #include [01;31m[K"font/FreeType.h"[m[K
      |          [01;31m[K^~~~~~~~~~~~~~~~~[m[K
compilation terminated.
mingw32-make[3]: *** [CMakeFiles\warden.dir\build.make:6139: CMakeFiles/warden.dir/Source/UI/CSimpleRegion.cpp.obj] Err
or 1
[ 27%] Building CXX object CMakeFiles/warden.dir/Source/UI/CSimpleRender.cpp.obj
In file included from [01m[KD:/workcode/game/warden/Source/UI/CSimpleFontString.h:3[m[K,
                 from [01m[KD:/workcode/game/warden/Source/UI/CRenderBatch.h:16[m[K,
                 from [01m[KD:\workcode\game\warden\Source\UI\CSimpleRender.cpp:2[m[K:
[01m[KD:/workcode/game/warden/Source/Engine/Source/Gx/Font.h:4:10:[m[K [01;31m[Kfatal error: [m[Kfont/FreeType.
h: No such file or directory
    4 | #include [01;31m[K"font/FreeType.h"[m[K
      |          [01;31m[K^~~~~~~~~~~~~~~~~[m[K
compilation terminated.
mingw32-make[3]: *** [CMakeFiles\warden.dir\build.make:6154: CMakeFiles/warden.dir/Source/UI/CSimpleRender.cpp.obj] Err
or 1
[ 27%] Building CXX object CMakeFiles/warden.dir/Source/UI/CSimpleScrollFrame.cpp.obj
In file included from [01m[KD:/workcode/game/warden/Source/UI/CSimpleFontString.h:3[m[K,
                 from [01m[KD:/workcode/game/warden/Source/UI/CRenderBatch.h:16[m[K,
                 from [01m[KD:/workcode/game/warden/Source/UI/CSimpleFrame.h:8[m[K,
                 from [01m[KD:\workcode\game\warden\Source\UI\CSimpleScrollFrame.h:3[m[K,
                 from [01m[KD:\workcode\game\warden\Source\UI\CSimpleScrollFrame.cpp:1[m[K:
[01m[KD:/workcode/game/warden/Source/Engine/Source/Gx/Font.h:4:10:[m[K [01;31m[Kfatal error: [m[Kfont/FreeType.
h: No such file or directory
    4 | #include [01;31m[K"font/FreeType.h"[m[K
      |          [01;31m[K^~~~~~~~~~~~~~~~~[m[K
compilation terminated.
mingw32-make[3]: *** [CMakeFiles\warden.dir\build.make:6169: CMakeFiles/warden.dir/Source/UI/CSimpleScrollFrame.cpp.obj
] Error 1
[ 27%] Building CXX object CMakeFiles/warden.dir/Source/UI/CSimpleScrollFrameScript.cpp.obj
In file included from [01m[KD:/workcode/game/warden/Source/UI/CSimpleFontString.h:3[m[K,
                 from [01m[KD:/workcode/game/warden/Source/UI/CRenderBatch.h:16[m[K,
                 from [01m[KD:/workcode/game/warden/Source/UI/CSimpleFrame.h:8[m[K,
                 from [01m[KD:/workcode/game/warden/Source/UI/CSimpleScrollFrame.h:3[m[K,
                 from [01m[KD:\workcode\game\warden\Source\UI\CSimpleScrollFrameScript.cpp:2[m[K:
[01m[KD:/workcode/game/warden/Source/Engine/Source/Gx/Font.h:4:10:[m[K [01;31m[Kfatal error: [m[Kfont/FreeType.
h: No such file or directory
    4 | #include [01;31m[K"font/FreeType.h"[m[K
      |          [01;31m[K^~~~~~~~~~~~~~~~~[m[K
compilation terminated.
mingw32-make[3]: *** [CMakeFiles\warden.dir\build.make:6184: CMakeFiles/warden.dir/Source/UI/CSimpleScrollFrameScript.c
pp.obj] Error 1
[ 27%] Building CXX object CMakeFiles/warden.dir/Source/UI/CSimpleSlider.cpp.obj
In file included from [01m[KD:\workcode\game\warden\Source\UI\CSimpleFontString.h:3[m[K,
                 from [01m[KD:\workcode\game\warden\Source\UI\CRenderBatch.h:16[m[K,
                 from [01m[KD:\workcode\game\warden\Source\UI\CSimpleFrame.h:8[m[K,
                 from [01m[KD:\workcode\game\warden\Source\UI\CSimpleSlider.h:3[m[K,
                 from [01m[KD:\workcode\game\warden\Source\UI\CSimpleSlider.cpp:1[m[K:
[01m[KD:/workcode/game/warden/Source/Engine/Source/Gx/Font.h:4:10:[m[K [01;31m[Kfatal error: [m[Kfont/FreeType.
h: No such file or directory
    4 | #include [01;31m[K"font/FreeType.h"[m[K
      |          [01;31m[K^~~~~~~~~~~~~~~~~[m[K
compilation terminated.
mingw32-make[3]: *** [CMakeFiles\warden.dir\build.make:6199: CMakeFiles/warden.dir/Source/UI/CSimpleSlider.cpp.obj] Err
or 1
[ 27%] Building CXX object CMakeFiles/warden.dir/Source/UI/CSimpleSliderScript.cpp.obj
In file included from [01m[KD:/workcode/game/warden/Source/UI/CSimpleFontString.h:3[m[K,
                 from [01m[KD:/workcode/game/warden/Source/UI/CRenderBatch.h:16[m[K,
                 from [01m[KD:/workcode/game/warden/Source/UI/CSimpleFrame.h:8[m[K,
                 from [01m[KD:/workcode/game/warden/Source/UI/CSimpleSlider.h:3[m[K,
                 from [01m[KD:\workcode\game\warden\Source\UI\CSimpleSliderScript.cpp:2[m[K:
[01m[KD:/workcode/game/warden/Source/Engine/Source/Gx/Font.h:4:10:[m[K [01;31m[Kfatal error: [m[Kfont/FreeType.
h: No such file or directory
    4 | #include [01;31m[K"font/FreeType.h"[m[K
      |          [01;31m[K^~~~~~~~~~~~~~~~~[m[K
compilation terminated.
mingw32-make[3]: *** [CMakeFiles\warden.dir\build.make:6214: CMakeFiles/warden.dir/Source/UI/CSimpleSliderScript.cpp.ob
j] Error 1
[ 27%] Building CXX object CMakeFiles/warden.dir/Source/UI/CSimpleTexture.cpp.obj
In file included from [01m[KD:/workcode/game/warden/Source/UI/CSimpleFontString.h:3[m[K,
                 from [01m[KD:/workcode/game/warden/Source/UI/CRenderBatch.h:16[m[K,
                 from [01m[KD:\workcode\game\warden\Source\UI\CSimpleTexture.cpp:3[m[K:
[01m[KD:/workcode/game/warden/Source/Engine/Source/Gx/Font.h:4:10:[m[K [01;31m[Kfatal error: [m[Kfont/FreeType.
h: No such file or directory
    4 | #include [01;31m[K"font/FreeType.h"[m[K
      |          [01;31m[K^~~~~~~~~~~~~~~~~[m[K
compilation terminated.
mingw32-make[3]: *** [CMakeFiles\warden.dir\build.make:6229: CMakeFiles/warden.dir/Source/UI/CSimpleTexture.cpp.obj] Er
ror 1
[ 27%] Building CXX object CMakeFiles/warden.dir/Source/UI/CSimpleTop.cpp.obj
In file included from [01m[KD:/workcode/game/warden/Source/UI/CSimpleFontString.h:3[m[K,
                 from [01m[KD:/workcode/game/warden/Source/UI/CRenderBatch.h:16[m[K,
                 from [01m[KD:/workcode/game/warden/Source/UI/CSimpleFrame.h:8[m[K,
                 from [01m[KD:/workcode/game/warden/Source/UI/CSimpleTop.h:4[m[K,
                 from [01m[KD:\workcode\game\warden\Source\UI\CSimpleTop.cpp:2[m[K:
[01m[KD:/workcode/game/warden/Source/Engine/Source/Gx/Font.h:4:10:[m[K [01;31m[Kfatal error: [m[Kfont/FreeType.
h: No such file or directory
    4 | #include [01;31m[K"font/FreeType.h"[m[K
      |          [01;31m[K^~~~~~~~~~~~~~~~~[m[K
compilation terminated.
mingw32-make[3]: *** [CMakeFiles\warden.dir\build.make:6259: CMakeFiles/warden.dir/Source/UI/CSimpleTop.cpp.obj] Error 
1
[ 27%] Building CXX object CMakeFiles/warden.dir/Source/UI/CSoundManager.cpp.obj
[01m[KD:\workcode\game\warden\Source\UI\CSoundManager.cpp:1:10:[m[K [01;31m[Kfatal error: [m[KCSoundManager.h: 
No such file or directory
    1 | #include [01;31m[K"CSoundManager.h"[m[K
      |          [01;31m[K^~~~~~~~~~~~~~~~~[m[K
compilation terminated.
mingw32-make[3]: *** [CMakeFiles\warden.dir\build.make:6289: CMakeFiles/warden.dir/Source/UI/CSoundManager.cpp.obj] Err
or 1
[ 27%] Building CXX object CMakeFiles/warden.dir/Source/UI/CStatBar.cpp.obj
[01m[KD:\workcode\game\warden\Source\UI\CStatBar.cpp:1:10:[m[K [01;31m[Kfatal error: [m[KCStatBar.h: No such fi
le or directory
    1 | #include [01;31m[K"CStatBar.h"[m[K
      |          [01;31m[K^~~~~~~~~~~~[m[K
compilation terminated.
mingw32-make[3]: *** [CMakeFiles\warden.dir\build.make:6319: CMakeFiles/warden.dir/Source/UI/CStatBar.cpp.obj] Error 1
[ 27%] Building CXX object CMakeFiles/warden.dir/Source/UI/CTimeOfDayIndicator.cpp.obj
[01m[KD:\workcode\game\warden\Source\UI\CTimeOfDayIndicator.cpp:1:10:[m[K [01;31m[Kfatal error: [m[KCTimeOfDayI
ndicator.h: No such file or directory
    1 | #include [01;31m[K"CTimeOfDayIndicator.h"[m[K
      |          [01;31m[K^~~~~~~~~~~~~~~~~~~~~~~[m[K
compilation terminated.
mingw32-make[3]: *** [CMakeFiles\warden.dir\build.make:6334: CMakeFiles/warden.dir/Source/UI/CTimeOfDayIndicator.cpp.ob
j] Error 1
[ 27%] Building CXX object CMakeFiles/warden.dir/Source/UI/CToolTipWar3.cpp.obj
[01m[KD:\workcode\game\warden\Source\UI\CToolTipWar3.cpp:1:10:[m[K [01;31m[Kfatal error: [m[KCToolTipWar3.h: No
 such file or directory
    1 | #include [01;31m[K"CToolTipWar3.h"[m[K
      |          [01;31m[K^~~~~~~~~~~~~~~~[m[K
compilation terminated.
mingw32-make[3]: *** [CMakeFiles\warden.dir\build.make:6349: CMakeFiles/warden.dir/Source/UI/CToolTipWar3.cpp.obj] Erro
r 1
[ 27%] Building CXX object CMakeFiles/warden.dir/Source/UI/CUnitTip.cpp.obj
[01m[KD:\workcode\game\warden\Source\UI\CUnitTip.cpp:1:10:[m[K [01;31m[Kfatal error: [m[KCUnitTip.h: No such fi
le or directory
    1 | #include [01;31m[K"CUnitTip.h"[m[K
      |          [01;31m[K^~~~~~~~~~~~[m[K
compilation terminated.
mingw32-make[3]: *** [CMakeFiles\warden.dir\build.make:6364: CMakeFiles/warden.dir/Source/UI/CUnitTip.cpp.obj] Error 1
[ 27%] Building CXX object CMakeFiles/warden.dir/Source/UI/CUnitUIManager.cpp.obj
[01m[KD:\workcode\game\warden\Source\UI\CUnitUIManager.cpp:1:10:[m[K [01;31m[Kfatal error: [m[KCUnitUIManager.h
: No such file or directory
    1 | #include [01;31m[K"CUnitUIManager.h"[m[K
      |          [01;31m[K^~~~~~~~~~~~~~~~~~[m[K
compilation terminated.
mingw32-make[3]: *** [CMakeFiles\warden.dir\build.make:6379: CMakeFiles/warden.dir/Source/UI/CUnitUIManager.cpp.obj] Er
ror 1
[ 27%] Building CXX object CMakeFiles/warden.dir/Source/UI/CWorldFrameWar3.cpp.obj
[01m[KD:\workcode\game\warden\Source\UI\CWorldFrameWar3.cpp:1:10:[m[K [01;31m[Kfatal error: [m[KCWorldFrameWar3
.h: No such file or directory
    1 | #include [01;31m[K"CWorldFrameWar3.h"[m[K
      |          [01;31m[K^~~~~~~~~~~~~~~~~~~[m[K
compilation terminated.
mingw32-make[3]: *** [CMakeFiles\warden.dir\build.make:6409: CMakeFiles/warden.dir/Source/UI/CWorldFrameWar3.cpp.obj] E
rror 1
[ 27%] Building CXX object CMakeFiles/warden.dir/Source/UI/FrameXML.cpp.obj
In file included from [01m[KD:\workcode\game\warden\Source\UI\CSimpleFontString.h:3[m[K,
                 from [01m[KD:\workcode\game\warden\Source\UI\CRenderBatch.h:16[m[K,
                 from [01m[KD:\workcode\game\warden\Source\UI\CSimpleFrame.h:8[m[K,
                 from [01m[KD:\workcode\game\warden\Source\UI\CSimpleButton.h:3[m[K,
                 from [01m[KD:\workcode\game\warden\Source\UI\FrameXML.cpp:2[m[K:
[01m[KD:/workcode/game/warden/Source/Engine/Source/Gx/Font.h:4:10:[m[K [01;31m[Kfatal error: [m[Kfont/FreeType.
h: No such file or directory
    4 | #include [01;31m[K"font/FreeType.h"[m[K
      |          [01;31m[K^~~~~~~~~~~~~~~~~[m[K
compilation terminated.
mingw32-make[3]: *** [CMakeFiles\warden.dir\build.make:6454: CMakeFiles/warden.dir/Source/UI/FrameXML.cpp.obj] Error 1
[ 27%] Building CXX object CMakeFiles/warden.dir/Source/UI/LoadXML.cpp.obj
In file included from [01m[KD:/workcode/game/warden/Source/UI/CSimpleFontString.h:3[m[K,
                 from [01m[KD:\workcode\game\warden\Source\UI\LoadXML.cpp:2[m[K:
[01m[KD:/workcode/game/warden/Source/Engine/Source/Gx/Font.h:4:10:[m[K [01;31m[Kfatal error: [m[Kfont/FreeType.
h: No such file or directory
    4 | #include [01;31m[K"font/FreeType.h"[m[K
      |          [01;31m[K^~~~~~~~~~~~~~~~~[m[K
compilation terminated.
mingw32-make[3]: *** [CMakeFiles\warden.dir\build.make:6484: CMakeFiles/warden.dir/Source/UI/LoadXML.cpp.obj] Error 1
[ 27%] Building CXX object CMakeFiles/warden.dir/Source/UI/ScriptFunctions.cpp.obj
In file included from [01m[KD:/workcode/game/warden/Source/UI/CSimpleFontString.h:3[m[K,
                 from [01m[KD:/workcode/game/warden/Source/UI/CRenderBatch.h:16[m[K,
                 from [01m[KD:/workcode/game/warden/Source/UI/CSimpleFrame.h:8[m[K,
                 from [01m[KD:/workcode/game/warden/Source/UI/CSimpleButton.h:3[m[K,
                 from [01m[KD:\workcode\game\warden\Source\UI\ScriptFunctions.cpp:2[m[K:
[01m[KD:/workcode/game/warden/Source/Engine/Source/Gx/Font.h:4:10:[m[K [01;31m[Kfatal error: [m[Kfont/FreeType.
h: No such file or directory
    4 | #include [01;31m[K"font/FreeType.h"[m[K
      |          [01;31m[K^~~~~~~~~~~~~~~~~[m[K
compilation terminated.
mingw32-make[3]: *** [CMakeFiles\warden.dir\build.make:6544: CMakeFiles/warden.dir/Source/UI/ScriptFunctions.cpp.obj] E
rror 1
[ 29%] Building CXX object CMakeFiles/warden.dir/Source/UI/ScriptFunctionsCharSelect.cpp.obj
In file included from [01m[KD:/workcode/game/warden/Source/UI/CSimpleFontString.h:3[m[K,
                 from [01m[KD:/workcode/game/warden/Source/UI/CRenderBatch.h:16[m[K,
                 from [01m[KD:/workcode/game/warden/Source/UI/CSimpleFrame.h:8[m[K,
                 from [01m[KD:/workcode/game/warden/Source/UI/CSimpleModel.h:4[m[K,
                 from [01m[KD:/workcode/game/warden/Source/UI/CSimpleModelFFX.h:3[m[K,
                 from [01m[KD:\workcode\game\warden\Source\UI\ScriptFunctionsCharSelect.cpp:2[m[K:
[01m[KD:/workcode/game/warden/Source/Engine/Source/Gx/Font.h:4:10:[m[K [01;31m[Kfatal error: [m[Kfont/FreeType.
h: No such file or directory
    4 | #include [01;31m[K"font/FreeType.h"[m[K
      |          [01;31m[K^~~~~~~~~~~~~~~~~[m[K
compilation terminated.
mingw32-make[3]: *** [CMakeFiles\warden.dir\build.make:6574: CMakeFiles/warden.dir/Source/UI/ScriptFunctionsCharSelect.
cpp.obj] Error 1
[ 29%] Building CXX object CMakeFiles/warden.dir/Source/UI/ScriptFunctionsGlueScriptEvents.cpp.obj
In file included from [01m[KD:/workcode/game/warden/Source/UI/CSimpleFontString.h:3[m[K,
                 from [01m[KD:/workcode/game/warden/Source/UI/CRenderBatch.h:16[m[K,
                 from [01m[KD:/workcode/game/warden/Source/UI/CSimpleFrame.h:8[m[K,
                 from [01m[KD:/workcode/game/warden/Source/UI/CSimpleTop.h:4[m[K,
                 from [01m[KD:\workcode\game\warden\Source\UI\ScriptFunctionsGlueScriptEvents.cpp:3[m[K:
[01m[KD:/workcode/game/warden/Source/Engine/Source/Gx/Font.h:4:10:[m[K [01;31m[Kfatal error: [m[Kfont/FreeType.
h: No such file or directory
    4 | #include [01;31m[K"font/FreeType.h"[m[K
      |          [01;31m[K^~~~~~~~~~~~~~~~~[m[K
compilation terminated.
mingw32-make[3]: *** [CMakeFiles\warden.dir\build.make:6589: CMakeFiles/warden.dir/Source/UI/ScriptFunctionsGlueScriptE
vents.cpp.obj] Error 1
[ 29%] Building CXX object CMakeFiles/warden.dir/Source/UI/ScriptFunctionsRealmList.cpp.obj
In file included from [01m[KD:/workcode/game/warden/Source/StormMac/db/Db.h:7[m[K,
                 from [01m[KD:\workcode\game\warden\Source\UI\ScriptFunctionsRealmList.cpp:7[m[K:
[01m[KD:/workcode/game/warden/Source/StormMac/db/WowClientDB.h:90:22:[m[K [01;35m[Kwarning: [m[Kmulti-character
 character constant [[01;35m[K-Wmultichar[m[K]
   90 |     if (signature != [01;35m[K'CBDW'[m[K) {
      |                      [01;35m[K^~~~~~[m[K
[01m[KD:\workcode\game\warden\Source\UI\ScriptFunctionsRealmList.cpp:[m[K In function '[01m[Kint32_t[01;32m[K S
cript_GetNumRealms[m[K(lua_State*)[m[K':
[01m[KD:\workcode\game\warden\Source\UI\ScriptFunctionsRealmList.cpp:28:37:[m[K [01;31m[Kerror: [m[K'[01m[KSu
b4DE910[m[K' is not a member of '[01m[KCRealmList[m[K'
   28 |         categoryIndex = CRealmList::[01;31m[KSub4DE910[m[K(categoryIndex);
      |                                     [01;31m[K^~~~~~~~~[m[K
[01m[KD:\workcode\game\warden\Source\UI\ScriptFunctionsRealmList.cpp:31:41:[m[K [01;31m[Kerror: [m[K'[01m[Ks_
categories[m[K' is not a member of '[01m[KCRealmList[m[K'
   31 |         if (categoryIndex < CRealmList::[01;31m[Ks_categories[m[K.Count()) {
      |                                         [01;31m[K^~~~~~~~~~~~[m[K
[01m[KD:\workcode\game\warden\Source\UI\ScriptFunctionsRealmList.cpp:32:46:[m[K [01;31m[Kerror: [m[K'[01m[Ks_
categories[m[K' is not a member of '[01m[KCRealmList[m[K'
   32 |             auto realmCategory = CRealmList::[01;31m[Ks_categories[m[K[categoryIndex];
      |                                              [01;31m[K^~~~~~~~~~~~[m[K
[01m[KD:\workcode\game\warden\Source\UI\ScriptFunctionsRealmList.cpp:44:41:[m[K [01;31m[Kerror: [m[K'[01m[Ks_
categories[m[K' is not a member of '[01m[KCRealmList[m[K'
   44 |     for (int32_t i = 0; i < CRealmList::[01;31m[Ks_categories[m[K.Count(); i++) {
      |                                         [01;31m[K^~~~~~~~~~~~[m[K
[01m[KD:\workcode\game\warden\Source\UI\ScriptFunctionsRealmList.cpp:45:42:[m[K [01;31m[Kerror: [m[K'[01m[Ks_
categories[m[K' is not a member of '[01m[KCRealmList[m[K'
   45 |         auto realmCategory = CRealmList::[01;31m[Ks_categories[m[K[i];
      |                                          [01;31m[K^~~~~~~~~~~~[m[K
[01m[KD:\workcode\game\warden\Source\UI\ScriptFunctionsRealmList.cpp:[m[K In function '[01m[Kint32_t[01;32m[K S
cript_GetRealmInfo[m[K(lua_State*)[m[K':
[01m[KD:\workcode\game\warden\Source\UI\ScriptFunctionsRealmList.cpp:65:37:[m[K [01;31m[Kerror: [m[K'[01m[KSu
b4DE910[m[K' is not a member of '[01m[KCRealmList[m[K'
   65 |         categoryIndex = CRealmList::[01;31m[KSub4DE910[m[K(categoryIndex);
      |                                     [01;31m[K^~~~~~~~~[m[K
[01m[KD:\workcode\game\warden\Source\UI\ScriptFunctionsRealmList.cpp:67:58:[m[K [01;31m[Kerror: [m[K'[01m[Ks_
categories[m[K' is not a member of '[01m[KCRealmList[m[K'
   67 |         auto realmCategory = categoryIndex < CRealmList::[01;31m[Ks_categories[m[K.Count()
      |                                                          [01;31m[K^~~~~~~~~~~~[m[K
[01m[KD:\workcode\game\warden\Source\UI\ScriptFunctionsRealmList.cpp:68:44:[m[K [01;31m[Kerror: [m[K'[01m[Ks_
categories[m[K' is not a member of '[01m[KCRealmList[m[K'
   68 |                              ? CRealmList::[01;31m[Ks_categories[m[K[categoryIndex]
      |                                            [01;31m[K^~~~~~~~~~~~[m[K
[01m[KD:\workcode\game\warden\Source\UI\ScriptFunctionsRealmList.cpp:78:45:[m[K [01;31m[Kerror: [m[K'[01m[Ks_
categories[m[K' is not a member of '[01m[KCRealmList[m[K'
   78 |         for (int32_t i = 0; i < CRealmList::[01;31m[Ks_categories[m[K.Count(); i++) {
      |                                             [01;31m[K^~~~~~~~~~~~[m[K
[01m[KD:\workcode\game\warden\Source\UI\ScriptFunctionsRealmList.cpp:79:46:[m[K [01;31m[Kerror: [m[K'[01m[Ks_
categories[m[K' is not a member of '[01m[KCRealmList[m[K'
   79 |             auto realmCategory = CRealmList::[01;31m[Ks_categories[m[K[i];
      |                                              [01;31m[K^~~~~~~~~~~~[m[K
[01m[KD:\workcode\game\warden\Source\UI\ScriptFunctionsRealmList.cpp:[m[K In function '[01m[Kint32_t[01;32m[K S
cript_ChangeRealm[m[K(lua_State*)[m[K':
[01m[KD:\workcode\game\warden\Source\UI\ScriptFunctionsRealmList.cpp:202:37:[m[K [01;31m[Kerror: [m[K'[01m[KS
ub4DE910[m[K' is not a member of '[01m[KCRealmList[m[K'
  202 |         categoryIndex = CRealmList::[01;31m[KSub4DE910[m[K(categoryIndex);
      |                                     [01;31m[K^~~~~~~~~[m[K
[01m[KD:\workcode\game\warden\Source\UI\ScriptFunctionsRealmList.cpp:204:21:[m[K [01;31m[Kerror: [m[K'[01m[Ks
_selectedCategory[m[K' is not a member of '[01m[KCRealmList[m[K'
  204 |         CRealmList::[01;31m[Ks_selectedCategory[m[K = categoryIndex;
      |                     [01;31m[K^~~~~~~~~~~~~~~~~~[m[K
[01m[KD:\workcode\game\warden\Source\UI\ScriptFunctionsRealmList.cpp:206:58:[m[K [01;31m[Kerror: [m[K'[01m[Ks
_categories[m[K' is not a member of '[01m[KCRealmList[m[K'
  206 |         auto realmCategory = categoryIndex < CRealmList::[01;31m[Ks_categories[m[K.Count()
      |                                                          [01;31m[K^~~~~~~~~~~~[m[K
[01m[KD:\workcode\game\warden\Source\UI\ScriptFunctionsRealmList.cpp:207:44:[m[K [01;31m[Kerror: [m[K'[01m[Ks
_categories[m[K' is not a member of '[01m[KCRealmList[m[K'
  207 |                              ? CRealmList::[01;31m[Ks_categories[m[K[categoryIndex]
      |                                            [01;31m[K^~~~~~~~~~~~[m[K
[01m[KD:\workcode\game\warden\Source\UI\ScriptFunctionsRealmList.cpp:217:45:[m[K [01;31m[Kerror: [m[K'[01m[Ks
_categories[m[K' is not a member of '[01m[KCRealmList[m[K'
  217 |         for (int32_t i = 0; i < CRealmList::[01;31m[Ks_categories[m[K.Count(); i++) {
      |                                             [01;31m[K^~~~~~~~~~~~[m[K
[01m[KD:\workcode\game\warden\Source\UI\ScriptFunctionsRealmList.cpp:218:46:[m[K [01;31m[Kerror: [m[K'[01m[Ks
_categories[m[K' is not a member of '[01m[KCRealmList[m[K'
  218 |             auto realmCategory = CRealmList::[01;31m[Ks_categories[m[K[i];
      |                                              [01;31m[K^~~~~~~~~~~~[m[K
[01m[KD:\workcode\game\warden\Source\UI\ScriptFunctionsRealmList.cpp:230:25:[m[K [01;31m[Kerror: [m[K'[01m[Ks
_preferredCategory[m[K' is not a member of '[01m[KCRealmList[m[K'
  230 |         if (CRealmList::[01;31m[Ks_preferredCategory[m[K == -1) {
      |                         [01;31m[K^~~~~~~~~~~~~~~~~~~[m[K
[01m[KD:\workcode\game\warden\Source\UI\ScriptFunctionsRealmList.cpp:231:25:[m[K [01;31m[Kerror: [m[K'[01m[Ks
_preferredCategory[m[K' is not a member of '[01m[KCRealmList[m[K'
  231 |             CRealmList::[01;31m[Ks_preferredCategory[m[K = 0;
      |                         [01;31m[K^~~~~~~~~~~~~~~~~~~[m[K
[01m[KD:\workcode\game\warden\Source\UI\ScriptFunctionsRealmList.cpp:234:19:[m[K [01;31m[Kerror: [m[K'[01m[KC
hangeRealm[m[K' is not a member of '[01m[KCGlueMgr[m[K'
  234 |         CGlueMgr::[01;31m[KChangeRealm[m[K(realmInfo);
      |                   [01;31m[K^~~~~~~~~~~[m[K
[01m[KD:\workcode\game\warden\Source\UI\ScriptFunctionsRealmList.cpp:[m[K In function '[01m[Kint32_t[01;32m[K S
cript_SetPreferredInfo[m[K(lua_State*)[m[K':
[01m[KD:\workcode\game\warden\Source\UI\ScriptFunctionsRealmList.cpp:253:17:[m[K [01;31m[Kerror: [m[K'[01m[KS
etPreferredInfo[m[K' is not a member of '[01m[KCRealmList[m[K'
  253 |     CRealmList::[01;31m[KSetPreferredInfo[m[K(index, pvp, rp);
      |                 [01;31m[K^~~~~~~~~~~~~~~~[m[K
[01m[KD:\workcode\game\warden\Source\UI\ScriptFunctionsRealmList.cpp:[m[K In function '[01m[Kint32_t[01;32m[K S
cript_GetSelectedCategory[m[K(lua_State*)[m[K':
[01m[KD:\workcode\game\warden\Source\UI\ScriptFunctionsRealmList.cpp:263:21:[m[K [01;31m[Kerror: [m[K'[01m[Ks
_categories[m[K' is not a member of '[01m[KCRealmList[m[K'
  263 |     if (CRealmList::[01;31m[Ks_categories[m[K.Count() == 0) {
      |                     [01;31m[K^~~~~~~~~~~~[m[K
[01m[KD:\workcode\game\warden\Source\UI\ScriptFunctionsRealmList.cpp:270:42:[m[K [01;31m[Kerror: [m[K'[01m[Ks
_categories[m[K' is not a member of '[01m[KCRealmList[m[K'
  270 |     for (uint32_t i = 0; i < CRealmList::[01;31m[Ks_categories[m[K.Count(); i++) {
      |                                          [01;31m[K^~~~~~~~~~~~[m[K
[01m[KD:\workcode\game\warden\Source\UI\ScriptFunctionsRealmList.cpp:271:42:[m[K [01;31m[Kerror: [m[K'[01m[Ks
_categories[m[K' is not a member of '[01m[KCRealmList[m[K'
  271 |         auto realmCategory = CRealmList::[01;31m[Ks_categories[m[K[i];
      |                                          [01;31m[K^~~~~~~~~~~~[m[K
[01m[KD:\workcode\game\warden\Source\UI\ScriptFunctionsRealmList.cpp:275:34:[m[K [01;31m[Kerror: [m[K'[01m[Ks
_selectedCategory[m[K' is not a member of '[01m[KCRealmList[m[K'
  275 |             if (i >= CRealmList::[01;31m[Ks_selectedCategory[m[K) {
      |                                  [01;31m[K^~~~~~~~~~~~~~~~~~[m[K
mingw32-make[3]: *** [CMakeFiles\warden.dir\build.make:6604: CMakeFiles/warden.dir/Source/UI/ScriptFunctionsRealmList.c
pp.obj] Error 1
[ 29%] Building CXX object CMakeFiles/warden.dir/Source/UI/ScriptFunctionsSimpleFrame.cpp.obj
In file included from [01m[KD:/workcode/game/warden/Source/UI/CSimpleFontString.h:3[m[K,
                 from [01m[KD:/workcode/game/warden/Source/UI/CRenderBatch.h:16[m[K,
                 from [01m[KD:/workcode/game/warden/Source/UI/CSimpleFrame.h:8[m[K,
                 from [01m[KD:\workcode\game\warden\Source\UI\ScriptFunctionsSimpleFrame.cpp:2[m[K:
[01m[KD:/workcode/game/warden/Source/Engine/Source/Gx/Font.h:4:10:[m[K [01;31m[Kfatal error: [m[Kfont/FreeType.
h: No such file or directory
    4 | #include [01;31m[K"font/FreeType.h"[m[K
      |          [01;31m[K^~~~~~~~~~~~~~~~~[m[K
compilation terminated.
mingw32-make[3]: *** [CMakeFiles\warden.dir\build.make:6634: CMakeFiles/warden.dir/Source/UI/ScriptFunctionsSimpleFrame
.cpp.obj] Error 1
[ 29%] Building CXX object CMakeFiles/warden.dir/Source/Unit/CFStringUtilities.cpp.obj
[01m[KD:\workcode\game\warden\Source\Unit\CFStringUtilities.cpp:1:10:[m[K [01;31m[Kfatal error: [m[KCFStringUti
lities.h: No such file or directory
    1 | #include [01;31m[K"CFStringUtilities.h"[m[K
      |          [01;31m[K^~~~~~~~~~~~~~~~~~~~~[m[K
compilation terminated.
mingw32-make[3]: *** [CMakeFiles\warden.dir\build.make:6814: CMakeFiles/warden.dir/Source/Unit/CFStringUtilities.cpp.ob
j] Error 1
[ 29%] Building CXX object CMakeFiles/warden.dir/Source/Unit/CUnit_Enum.cpp.obj
[01m[KD:\workcode\game\warden\Source\Unit\CUnit_Enum.cpp:1:10:[m[K [01;31m[Kfatal error: [m[KCUnit_Enum.h: No s
uch file or directory
    1 | #include [01;31m[K"CUnit_Enum.h"[m[K
      |          [01;31m[K^~~~~~~~~~~~~~[m[K
compilation terminated.
mingw32-make[3]: *** [CMakeFiles\warden.dir\build.make:6904: CMakeFiles/warden.dir/Source/Unit/CUnit_Enum.cpp.obj] Erro
r 1
[ 29%] Building CXX object CMakeFiles/warden.dir/Source/Unit/CUnit_Ownership.cpp.obj
[01m[KD:\workcode\game\warden\Source\Unit\CUnit_Ownership.cpp:1:10:[m[K [01;31m[Kfatal error: [m[KCUnit_Ownersh
ip.h: No such file or directory
    1 | #include [01;31m[K"CUnit_Ownership.h"[m[K
      |          [01;31m[K^~~~~~~~~~~~~~~~~~~[m[K
compilation terminated.
mingw32-make[3]: *** [CMakeFiles\warden.dir\build.make:6919: CMakeFiles/warden.dir/Source/Unit/CUnit_Ownership.cpp.obj]
 Error 1
[ 29%] Building CXX object CMakeFiles/warden.dir/Source/Unit/CUnit_Visibility.cpp.obj
[01m[KD:\workcode\game\warden\Source\Unit\CUnit_Visibility.cpp:1:10:[m[K [01;31m[Kfatal error: [m[KCUnit_Visibi
lity.h: No such file or directory
    1 | #include [01;31m[K"CUnit_Visibility.h"[m[K
      |          [01;31m[K^~~~~~~~~~~~~~~~~~~~[m[K
compilation terminated.
mingw32-make[3]: *** [CMakeFiles\warden.dir\build.make:6934: CMakeFiles/warden.dir/Source/Unit/CUnit_Visibility.cpp.obj
] Error 1
[ 29%] Building CXX object CMakeFiles/warden.dir/Source/Unit/CUnit_Vision.cpp.obj
[01m[KD:\workcode\game\warden\Source\Unit\CUnit_Vision.cpp:1:10:[m[K [01;31m[Kfatal error: [m[KCUnit_Vision.h: 
No such file or directory
    1 | #include [01;31m[K"CUnit_Vision.h"[m[K
      |          [01;31m[K^~~~~~~~~~~~~~~~[m[K
compilation terminated.
mingw32-make[3]: *** [CMakeFiles\warden.dir\build.make:6949: CMakeFiles/warden.dir/Source/Unit/CUnit_Vision.cpp.obj] Er
ror 1
[ 29%] Building CXX object CMakeFiles/warden.dir/Source/WorldEdit/CTerrainBlight.cpp.obj
[01m[KD:\workcode\game\warden\Source\WorldEdit\CTerrainBlight.cpp:[m[K In member function '[01m[Kvoid CTerrainBli
ght::[01;32m[KAddBlight[m[K(int32_t, int32_t, int32_t)[m[K':
[01m[KD:\workcode\game\warden\Source\WorldEdit\CTerrainBlight.cpp:17:26:[m[K [01;31m[Kerror: [m[Kinvalid use of
 incomplete type '[01m[Kclass CTerrain[m[K'
   17 |             if (m_terrain[01;31m[K->[m[KInBoundsInt(tx, ty)) {
      |                          [01;31m[K^~[m[K
In file included from [01m[KD:\workcode\game\warden\Source\WorldEdit\CTerrainBlight.cpp:1[m[K:
[01m[KD:\workcode\game\warden\Source\WorldEdit\CTerrainBlight.h:6:7:[m[K [01;36m[Knote: [m[Kforward declaration
 of '[01m[Kclass CTerrain[m[K'
    6 | class [01;36m[KCTerrain[m[K;
      |       [01;36m[K^~~~~~~~[m[K
[01m[KD:\workcode\game\warden\Source\WorldEdit\CTerrainBlight.cpp:19:43:[m[K [01;31m[Kerror: [m[Kinvalid use of
 incomplete type '[01m[Kclass CTerrain[m[K'
   19 |                 uint32_t flags = m_terrain[01;31m[K->[m[KGetFlags(tx, ty);
      |                                           [01;31m[K^~[m[K
[01m[KD:\workcode\game\warden\Source\WorldEdit\CTerrainBlight.h:6:7:[m[K [01;36m[Knote: [m[Kforward declaration
 of '[01m[Kclass CTerrain[m[K'
    6 | class [01;36m[KCTerrain[m[K;
      |       [01;36m[K^~~~~~~~[m[K
[01m[KD:\workcode\game\warden\Source\WorldEdit\CTerrainBlight.cpp:21:26:[m[K [01;31m[Kerror: [m[Kinvalid use of
 incomplete type '[01m[Kclass CTerrain[m[K'
   21 |                 m_terrain[01;31m[K->[m[KSetFlags(tx, ty, flags);
      |                          [01;31m[K^~[m[K
[01m[KD:\workcode\game\warden\Source\WorldEdit\CTerrainBlight.h:6:7:[m[K [01;36m[Knote: [m[Kforward declaration
 of '[01m[Kclass CTerrain[m[K'
    6 | class [01;36m[KCTerrain[m[K;
      |       [01;36m[K^~~~~~~~[m[K
[01m[KD:\workcode\game\warden\Source\WorldEdit\CTerrainBlight.cpp:[m[K In member function '[01m[Kvoid CTerrainBli
ght::[01;32m[KRemoveBlight[m[K(int32_t, int32_t, int32_t)[m[K':
[01m[KD:\workcode\game\warden\Source\WorldEdit\CTerrainBlight.cpp:35:26:[m[K [01;31m[Kerror: [m[Kinvalid use of
 incomplete type '[01m[Kclass CTerrain[m[K'
   35 |             if (m_terrain[01;31m[K->[m[KInBoundsInt(tx, ty)) {
      |                          [01;31m[K^~[m[K
[01m[KD:\workcode\game\warden\Source\WorldEdit\CTerrainBlight.h:6:7:[m[K [01;36m[Knote: [m[Kforward declaration
 of '[01m[Kclass CTerrain[m[K'
    6 | class [01;36m[KCTerrain[m[K;
      |       [01;36m[K^~~~~~~~[m[K
[01m[KD:\workcode\game\warden\Source\WorldEdit\CTerrainBlight.cpp:37:43:[m[K [01;31m[Kerror: [m[Kinvalid use of
 incomplete type '[01m[Kclass CTerrain[m[K'
   37 |                 uint32_t flags = m_terrain[01;31m[K->[m[KGetFlags(tx, ty);
      |                                           [01;31m[K^~[m[K
[01m[KD:\workcode\game\warden\Source\WorldEdit\CTerrainBlight.h:6:7:[m[K [01;36m[Knote: [m[Kforward declaration
 of '[01m[Kclass CTerrain[m[K'
    6 | class [01;36m[KCTerrain[m[K;
      |       [01;36m[K^~~~~~~~[m[K
[01m[KD:\workcode\game\warden\Source\WorldEdit\CTerrainBlight.cpp:39:26:[m[K [01;31m[Kerror: [m[Kinvalid use of
 incomplete type '[01m[Kclass CTerrain[m[K'
   39 |                 m_terrain[01;31m[K->[m[KSetFlags(tx, ty, flags);
      |                          [01;31m[K^~[m[K
[01m[KD:\workcode\game\warden\Source\WorldEdit\CTerrainBlight.h:6:7:[m[K [01;36m[Knote: [m[Kforward declaration
 of '[01m[Kclass CTerrain[m[K'
    6 | class [01;36m[KCTerrain[m[K;
      |       [01;36m[K^~~~~~~~[m[K
[01m[KD:\workcode\game\warden\Source\WorldEdit\CTerrainBlight.cpp:[m[K In member function '[01m[Kbool CTerrainBli
ght::[01;32m[KHasBlight[m[K(int32_t, int32_t) const[m[K':
[01m[KD:\workcode\game\warden\Source\WorldEdit\CTerrainBlight.cpp:48:18:[m[K [01;31m[Kerror: [m[Kinvalid use of
 incomplete type '[01m[Kclass CTerrain[m[K'
   48 |     if (m_terrain[01;31m[K->[m[KInBoundsInt(x, y)) {
      |                  [01;31m[K^~[m[K
[01m[KD:\workcode\game\warden\Source\WorldEdit\CTerrainBlight.h:6:7:[m[K [01;36m[Knote: [m[Kforward declaration
 of '[01m[Kclass CTerrain[m[K'
    6 | class [01;36m[KCTerrain[m[K;
      |       [01;36m[K^~~~~~~~[m[K
[01m[KD:\workcode\game\warden\Source\WorldEdit\CTerrainBlight.cpp:49:35:[m[K [01;31m[Kerror: [m[Kinvalid use of
 incomplete type '[01m[Kclass CTerrain[m[K'
   49 |         uint32_t flags = m_terrain[01;31m[K->[m[KGetFlags(x, y);
      |                                   [01;31m[K^~[m[K
[01m[KD:\workcode\game\warden\Source\WorldEdit\CTerrainBlight.h:6:7:[m[K [01;36m[Knote: [m[Kforward declaration
 of '[01m[Kclass CTerrain[m[K'
    6 | class [01;36m[KCTerrain[m[K;
      |       [01;36m[K^~~~~~~~[m[K
mingw32-make[3]: *** [CMakeFiles\warden.dir\build.make:7054: CMakeFiles/warden.dir/Source/WorldEdit/CTerrainBlight.cpp.
obj] Error 1
mingw32-make[3]: Target 'CMakeFiles/warden.dir/build' not remade because of errors.
mingw32-make[2]: *** [CMakeFiles\Makefile2:384: CMakeFiles/warden.dir/all] Error 2
mingw32-make[1]: *** [CMakeFiles\Makefile2:391: CMakeFiles/warden.dir/rule] Error 2
mingw32-make[1]: Target 'warden' not remade because of errors.
mingw32-make: *** [Makefile:178: warden] Error 2

